Component: ARM Compiler 5.06 update 4 (build 422) Tool: armlink [4d35d2]

==============================================================================

Section Cross References

    main.o(i.Bin_Collect) refers to stm32h7xx_hal_gpio.o(i.HAL_GPIO_ReadPin) for HAL_GPIO_ReadPin
    main.o(i.Bin_Select) refers to stm32h7xx_hal_gpio.o(i.HAL_GPIO_WritePin) for HAL_GPIO_WritePin
    main.o(i.EOT_Check) refers to stm32h7xx_hal_gpio.o(i.HAL_GPIO_ReadPin) for HAL_GPIO_ReadPin
    main.o(i.SendBintoP8) refers to main.o(i.Bin_Select) for Bin_Select
    main.o(i.SendBintoP8) refers to main.o(i.Bin_Collect) for Bin_Collect
    main.o(i.SendBintoP8) refers to usart.o(i.CRC_Sum) for CRC_Sum
    main.o(i.SendBintoP8) refers to stm32h7xx_hal_uart.o(i.HAL_UART_Transmit) for HAL_UART_Transmit
    main.o(i.SendBintoP8) refers to usart.o(.bss) for USART1_TX_BUF
    main.o(i.Start_Test) refers to stm32h7xx_hal_gpio.o(i.HAL_GPIO_WritePin) for HAL_GPIO_WritePin
    main.o(i.Start_Test) refers to delay.o(i.delay_ms) for delay_ms
    main.o(i.Usart_select) refers to stm32h7xx_hal_gpio.o(i.HAL_GPIO_WritePin) for HAL_GPIO_WritePin
    main.o(i.Usart_select) refers to delay.o(i.delay_ms) for delay_ms
    main.o(i.main) refers to _printf_percent.o(.ARM.Collect$$_printf_percent$$00000000) for _printf_percent
    main.o(i.main) refers to _printf_d.o(.ARM.Collect$$_printf_percent$$00000009) for _printf_d
    main.o(i.main) refers to _printf_dec.o(.text) for _printf_int_dec
    main.o(i.main) refers to _printf_pad.o(.text) for _printf_pre_padding
    main.o(i.main) refers to _printf_f.o(.ARM.Collect$$_printf_percent$$00000003) for _printf_f
    main.o(i.main) refers to printf1.o(x$fpl$printf1) for _printf_fp_dec
    main.o(i.main) refers to _printf_x.o(.ARM.Collect$$_printf_percent$$0000000C) for _printf_x
    main.o(i.main) refers to _printf_hex_int.o(.text) for _printf_longlong_hex
    main.o(i.main) refers to sys.o(i.Cache_Enable) for Cache_Enable
    main.o(i.main) refers to stm32h7xx_hal.o(i.HAL_Init) for HAL_Init
    main.o(i.main) refers to sys.o(i.Stm32_Clock_Init) for Stm32_Clock_Init
    main.o(i.main) refers to delay.o(i.delay_init) for delay_init
    main.o(i.main) refers to gpio.o(i.GPIO_All_Init) for GPIO_All_Init
    main.o(i.main) refers to usart.o(i.uart1_init) for uart1_init
    main.o(i.main) refers to usart.o(i.uart2_init) for uart2_init
    main.o(i.main) refers to usart.o(i.uart3_init) for uart3_init
    main.o(i.main) refers to usart.o(i.Usart1_Rec_Start) for Usart1_Rec_Start
    main.o(i.main) refers to main.o(i.Start_Test) for Start_Test
    main.o(i.main) refers to delay.o(i.delay_ms) for delay_ms
    main.o(i.main) refers to main.o(i.EOT_Check) for EOT_Check
    main.o(i.main) refers to main.o(i.SendBintoP8) for SendBintoP8
    main.o(i.main) refers to stm32h7xx_hal_gpio.o(i.HAL_GPIO_WritePin) for HAL_GPIO_WritePin
    main.o(i.main) refers to usart.o(i.Usart3_TData_Start) for Usart3_TData_Start
    main.o(i.main) refers to main.o(i.Usart_select) for Usart_select
    main.o(i.main) refers to stm32h7xx_hal_uart.o(i.HAL_UART_Transmit) for HAL_UART_Transmit
    main.o(i.main) refers to usart.o(i.Usart2_TData_Rec) for Usart2_TData_Rec
    main.o(i.main) refers to noretval__2printf.o(.text) for __2printf
    main.o(i.main) refers to usart.o(i.byte2Float) for byte2Float
    main.o(i.main) refers to usart.o(.data) for modebus_rec_flag2
    main.o(i.main) refers to usart.o(.bss) for USART2_TX_BUF
    main.o(i.main) refers to main.o(.conststring) for .conststring
    stm32h7xx_it.o(i.SysTick_Handler) refers to stm32h7xx_hal.o(i.HAL_IncTick) for HAL_IncTick
    system_stm32h7xx.o(i.SystemCoreClockUpdate) refers to system_stm32h7xx.o(.data) for SystemCoreClock
    system_stm32h7xx.o(i.SystemCoreClockUpdate) refers to system_stm32h7xx.o(.constdata) for D1CorePrescTable
    startup_stm32h743xx.o(STACK) refers (Special) to heapauxi.o(.text) for __use_two_region_memory
    startup_stm32h743xx.o(HEAP) refers (Special) to heapauxi.o(.text) for __use_two_region_memory
    startup_stm32h743xx.o(RESET) refers (Special) to heapauxi.o(.text) for __use_two_region_memory
    startup_stm32h743xx.o(RESET) refers to startup_stm32h743xx.o(STACK) for __initial_sp
    startup_stm32h743xx.o(RESET) refers to startup_stm32h743xx.o(.text) for Reset_Handler
    startup_stm32h743xx.o(RESET) refers to stm32h7xx_it.o(i.NMI_Handler) for NMI_Handler
    startup_stm32h743xx.o(RESET) refers to stm32h7xx_it.o(i.HardFault_Handler) for HardFault_Handler
    startup_stm32h743xx.o(RESET) refers to stm32h7xx_it.o(i.MemManage_Handler) for MemManage_Handler
    startup_stm32h743xx.o(RESET) refers to stm32h7xx_it.o(i.BusFault_Handler) for BusFault_Handler
    startup_stm32h743xx.o(RESET) refers to stm32h7xx_it.o(i.UsageFault_Handler) for UsageFault_Handler
    startup_stm32h743xx.o(RESET) refers to stm32h7xx_it.o(i.SVC_Handler) for SVC_Handler
[...]
    ..\\HALLIB\\STM32H7xx_HAL_Driver\\Src\\stm32h7xx_hal_gpio.c 0x00000000   Number         0  stm32h7xx_hal_gpio.o ABSOLUTE
    ..\\HALLIB\\STM32H7xx_HAL_Driver\\Src\\stm32h7xx_hal_iwdg.c 0x00000000   Number         0  stm32h7xx_hal_iwdg.o ABSOLUTE
    ..\\HALLIB\\STM32H7xx_HAL_Driver\\Src\\stm32h7xx_hal_mdma.c 0x00000000   Number         0  stm32h7xx_hal_mdma.o ABSOLUTE
    ..\\HALLIB\\STM32H7xx_HAL_Driver\\Src\\stm32h7xx_hal_pwr.c 0x00000000   Number         0  stm32h7xx_hal_pwr.o ABSOLUTE
    ..\\HALLIB\\STM32H7xx_HAL_Driver\\Src\\stm32h7xx_hal_pwr_ex.c 0x00000000   Number         0  stm32h7xx_hal_pwr_ex.o ABSOLUTE
    ..\\HALLIB\\STM32H7xx_HAL_Driver\\Src\\stm32h7xx_hal_rcc.c 0x00000000   Number         0  stm32h7xx_hal_rcc.o ABSOLUTE
    ..\\HALLIB\\STM32H7xx_HAL_Driver\\Src\\stm32h7xx_hal_rcc_ex.c 0x00000000   Number         0  stm32h7xx_hal_rcc_ex.o ABSOLUTE
    ..\\HALLIB\\STM32H7xx_HAL_Driver\\Src\\stm32h7xx_hal_tim.c 0x00000000   Number         0  stm32h7xx_hal_tim.o ABSOLUTE
    ..\\HALLIB\\STM32H7xx_HAL_Driver\\Src\\stm32h7xx_hal_tim_ex.c 0x00000000   Number         0  stm32h7xx_hal_tim_ex.o ABSOLUTE
    ..\\HALLIB\\STM32H7xx_HAL_Driver\\Src\\stm32h7xx_hal_uart.c 0x00000000   Number         0  stm32h7xx_hal_uart.o ABSOLUTE
    ..\\HALLIB\\STM32H7xx_HAL_Driver\\Src\\stm32h7xx_hal_uart_ex.c 0x00000000   Number         0  stm32h7xx_hal_uart_ex.o ABSOLUTE
    ..\\HALLIB\\STM32H7xx_HAL_Driver\\Src\\stm32h7xx_hal_usart.c 0x00000000   Number         0  stm32h7xx_hal_usart.o ABSOLUTE
    ..\\HARDWARE\\GPIO\\gpio.c               0x00000000   Number         0  gpio.o ABSOLUTE
    ..\\HARDWARE\\IWDG\\iwdg.c               0x00000000   Number         0  iwdg.o ABSOLUTE
    ..\\SYSTEM\\delay\\delay.c               0x00000000   Number         0  delay.o ABSOLUTE
    ..\\SYSTEM\\sys\\sys.c                   0x00000000   Number         0  sys.o ABSOLUTE
    ..\\SYSTEM\\usart\\usart.c               0x00000000   Number         0  usart.o ABSOLUTE
    dc.s                                     0x00000000   Number         0  dc.o ABSOLUTE
    main.c                                   0x00000000   Number         0  main.o ABSOLUTE
    main.c                                   0x00000000   Number         0  main.o ABSOLUTE
    stm32h7xx_hal_msp.c                      0x00000000   Number         0  stm32h7xx_hal_msp.o ABSOLUTE
    stm32h7xx_hal_msp.c                      0x00000000   Number         0  stm32h7xx_hal_msp.o ABSOLUTE
    stm32h7xx_it.c                           0x00000000   Number         0  stm32h7xx_it.o ABSOLUTE
    stm32h7xx_it.c                           0x00000000   Number         0  stm32h7xx_it.o ABSOLUTE
    system_stm32h7xx.c                       0x00000000   Number         0  system_stm32h7xx.o ABSOLUTE
    system_stm32h7xx.c                       0x00000000   Number         0  system_stm32h7xx.o ABSOLUTE
    RESET                                    0x08000000   Section      664  startup_stm32h743xx.o(RESET)
    !!!main                                  0x08000298   Section        8  __main.o(!!!main)
    !!!scatter                               0x080002a0   Section       52  __scatter.o(!!!scatter)
    !!handler_copy                           0x080002d4   Section       26  __scatter_copy.o(!!handler_copy)
    !!handler_zi                             0x080002f0   Section       28  __scatter_zi.o(!!handler_zi)
    .ARM.Collect$$_printf_percent$$00000000  0x0800030c   Section        0  _printf_percent.o(.ARM.Collect$$_printf_percent$$00000000)
    .ARM.Collect$$_printf_percent$$00000003  0x0800030c   Section        6  _printf_f.o(.ARM.Collect$$_printf_percent$$00000003)
    .ARM.Collect$$_printf_percent$$00000009  0x08000312   Section        6  _printf_d.o(.ARM.Collect$$_printf_percent$$00000009)
    .ARM.Collect$$_printf_percent$$0000000C  0x08000318   Section        6  _printf_x.o(.ARM.Collect$$_printf_percent$$0000000C)
    .ARM.Collect$$_printf_percent$$00000017  0x0800031e   Section        4  _printf_percent_end.o(.ARM.Collect$$_printf_percent$$00000017)
    .ARM.Collect$$libinit$$00000000          0x08000322   Section        2  libinit.o(.ARM.Collect$$libinit$$00000000)
    .ARM.Collect$$libinit$$00000001          0x08000324   Section        4  libinit2.o(.ARM.Collect$$libinit$$00000001)
    .ARM.Collect$$libinit$$00000004          0x08000328   Section        0  libinit2.o(.ARM.Collect$$libinit$$00000004)
    .ARM.Collect$$libinit$$0000000A          0x08000328   Section        0  libinit2.o(.ARM.Collect$$libinit$$0000000A)
    .ARM.Collect$$libinit$$0000000C          0x08000328   Section        0  libinit2.o(.ARM.Collect$$libinit$$0000000C)
    .ARM.Collect$$libinit$$0000000E          0x08000328   Section        0  libinit2.o(.ARM.Collect$$libinit$$0000000E)
    .ARM.Collect$$libinit$$0000000F          0x08000328   Section        6  libinit2.o(.ARM.Collect$$libinit$$0000000F)
    .ARM.Collect$$libinit$$00000011          0x0800032e   Section        0  libinit2.o(.ARM.Collect$$libinit$$00000011)
    .ARM.Collect$$libinit$$00000013          0x0800032e   Section        0  libinit2.o(.ARM.Collect$$libinit$$00000013)
    .ARM.Collect$$libinit$$00000015          0x0800032e   Section        0  libinit2.o(.ARM.Collect$$libinit$$00000015)
    .ARM.Collect$$libinit$$00000016          0x0800032e   Section       10  libinit2.o(.ARM.Collect$$libinit$$00000016)
    .ARM.Collect$$libinit$$00000017          0x08000338   Section        0  libinit2.o(.ARM.Collect$$libinit$$00000017)
    .ARM.Collect$$libinit$$00000019          0x08000338   Section        0  libinit2.o(.ARM.Collect$$libinit$$00000019)
    .ARM.Collect$$libinit$$0000001B          0x08000338   Section        0  libinit2.o(.ARM.Collect$$libinit$$0000001B)
    .ARM.Collect$$libinit$$0000001D          0x08000338   Section        0  libinit2.o(.ARM.Collect$$libinit$$0000001D)
    .ARM.Collect$$libinit$$0000001F          0x08000338   Section        0  libinit2.o(.ARM.Collect$$libinit$$0000001F)
    .ARM.Collect$$libinit$$00000021          0x08000338   Section        0  libinit2.o(.ARM.Collect$$libinit$$00000021)
    .ARM.Collect$$libinit$$00000023          0x08000338   Section        0  libinit2.o(.ARM.Collect$$libinit$$00000023)
    .ARM.Collect$$libinit$$00000025          0x08000338   Section        0  libinit2.o(.ARM.Collect$$libinit$$00000025)
    .ARM.Collect$$libinit$$0000002C          0x08000338   Section        0  libinit2.o(.ARM.Collect$$libinit$$0000002C)
    .ARM.Collect$$libinit$$0000002E          0x08000338   Section        0  libinit2.o(.ARM.Collect$$libinit$$0000002E)
    .ARM.Collect$$libinit$$00000030          0x08000338   Section        0  libinit2.o(.ARM.Collect$$libinit$$00000030)
    .ARM.Collect$$libinit$$00000032          0x08000338   Section        0  libinit2.o(.ARM.Collect$$libinit$$00000032)
    .ARM.Collect$$libinit$$00000033          0x08000338   Section        2  libinit2.o(.ARM.Collect$$libinit$$00000033)
    .ARM.Collect$$libshutdown$$00000000      0x0800033a   Section        2  libshutdown.o(.ARM.Collect$$libshutdown$$00000000)
    .ARM.Collect$$libshutdown$$00000002      0x0800033c   Section        0  libshutdown2.o(.ARM.Collect$$libshutdown$$00000002)
    .ARM.Collect$$libshutdown$$00000004      0x0800033c   Section        0  libshutdown2.o(.ARM.Collect$$libshutdown$$00000004)
    .ARM.Collect$$libshutdown$$00000007      0x0800033c   Section        0  libshutdown2.o(.ARM.Collect$$libshutdown$$00000007)
    .ARM.Collect$$libshutdown$$0000000A      0x0800033c   Section        0  libshutdown2.o(.ARM.Collect$$libshutdown$$0000000A)
    .ARM.Collect$$libshutdown$$0000000C      0x0800033c   Section        0  libshutdown2.o(.ARM.Collect$$libshutdown$$0000000C)
    .ARM.Collect$$libshutdown$$0000000F      0x0800033c   Section        0  libshutdown2.o(.ARM.Collect$$libshutdown$$0000000F)
    .ARM.Collect$$libshutdown$$00000010      0x0800033c   Section        2  libshutdown2.o(.ARM.Collect$$libshutdown$$00000010)
    .ARM.Collect$$rtentry$$00000000          0x0800033e   Section        0  __rtentry.o(.ARM.Collect$$rtentry$$00000000)
    .ARM.Collect$$rtentry$$00000002          0x0800033e   Section        0  __rtentry2.o(.ARM.Collect$$rtentry$$00000002)
    .ARM.Collect$$rtentry$$00000004          0x0800033e   Section        6  __rtentry4.o(.ARM.Collect$$rtentry$$00000004)
    .ARM.Collect$$rtentry$$00000009          0x08000344   Section        0  __rtentry2.o(.ARM.Collect$$rtentry$$00000009)
    .ARM.Collect$$rtentry$$0000000A          0x08000344   Section        4  __rtentry2.o(.ARM.Collect$$rtentry$$0000000A)
    .ARM.Collect$$rtentry$$0000000C          0x08000348   Section        0  __rtentry2.o(.ARM.Collect$$rtentry$$0000000C)
    .ARM.Collect$$rtentry$$0000000D          0x08000348   Section        8  __rtentry2.o(.ARM.Collect$$rtentry$$0000000D)
    .ARM.Collect$$rtexit$$00000000           0x08000350   Section        2  rtexit.o(.ARM.Collect$$rtexit$$00000000)
    .ARM.Collect$$rtexit$$00000002           0x08000352   Section        0  rtexit2.o(.ARM.Collect$$rtexit$$00000002)
    .ARM.Collect$$rtexit$$00000003           0x08000352   Section        4  rtexit2.o(.ARM.Collect$$rtexit$$00000003)
    .ARM.Collect$$rtexit$$00000004           0x08000356   Section        6  rtexit2.o(.ARM.Collect$$rtexit$$00000004)
    .text                                    0x0800035c   Section       64  startup_stm32h743xx.o(.text)
    $v0                                      0x0800035c   Number         0  startup_stm32h743xx.o(.text)
    .text                                    0x0800039c   Section      238  lludivv7m.o(.text)
    .text                                    0x0800048c   Section        0  noretval__2printf.o(.text)
    .text                                    0x080004a4   Section        0  _printf_pad.o(.text)
    .text                                    0x080004f4   Section        0  _printf_dec.o(.text)
    .text                                    0x0800056c   Section        0  _printf_hex_int.o(.text)
    .text                                    0x080005c4   Section        0  __printf_wp.o(.text)
    .text                                    0x080006d2   Section        0  heapauxi.o(.text)
    .text                                    0x080006d8   Section        0  _printf_intcommon.o(.text)
    .text                                    0x0800078a   Section        0  _printf_fp_dec.o(.text)
    _fp_digits                               0x0800078d   Thumb Code   428  _printf_fp_dec.o(.text)
    .text                                    0x08000ba4   Section        0  _printf_char_file.o(.text)
    .text                                    0x08000bc8   Section        8  rt_locale_intlibspace.o(.text)
    .text                                    0x08000bd0   Section      138  lludiv10.o(.text)
    .text                                    0x08000c5c   Section        0  _printf_char_common.o(.text)
    _printf_input_char                       0x08000c5d   Thumb Code    10  _printf_char_common.o(.text)
    .text                                    0x08000c8c   Section        0  _printf_fp_infnan.o(.text)
    .text                                    0x08000d0c   Section        0  bigflt0.o(.text)
    .text                                    0x08000de8   Section        0  ferror.o(.text)
    .text                                    0x08000df0   Section        8  libspace.o(.text)
    .text                                    0x08000df8   Section       74  sys_stackheap_outer.o(.text)
    .text                                    0x08000e42   Section        0  exit.o(.text)
    .text                                    0x08000e54   Section      104  strcmpv7m_pel.o(.text)
    CL$$btod_d2e                             0x08000ebc   Section       62  btod.o(CL$$btod_d2e)
    CL$$btod_d2e_denorm_low                  0x08000efa   Section       70  btod.o(CL$$btod_d2e_denorm_low)
    CL$$btod_d2e_norm_op1                    0x08000f40   Section       96  btod.o(CL$$btod_d2e_norm_op1)
    CL$$btod_div_common                      0x08000fa0   Section      824  btod.o(CL$$btod_div_common)
    CL$$btod_e2e                             0x080012d8   Section      198  btod.o(CL$$btod_e2e)
    CL$$btod_ediv                            0x0800139e   Section       40  btod.o(CL$$btod_ediv)
    CL$$btod_emul                            0x080013c6   Section       40  btod.o(CL$$btod_emul)
    CL$$btod_mult_common                     0x080013ee   Section      580  btod.o(CL$$btod_mult_common)
    i.Bin_Collect                            0x08001634   Section        0  main.o(i.Bin_Collect)
    i.Bin_Select                             0x08001684   Section        0  main.o(i.Bin_Select)
    i.BusFault_Handler                       0x080016a4   Section        0  stm32h7xx_it.o(i.BusFault_Handler)
    i.CRC_Sum                                0x080016a8   Section        0  usart.o(i.CRC_Sum)
    i.Cache_Enable                           0x080016c0   Section        0  sys.o(i.Cache_Enable)
    i.DebugMon_Handler                       0x080016dc   Section        0  stm32h7xx_it.o(i.DebugMon_Handler)
    i.EOT_Check                              0x080016e0   Section        0  main.o(i.EOT_Check)
    i.GPIO_All_Init                          0x08001780   Section        0  gpio.o(i.GPIO_All_Init)
    i.HAL_DMA_Abort_IT                       0x08001b10   Section        0  stm32h7xx_hal_dma.o(i.HAL_DMA_Abort_IT)
    i.HAL_EnableCompensationCell             0x08001c08   Section        0  stm32h7xx_hal.o(i.HAL_EnableCompensationCell)
    i.HAL_GPIO_Init                          0x08001c1c   Section        0  stm32h7xx_hal_gpio.o(i.HAL_GPIO_Init)
    i.HAL_GPIO_ReadPin                       0x08001e68   Section        0  stm32h7xx_hal_gpio.o(i.HAL_GPIO_ReadPin)
    i.HAL_GPIO_WritePin                      0x08001e78   Section        0  stm32h7xx_hal_gpio.o(i.HAL_GPIO_WritePin)
    i.HAL_GetTick                            0x08001e84   Section        0  stm32h7xx_hal.o(i.HAL_GetTick)
    i.HAL_IncTick                            0x08001e90   Section        0  stm32h7xx_hal.o(i.HAL_IncTick)
    i.HAL_Init                               0x08001ea8   Section        0  stm32h7xx_hal.o(i.HAL_Init)
    i.HAL_InitTick                           0x08001ec4   Section        0  stm32h7xx_hal.o(i.HAL_InitTick)
    i.HAL_MspInit                            0x08001f10   Section        0  stm32h7xx_hal_msp.o(i.HAL_MspInit)
    i.HAL_NVIC_EnableIRQ                     0x08001f12   Section        0  stm32h7xx_hal_cortex.o(i.HAL_NVIC_EnableIRQ)
    i.HAL_NVIC_SetPriority                   0x08001f32   Section        0  stm32h7xx_hal_cortex.o(i.HAL_NVIC_SetPriority)
    i.HAL_NVIC_SetPriorityGrouping           0x08001fac   Section        0  stm32h7xx_hal_cortex.o(i.HAL_NVIC_SetPriorityGrouping)
    i.HAL_RCCEx_GetD1SysClockFreq            0x08001fd4   Section        0  stm32h7xx_hal_rcc_ex.o(i.HAL_RCCEx_GetD1SysClockFreq)
    i.HAL_RCCEx_GetD3PCLK1Freq               0x0800200c   Section        0  stm32h7xx_hal_rcc_ex.o(i.HAL_RCCEx_GetD3PCLK1Freq)
    i.HAL_RCCEx_GetPLL2ClockFreq             0x08002038   Section        0  stm32h7xx_hal_rcc_ex.o(i.HAL_RCCEx_GetPLL2ClockFreq)
    i.HAL_RCCEx_GetPLL3ClockFreq             0x08002264   Section        0  stm32h7xx_hal_rcc_ex.o(i.HAL_RCCEx_GetPLL3ClockFreq)
    i.HAL_RCC_ClockConfig                    0x08002490   Section        0  stm32h7xx_hal_rcc.o(i.HAL_RCC_ClockConfig)
    i.HAL_RCC_GetHCLKFreq                    0x080026e0   Section        0  stm32h7xx_hal_rcc.o(i.HAL_RCC_GetHCLKFreq)
    i.HAL_RCC_GetPCLK1Freq                   0x08002718   Section        0  stm32h7xx_hal_rcc.o(i.HAL_RCC_GetPCLK1Freq)
    i.HAL_RCC_GetPCLK2Freq                   0x08002744   Section        0  stm32h7xx_hal_rcc.o(i.HAL_RCC_GetPCLK2Freq)
    i.HAL_RCC_GetSysClockFreq                0x08002770   Section        0  stm32h7xx_hal_rcc.o(i.HAL_RCC_GetSysClockFreq)
    i.HAL_RCC_OscConfig                      0x080029b4   Section        0  stm32h7xx_hal_rcc.o(i.HAL_RCC_OscConfig)
    i.HAL_SYSTICK_CLKSourceConfig            0x08003078   Section        0  stm32h7xx_hal_cortex.o(i.HAL_SYSTICK_CLKSourceConfig)
    i.HAL_SYSTICK_Config                     0x080030a0   Section        0  stm32h7xx_hal_cortex.o(i.HAL_SYSTICK_Config)
    i.HAL_UARTEx_WakeupCallback              0x080030d4   Section        0  stm32h7xx_hal_uart_ex.o(i.HAL_UARTEx_WakeupCallback)
    i.HAL_UART_ErrorCallback                 0x080030d6   Section        0  stm32h7xx_hal_uart.o(i.HAL_UART_ErrorCallback)
    i.HAL_UART_GetState                      0x080030d8   Section        0  stm32h7xx_hal_uart.o(i.HAL_UART_GetState)
    i.HAL_UART_IRQHandler                    0x080030ec   Section        0  stm32h7xx_hal_uart.o(i.HAL_UART_IRQHandler)
    i.HAL_UART_Init                          0x080032a8   Section        0  stm32h7xx_hal_uart.o(i.HAL_UART_Init)
    i.HAL_UART_MspInit                       0x08003320   Section        0  usart.o(i.HAL_UART_MspInit)
    i.HAL_UART_Receive_IT                    0x080034c0   Section        0  stm32h7xx_hal_uart.o(i.HAL_UART_Receive_IT)
    i.HAL_UART_RxCpltCallback                0x080035a0   Section        0  usart.o(i.HAL_UART_RxCpltCallback)
    i.HAL_UART_Transmit                      0x08003764   Section        0  stm32h7xx_hal_uart.o(i.HAL_UART_Transmit)
    i.HAL_UART_TxCpltCallback                0x0800382a   Section        0  stm32h7xx_hal_uart.o(i.HAL_UART_TxCpltCallback)
    i.HardFault_Handler                      0x0800382c   Section        0  stm32h7xx_it.o(i.HardFault_Handler)
    i.MemManage_Handler                      0x08003830   Section        0  stm32h7xx_it.o(i.MemManage_Handler)
    i.NMI_Handler                            0x08003834   Section        0  stm32h7xx_it.o(i.NMI_Handler)
    i.PendSV_Handler                         0x08003836   Section        0  stm32h7xx_it.o(i.PendSV_Handler)
    i.SCB_EnableDCache                       0x08003838   Section        0  sys.o(i.SCB_EnableDCache)
    SCB_EnableDCache                         0x08003839   Thumb Code   148  sys.o(i.SCB_EnableDCache)
    i.SCB_EnableICache                       0x080038d4   Section        0  sys.o(i.SCB_EnableICache)
    SCB_EnableICache                         0x080038d5   Thumb Code   116  sys.o(i.SCB_EnableICache)
    i.SVC_Handler                            0x08003950   Section        0  stm32h7xx_it.o(i.SVC_Handler)
    i.SendBintoP8                            0x08003954   Section        0  main.o(i.SendBintoP8)
    i.Start_Test                             0x080039ec   Section        0  main.o(i.Start_Test)
    i.Stm32_Clock_Init                       0x08003a30   Section        0  sys.o(i.Stm32_Clock_Init)
    i.SysTick_Handler                        0x08003b28   Section        0  stm32h7xx_it.o(i.SysTick_Handler)
    i.SystemInit                             0x08003b30   Section        0  system_stm32h7xx.o(i.SystemInit)
    i.UART_AdvFeatureConfig                  0x08003bc4   Section        0  stm32h7xx_hal_uart.o(i.UART_AdvFeatureConfig)
    i.UART_CheckIdleState                    0x08003cae   Section        0  stm32h7xx_hal_uart.o(i.UART_CheckIdleState)
    i.UART_DMAAbortOnError                   0x08003d22   Section        0  stm32h7xx_hal_uart.o(i.UART_DMAAbortOnError)
    UART_DMAAbortOnError                     0x08003d23   Thumb Code    24  stm32h7xx_hal_uart.o(i.UART_DMAAbortOnError)
    i.UART_EndRxTransfer                     0x08003d3a   Section        0  stm32h7xx_hal_uart.o(i.UART_EndRxTransfer)
    UART_EndRxTransfer                       0x08003d3b   Thumb Code    32  stm32h7xx_hal_uart.o(i.UART_EndRxTransfer)
    i.UART_EndTransmit_IT                    0x08003d5a   Section        0  stm32h7xx_hal_uart.o(i.UART_EndTransmit_IT)
    UART_EndTransmit_IT                      0x08003d5b   Thumb Code    32  stm32h7xx_hal_uart.o(i.UART_EndTransmit_IT)
    i.UART_Receive_IT                        0x08003d7a   Section        0  stm32h7xx_hal_uart.o(i.UART_Receive_IT)
    UART_Receive_IT                          0x08003d7b   Thumb Code   138  stm32h7xx_hal_uart.o(i.UART_Receive_IT)
    i.UART_SetConfig                         0x08003e04   Section        0  stm32h7xx_hal_uart.o(i.UART_SetConfig)
    i.UART_Transmit_IT                       0x080047a8   Section        0  stm32h7xx_hal_uart.o(i.UART_Transmit_IT)
    UART_Transmit_IT                         0x080047a9   Thumb Code   130  stm32h7xx_hal_uart.o(i.UART_Transmit_IT)
    i.UART_WaitOnFlagUntilTimeout            0x0800482a   Section        0  stm32h7xx_hal_uart.o(i.UART_WaitOnFlagUntilTimeout)
    i.USART1_IRQHandler                      0x08004898   Section        0  usart.o(i.USART1_IRQHandler)
    i.USART2_IRQHandler                      0x080048e8   Section        0  usart.o(i.USART2_IRQHandler)
    i.USART3_IRQHandler                      0x08004938   Section        0  usart.o(i.USART3_IRQHandler)
    i.UsageFault_Handler                     0x08004988   Section        0  stm32h7xx_it.o(i.UsageFault_Handler)
    i.Usart1_Rec_Start                       0x0800498c   Section        0  usart.o(i.Usart1_Rec_Start)
    i.Usart2_TData_Rec                       0x08004acc   Section        0  usart.o(i.Usart2_TData_Rec)
    i.Usart3_TData_Start                     0x08004b1c   Section        0  usart.o(i.Usart3_TData_Start)
    i.Usart_select                           0x08004b64   Section        0  main.o(i.Usart_select)
    i.__ARM_fpclassify                       0x08004b90   Section        0  fpclassify.o(i.__ARM_fpclassify)
    i.__NVIC_GetPriorityGrouping             0x08004bc0   Section        0  stm32h7xx_hal_cortex.o(i.__NVIC_GetPriorityGrouping)
    __NVIC_GetPriorityGrouping               0x08004bc1   Thumb Code    10  stm32h7xx_hal_cortex.o(i.__NVIC_GetPriorityGrouping)
    i.__NVIC_SetPriority                     0x08004bd0   Section        0  stm32h7xx_hal_cortex.o(i.__NVIC_SetPriority)
    __NVIC_SetPriority                       0x08004bd1   Thumb Code    32  stm32h7xx_hal_cortex.o(i.__NVIC_SetPriority)
    i._is_digit                              0x08004bf8   Section        0  __printf_wp.o(i._is_digit)
    i._sys_exit                              0x08004c06   Section        0  usart.o(i._sys_exit)
    i.byte2Float                             0x08004c0a   Section        0  usart.o(i.byte2Float)
    i.delay_init                             0x08004c10   Section        0  delay.o(i.delay_init)
    i.delay_ms                               0x08004c24   Section        0  delay.o(i.delay_ms)
    i.delay_us                               0x08004c3c   Section        0  delay.o(i.delay_us)
    i.fputc                                  0x08004c84   Section        0  usart.o(i.fputc)
    i.main                                   0x08004ca0   Section        0  main.o(i.main)
    i.uart1_init                             0x08004f04   Section        0  usart.o(i.uart1_init)
    i.uart2_init                             0x08004f3c   Section        0  usart.o(i.uart2_init)
    i.uart3_init                             0x08004f74   Section        0  usart.o(i.uart3_init)
    locale$$code                             0x08004fac   Section       44  lc_numeric_c.o(locale$$code)
    x$fpl$fpinit                             0x08004fd8   Section       10  fpinit.o(x$fpl$fpinit)
    $v0                                      0x08004fd8   Number         0  fpinit.o(x$fpl$fpinit)
    x$fpl$printf1                            0x08004fe2   Section        4  printf1.o(x$fpl$printf1)
    $v0                                      0x08004fe2   Number         0  printf1.o(x$fpl$printf1)
    .constdata                               0x08004fe6   Section       64  system_stm32h7xx.o(.constdata)
    x$fpl$usenofp                            0x08004fe6   Section        0  usenofp.o(x$fpl$usenofp)
    UARTPrescTable                           0x08004fe6   Data          24  system_stm32h7xx.o(.constdata)
    USARTPrescTable                          0x08004ffe   Data          24  system_stm32h7xx.o(.constdata)
    .constdata                               0x08005026   Section       48  stm32h7xx_hal_uart.o(.constdata)
    UARTPrescTable                           0x08005026   Data          24  stm32h7xx_hal_uart.o(.constdata)
    USARTPrescTable                          0x0800503e   Data          24  stm32h7xx_hal_uart.o(.constdata)
    .constdata                               0x08005056   Section       40  _printf_hex_int.o(.constdata)
    uc_hextab                                0x08005056   Data          20  _printf_hex_int.o(.constdata)
    lc_hextab                                0x0800506a   Data          20  _printf_hex_int.o(.constdata)
    .constdata                               0x08005080   Section      148  bigflt0.o(.constdata)
    tenpwrs_x                                0x08005080   Data          60  bigflt0.o(.constdata)
    tenpwrs_i                                0x080050bc   Data          64  bigflt0.o(.constdata)
    .conststring                             0x08005114   Section      497  main.o(.conststring)
    locale$$data                             0x08005328   Section       28  lc_numeric_c.o(locale$$data)
    __lcnum_c_name                           0x0800532c   Data           2  lc_numeric_c.o(locale$$data)
    __lcnum_c_start                          0x08005334   Data           0  lc_numeric_c.o(locale$$data)
    __lcnum_c_point                          0x08005340   Data           0  lc_numeric_c.o(locale$$data)
    __lcnum_c_thousands                      0x08005342   Data           0  lc_numeric_c.o(locale$$data)
    __lcnum_c_grouping                       0x08005343   Data           0  lc_numeric_c.o(locale$$data)
    __lcnum_c_end                            0x08005344   Data           0  lc_numeric_c.o(locale$$data)
    .data                                    0x24000000   Section        8  system_stm32h7xx.o(.data)
    .data                                    0x24000008   Section        4  delay.o(.data)
    fac_us                                   0x24000008   Data           4  delay.o(.data)
    .data                                    0x2400000c   Section       53  usart.o(.data)
    .data                                    0x24000044   Section        9  stm32h7xx_hal.o(.data)
    uwTick                                   0x24000044   Data           4  stm32h7xx_hal.o(.data)
    uwTickPrio                               0x24000048   Data           4  stm32h7xx_hal.o(.data)
    uwTickFreq                               0x2400004c   Data           1  stm32h7xx_hal.o(.data)
    .bss                                     0x24000050   Section      780  usart.o(.bss)
    .bss                                     0x2400035c   Section       96  libspace.o(.bss)
    HEAP                                     0x240003c0   Section      512  startup_stm32h743xx.o(HEAP)
    Heap_Mem                                 0x240003c0   Data         512  startup_stm32h743xx.o(HEAP)
    STACK                                    0x240005c0   Section     1024  startup_stm32h743xx.o(STACK)
    Stack_Mem                                0x240005c0   Data        1024  startup_stm32h743xx.o(STACK)
    __initial_sp                             0x240009c0   Data           0  startup_stm32h743xx.o(STACK)

    Global Symbols

    Symbol Name                              Value     Ov Type        Size  Object(Section)

    BuildAttributes$$THM_ISAv4$E$P$D$K$B$S$7EM$VFPv5_D16$PE$PLD8$A:L22UL41UL21$X:L11$S22US41US21$IEEE1$IW$USESV6$~STKCKD$USESV7$~SHL$OTIME$ROPI$IEEEJ$EBA8$UX$STANDARDLIB$REQ8$PRES8$EABIv2 0x00000000   Number         0  anon$$obj.o ABSOLUTE
    __ARM_use_no_argv                        0x00000000   Number         0  main.o ABSOLUTE
    _printf_flags                            0x00000000   Number         0  printf_stubs.o ABSOLUTE
    _printf_return_value                     0x00000000   Number         0  printf_stubs.o ABSOLUTE
    _printf_sizespec                         0x00000000   Number         0  printf_stubs.o ABSOLUTE
    _printf_widthprec                        0x00000000   Number         0  printf_stubs.o ABSOLUTE
    __ARM_exceptions_init                     - Undefined Weak Reference
    __alloca_initialize                       - Undefined Weak Reference
    __arm_preinit_                            - Undefined Weak Reference
    __cpp_initialize__aeabi_                  - Undefined Weak Reference
    __cxa_finalize                            - Undefined Weak Reference
    __sigvec_lookup                           - Undefined Weak Reference
    _atexit_init                              - Undefined Weak Reference
    _call_atexit_fns                          - Undefined Weak Reference
    _clock_init                               - Undefined Weak Reference
    _fp_trap_init                             - Undefined Weak Reference
    _fp_trap_shutdown                         - Undefined Weak Reference
    _get_lc_collate                           - Undefined Weak Reference
    _get_lc_ctype                             - Undefined Weak Reference
    _get_lc_monetary                          - Undefined Weak Reference
    _get_lc_time                              - Undefined Weak Reference
    _getenv_init                              - Undefined Weak Reference
    _handle_redirection                       - Undefined Weak Reference
    _init_alloc                               - Undefined Weak Reference
    _init_user_alloc                          - Undefined Weak Reference
    _initio                                   - Undefined Weak Reference
    _mutex_acquire                            - Undefined Weak Reference
    _mutex_release                            - Undefined Weak Reference
    _printf_truncate_signed                   - Undefined Weak Reference
    _printf_truncate_unsigned                 - Undefined Weak Reference
    _rand_init                                - Undefined Weak Reference
    _signal_finish                            - Undefined Weak Reference
    _signal_init                              - Undefined Weak Reference
    _terminate_alloc                          - Undefined Weak Reference
    _terminate_user_alloc                     - Undefined Weak Reference
    _terminateio                              - Undefined Weak Reference
    __Vectors_Size                           0x00000298   Number         0  startup_stm32h743xx.o ABSOLUTE
    __Vectors                                0x08000000   Data           4  startup_stm32h743xx.o(RESET)
    __Vectors_End                            0x08000298   Data           0  startup_stm32h743xx.o(RESET)
    __main                                   0x08000299   Thumb Code     8  __main.o(!!!main)
    __scatterload                            0x080002a1   Thumb Code     0  __scatter.o(!!!scatter)
    __scatterload_rt2                        0x080002a1   Thumb Code    44  __scatter.o(!!!scatter)
    __scatterload_rt2_thumb_only             0x080002a1   Thumb Code     0  __scatter.o(!!!scatter)
    __scatterload_null                       0x080002af   Thumb Code     0  __scatter.o(!!!scatter)
    __scatterload_copy                       0x080002d5   Thumb Code    26  __scatter_copy.o(!!handler_copy)
    __scatterload_zeroinit                   0x080002f1   Thumb Code    28  __scatter_zi.o(!!handler_zi)
    _printf_f                                0x0800030d   Thumb Code     0  _printf_f.o(.ARM.Collect$$_printf_percent$$00000003)
    _printf_percent                          0x0800030d   Thumb Code     0  _printf_percent.o(.ARM.Collect$$_printf_percent$$00000000)
    _printf_d                                0x08000313   Thumb Code     0  _printf_d.o(.ARM.Collect$$_printf_percent$$00000009)
    _printf_x                                0x08000319   Thumb Code     0  _printf_x.o(.ARM.Collect$$_printf_percent$$0000000C)
    _printf_percent_end                      0x0800031f   Thumb Code     0  _printf_percent_end.o(.ARM.Collect$$_printf_percent$$00000017)
    __rt_lib_init                            0x08000323   Thumb Code     0  libinit.o(.ARM.Collect$$libinit$$00000000)
    __rt_lib_init_fp_1                       0x08000325   Thumb Code     0  libinit2.o(.ARM.Collect$$libinit$$00000001)
    __rt_lib_init_heap_1                     0x08000329   Thumb Code     0  libinit2.o(.ARM.Collect$$libinit$$0000000A)
    __rt_lib_init_lc_common                  0x08000329   Thumb Code     0  libinit2.o(.ARM.Collect$$libinit$$0000000F)
    __rt_lib_init_preinit_1                  0x08000329   Thumb Code     0  libinit2.o(.ARM.Collect$$libinit$$00000004)
    __rt_lib_init_rand_1                     0x08000329   Thumb Code     0  libinit2.o(.ARM.Collect$$libinit$$0000000E)
    __rt_lib_init_user_alloc_1               0x08000329   Thumb Code     0  libinit2.o(.ARM.Collect$$libinit$$0000000C)
    __rt_lib_init_lc_collate_1               0x0800032f   Thumb Code     0  libinit2.o(.ARM.Collect$$libinit$$00000011)
    __rt_lib_init_lc_ctype_1                 0x0800032f   Thumb Code     0  libinit2.o(.ARM.Collect$$libinit$$00000013)
    __rt_lib_init_lc_monetary_1              0x0800032f   Thumb Code     0  libinit2.o(.ARM.Collect$$libinit$$00000015)
    __rt_lib_init_lc_numeric_2               0x0800032f   Thumb Code     0  libinit2.o(.ARM.Collect$$libinit$$00000016)
    __rt_lib_init_alloca_1                   0x08000339   Thumb Code     0  libinit2.o(.ARM.Collect$$libinit$$0000002E)
    __rt_lib_init_argv_1                     0x08000339   Thumb Code     0  libinit2.o(.ARM.Collect$$libinit$$0000002C)
    __rt_lib_init_atexit_1                   0x08000339   Thumb Code     0  libinit2.o(.ARM.Collect$$libinit$$0000001B)
    __rt_lib_init_clock_1                    0x08000339   Thumb Code     0  libinit2.o(.ARM.Collect$$libinit$$00000021)
    __rt_lib_init_cpp_1                      0x08000339   Thumb Code     0  libinit2.o(.ARM.Collect$$libinit$$00000032)
    __rt_lib_init_exceptions_1               0x08000339   Thumb Code     0  libinit2.o(.ARM.Collect$$libinit$$00000030)
    __rt_lib_init_fp_trap_1                  0x08000339   Thumb Code     0  libinit2.o(.ARM.Collect$$libinit$$0000001F)
    __rt_lib_init_getenv_1                   0x08000339   Thumb Code     0  libinit2.o(.ARM.Collect$$libinit$$00000023)
    __rt_lib_init_lc_numeric_1               0x08000339   Thumb Code     0  libinit2.o(.ARM.Collect$$libinit$$00000017)
    __rt_lib_init_lc_time_1                  0x08000339   Thumb Code     0  libinit2.o(.ARM.Collect$$libinit$$00000019)
    __rt_lib_init_return                     0x08000339   Thumb Code     0  libinit2.o(.ARM.Collect$$libinit$$00000033)
    __rt_lib_init_signal_1                   0x08000339   Thumb Code     0  libinit2.o(.ARM.Collect$$libinit$$0000001D)
    __rt_lib_init_stdio_1                    0x08000339   Thumb Code     0  libinit2.o(.ARM.Collect$$libinit$$00000025)
    __rt_lib_shutdown                        0x0800033b   Thumb Code     0  libshutdown.o(.ARM.Collect$$libshutdown$$00000000)
    __rt_lib_shutdown_cpp_1                  0x0800033d   Thumb Code     0  libshutdown2.o(.ARM.Collect$$libshutdown$$00000002)
    __rt_lib_shutdown_fp_trap_1              0x0800033d   Thumb Code     0  libshutdown2.o(.ARM.Collect$$libshutdown$$00000007)
    __rt_lib_shutdown_heap_1                 0x0800033d   Thumb Code     0  libshutdown2.o(.ARM.Collect$$libshutdown$$0000000F)
    __rt_lib_shutdown_return                 0x0800033d   Thumb Code     0  libshutdown2.o(.ARM.Collect$$libshutdown$$00000010)
    __rt_lib_shutdown_signal_1               0x0800033d   Thumb Code     0  libshutdown2.o(.ARM.Collect$$libshutdown$$0000000A)
    __rt_lib_shutdown_stdio_1                0x0800033d   Thumb Code     0  libshutdown2.o(.ARM.Collect$$libshutdown$$00000004)
    __rt_lib_shutdown_user_alloc_1           0x0800033d   Thumb Code     0  libshutdown2.o(.ARM.Collect$$libshutdown$$0000000C)
    __rt_entry                               0x0800033f   Thumb Code     0  __rtentry.o(.ARM.Collect$$rtentry$$00000000)
    __rt_entry_presh_1                       0x0800033f   Thumb Code     0  __rtentry2.o(.ARM.Collect$$rtentry$$00000002)
    __rt_entry_sh                            0x0800033f   Thumb Code     0  __rtentry4.o(.ARM.Collect$$rtentry$$00000004)
    __rt_entry_li                            0x08000345   Thumb Code     0  __rtentry2.o(.ARM.Collect$$rtentry$$0000000A)
    __rt_entry_postsh_1                      0x08000345   Thumb Code     0  __rtentry2.o(.ARM.Collect$$rtentry$$00000009)
    __rt_entry_main                          0x08000349   Thumb Code     0  __rtentry2.o(.ARM.Collect$$rtentry$$0000000D)
    __rt_entry_postli_1                      0x08000349   Thumb Code     0  __rtentry2.o(.ARM.Collect$$rtentry$$0000000C)
    __rt_exit                                0x08000351   Thumb Code     0  rtexit.o(.ARM.Collect$$rtexit$$00000000)
    __rt_exit_ls                             0x08000353   Thumb Code     0  rtexit2.o(.ARM.Collect$$rtexit$$00000003)
    __rt_exit_prels_1                        0x08000353   Thumb Code     0  rtexit2.o(.ARM.Collect$$rtexit$$00000002)
    __rt_exit_exit                           0x08000357   Thumb Code     0  rtexit2.o(.ARM.Collect$$rtexit$$00000004)
    Reset_Handler                            0x0800035d   Thumb Code     8  startup_stm32h743xx.o(.text)
    ADC3_IRQHandler                          0x08000377   Thumb Code     0  startup_stm32h743xx.o(.text)
    ADC_IRQHandler                           0x08000377   Thumb Code     0  startup_stm32h743xx.o(.text)
    BDMA_Channel0_IRQHandler                 0x08000377   Thumb Code     0  startup_stm32h743xx.o(.text)
    BDMA_Channel1_IRQHandler                 0x08000377   Thumb Code     0  startup_stm32h743xx.o(.text)
    BDMA_Channel2_IRQHandler                 0x08000377   Thumb Code     0  startup_stm32h743xx.o(.text)
    BDMA_Channel3_IRQHandler                 0x08000377   Thumb Code     0  startup_stm32h743xx.o(.text)
    BDMA_Channel4_IRQHandler                 0x08000377   Thumb Code     0  startup_stm32h743xx.o(.text)
    BDMA_Channel5_IRQHandler                 0x08000377   Thumb Code     0  startup_stm32h743xx.o(.text)
    BDMA_Channel6_IRQHandler                 0x08000377   Thumb Code     0  startup_stm32h743xx.o(.text)
    BDMA_Channel7_IRQHandler                 0x08000377   Thumb Code     0  startup_stm32h743xx.o(.text)
    CEC_IRQHandler                           0x08000377   Thumb Code     0  startup_stm32h743xx.o(.text)
    COMP1_IRQHandler                         0x08000377   Thumb Code     0  startup_stm32h743xx.o(.text)
    CRS_IRQHandler                           0x08000377   Thumb Code     0  startup_stm32h743xx.o(.text)
    DCMI_IRQHandler                          0x08000377   Thumb Code     0  startup_stm32h743xx.o(.text)
    DFSDM1_FLT0_IRQHandler                   0x08000377   Thumb Code     0  startup_stm32h743xx.o(.text)
    DFSDM1_FLT1_IRQHandler                   0x08000377   Thumb Code     0  startup_stm32h743xx.o(.text)
    DFSDM1_FLT2_IRQHandler                   0x08000377   Thumb Code     0  startup_stm32h743xx.o(.text)
    DFSDM1_FLT3_IRQHandler                   0x08000377   Thumb Code     0  startup_stm32h743xx.o(.text)
    DMA1_Stream0_IRQHandler                  0x08000377   Thumb Code     0  startup_stm32h743xx.o(.text)
    DMA1_Stream1_IRQHandler                  0x08000377   Thumb Code     0  startup_stm32h743xx.o(.text)
    DMA1_Stream2_IRQHandler                  0x08000377   Thumb Code     0  startup_stm32h743xx.o(.text)
    DMA1_Stream3_IRQHandler                  0x08000377   Thumb Code     0  startup_stm32h743xx.o(.text)
    DMA1_Stream4_IRQHandler                  0x08000377   Thumb Code     0  startup_stm32h743xx.o(.text)
    DMA1_Stream5_IRQHandler                  0x08000377   Thumb Code     0  startup_stm32h743xx.o(.text)
    DMA1_Stream6_IRQHandler                  0x08000377   Thumb Code     0  startup_stm32h743xx.o(.text)
    DMA1_Stream7_IRQHandler                  0x08000377   Thumb Code     0  startup_stm32h743xx.o(.text)
    DMA2D_IRQHandler                         0x08000377   Thumb Code     0  startup_stm32h743xx.o(.text)
    DMA2_Stream0_IRQHandler                  0x08000377   Thumb Code     0  startup_stm32h743xx.o(.text)
    DMA2_Stream1_IRQHandler                  0x08000377   Thumb Code     0  startup_stm32h743xx.o(.text)
    DMA2_Stream2_IRQHandler                  0x08000377   Thumb Code     0  startup_stm32h743xx.o(.text)
    DMA2_Stream3_IRQHandler                  0x08000377   Thumb Code     0  startup_stm32h743xx.o(.text)
    DMA2_Stream4_IRQHandler                  0x08000377   Thumb Code     0  startup_stm32h743xx.o(.text)
    DMA2_Stream5_IRQHandler                  0x08000377   Thumb Code     0  startup_stm32h743xx.o(.text)
    DMA2_Stream6_IRQHandler                  0x08000377   Thumb Code     0  startup_stm32h743xx.o(.text)
    DMA2_Stream7_IRQHandler                  0x08000377   Thumb Code     0  startup_stm32h743xx.o(.text)
    DMAMUX1_OVR_IRQHandler                   0x08000377   Thumb Code     0  startup_stm32h743xx.o(.text)
    DMAMUX2_OVR_IRQHandler                   0x08000377   Thumb Code     0  startup_stm32h743xx.o(.text)
    ETH_IRQHandler                           0x08000377   Thumb Code     0  startup_stm32h743xx.o(.text)
    ETH_WKUP_IRQHandler                      0x08000377   Thumb Code     0  startup_stm32h743xx.o(.text)
    EXTI0_IRQHandler                         0x08000377   Thumb Code     0  startup_stm32h743xx.o(.text)
    EXTI15_10_IRQHandler                     0x08000377   Thumb Code     0  startup_stm32h743xx.o(.text)
    EXTI1_IRQHandler                         0x08000377   Thumb Code     0  startup_stm32h743xx.o(.text)
    EXTI2_IRQHandler                         0x08000377   Thumb Code     0  startup_stm32h743xx.o(.text)
    EXTI3_IRQHandler                         0x08000377   Thumb Code     0  startup_stm32h743xx.o(.text)
    EXTI4_IRQHandler                         0x08000377   Thumb Code     0  startup_stm32h743xx.o(.text)
    EXTI9_5_IRQHandler                       0x08000377   Thumb Code     0  startup_stm32h743xx.o(.text)
    FDCAN1_IT0_IRQHandler                    0x08000377   Thumb Code     0  startup_stm32h743xx.o(.text)
    FDCAN1_IT1_IRQHandler                    0x08000377   Thumb Code     0  startup_stm32h743xx.o(.text)
    FDCAN2_IT0_IRQHandler                    0x08000377   Thumb Code     0  startup_stm32h743xx.o(.text)
    FDCAN2_IT1_IRQHandler                    0x08000377   Thumb Code     0  startup_stm32h743xx.o(.text)
    FDCAN_CAL_IRQHandler                     0x08000377   Thumb Code     0  startup_stm32h743xx.o(.text)
    FLASH_IRQHandler                         0x08000377   Thumb Code     0  startup_stm32h743xx.o(.text)
    FMC_IRQHandler                           0x08000377   Thumb Code     0  startup_stm32h743xx.o(.text)
    FPU_IRQHandler                           0x08000377   Thumb Code     0  startup_stm32h743xx.o(.text)
    HRTIM1_FLT_IRQHandler                    0x08000377   Thumb Code     0  startup_stm32h743xx.o(.text)
    HRTIM1_Master_IRQHandler                 0x08000377   Thumb Code     0  startup_stm32h743xx.o(.text)
    HRTIM1_TIMA_IRQHandler                   0x08000377   Thumb Code     0  startup_stm32h743xx.o(.text)
    HRTIM1_TIMB_IRQHandler                   0x08000377   Thumb Code     0  startup_stm32h743xx.o(.text)
    HRTIM1_TIMC_IRQHandler                   0x08000377   Thumb Code     0  startup_stm32h743xx.o(.text)
    HRTIM1_TIMD_IRQHandler                   0x08000377   Thumb Code     0  startup_stm32h743xx.o(.text)
    HRTIM1_TIME_IRQHandler                   0x08000377   Thumb Code     0  startup_stm32h743xx.o(.text)
    HSEM1_IRQHandler                         0x08000377   Thumb Code     0  startup_stm32h743xx.o(.text)
    I2C1_ER_IRQHandler                       0x08000377   Thumb Code     0  startup_stm32h743xx.o(.text)
    I2C1_EV_IRQHandler                       0x08000377   Thumb Code     0  startup_stm32h743xx.o(.text)
    I2C2_ER_IRQHandler                       0x08000377   Thumb Code     0  startup_stm32h743xx.o(.text)
    I2C2_EV_IRQHandler                       0x08000377   Thumb Code     0  startup_stm32h743xx.o(.text)
    I2C3_ER_IRQHandler                       0x08000377   Thumb Code     0  startup_stm32h743xx.o(.text)
    I2C3_EV_IRQHandler                       0x08000377   Thumb Code     0  startup_stm32h743xx.o(.text)
    I2C4_ER_IRQHandler                       0x08000377   Thumb Code     0  startup_stm32h743xx.o(.text)
    I2C4_EV_IRQHandler                       0x08000377   Thumb Code     0  startup_stm32h743xx.o(.text)
    JPEG_IRQHandler                          0x08000377   Thumb Code     0  startup_stm32h743xx.o(.text)
    LPTIM1_IRQHandler                        0x08000377   Thumb Code     0  startup_stm32h743xx.o(.text)
    LPTIM2_IRQHandler                        0x08000377   Thumb Code     0  startup_stm32h743xx.o(.text)
    LPTIM3_IRQHandler                        0x08000377   Thumb Code     0  startup_stm32h743xx.o(.text)
    LPTIM4_IRQHandler                        0x08000377   Thumb Code     0  startup_stm32h743xx.o(.text)
    LPTIM5_IRQHandler                        0x08000377   Thumb Code     0  startup_stm32h743xx.o(.text)
    LPUART1_IRQHandler                       0x08000377   Thumb Code     0  startup_stm32h743xx.o(.text)
    LTDC_ER_IRQHandler                       0x08000377   Thumb Code     0  startup_stm32h743xx.o(.text)
    LTDC_IRQHandler                          0x08000377   Thumb Code     0  startup_stm32h743xx.o(.text)
    MDIOS_IRQHandler                         0x08000377   Thumb Code     0  startup_stm32h743xx.o(.text)
    MDIOS_WKUP_IRQHandler                    0x08000377   Thumb Code     0  startup_stm32h743xx.o(.text)
    MDMA_IRQHandler                          0x08000377   Thumb Code     0  startup_stm32h743xx.o(.text)
    OTG_FS_EP1_IN_IRQHandler                 0x08000377   Thumb Code     0  startup_stm32h743xx.o(.text)
    OTG_FS_EP1_OUT_IRQHandler                0x08000377   Thumb Code     0  startup_stm32h743xx.o(.text)
    OTG_FS_IRQHandler                        0x08000377   Thumb Code     0  startup_stm32h743xx.o(.text)
    OTG_FS_WKUP_IRQHandler                   0x08000377   Thumb Code     0  startup_stm32h743xx.o(.text)
    OTG_HS_EP1_IN_IRQHandler                 0x08000377   Thumb Code     0  startup_stm32h743xx.o(.text)
    OTG_HS_EP1_OUT_IRQHandler                0x08000377   Thumb Code     0  startup_stm32h743xx.o(.text)
    OTG_HS_IRQHandler                        0x08000377   Thumb Code     0  startup_stm32h743xx.o(.text)
    OTG_HS_WKUP_IRQHandler                   0x08000377   Thumb Code     0  startup_stm32h743xx.o(.text)
    PVD_AVD_IRQHandler                       0x08000377   Thumb Code     0  startup_stm32h743xx.o(.text)
    QUADSPI_IRQHandler                       0x08000377   Thumb Code     0  startup_stm32h743xx.o(.text)
    RCC_IRQHandler                           0x08000377   Thumb Code     0  startup_stm32h743xx.o(.text)
    RNG_IRQHandler                           0x08000377   Thumb Code     0  startup_stm32h743xx.o(.text)
    RTC_Alarm_IRQHandler                     0x08000377   Thumb Code     0  startup_stm32h743xx.o(.text)
    RTC_WKUP_IRQHandler                      0x08000377   Thumb Code     0  startup_stm32h743xx.o(.text)
    SAI1_IRQHandler                          0x08000377   Thumb Code     0  startup_stm32h743xx.o(.text)
    SAI2_IRQHandler                          0x08000377   Thumb Code     0  startup_stm32h743xx.o(.text)
    SAI3_IRQHandler                          0x08000377   Thumb Code     0  startup_stm32h743xx.o(.text)
    SAI4_IRQHandler                          0x08000377   Thumb Code     0  startup_stm32h743xx.o(.text)
    SDMMC1_IRQHandler                        0x08000377   Thumb Code     0  startup_stm32h743xx.o(.text)
    SDMMC2_IRQHandler                        0x08000377   Thumb Code     0  startup_stm32h743xx.o(.text)
    SPDIF_RX_IRQHandler                      0x08000377   Thumb Code     0  startup_stm32h743xx.o(.text)
    SPI1_IRQHandler                          0x08000377   Thumb Code     0  startup_stm32h743xx.o(.text)
    SPI2_IRQHandler                          0x08000377   Thumb Code     0  startup_stm32h743xx.o(.text)
    SPI3_IRQHandler                          0x08000377   Thumb Code     0  startup_stm32h743xx.o(.text)
    SPI4_IRQHandler                          0x08000377   Thumb Code     0  startup_stm32h743xx.o(.text)
    SPI5_IRQHandler                          0x08000377   Thumb Code     0  startup_stm32h743xx.o(.text)
    SPI6_IRQHandler                          0x08000377   Thumb Code     0  startup_stm32h743xx.o(.text)
    SWPMI1_IRQHandler                        0x08000377   Thumb Code     0  startup_stm32h743xx.o(.text)
    TAMP_STAMP_IRQHandler                    0x08000377   Thumb Code     0  startup_stm32h743xx.o(.text)
    TIM15_IRQHandler                         0x08000377   Thumb Code     0  startup_stm32h743xx.o(.text)
    TIM16_IRQHandler                         0x08000377   Thumb Code     0  startup_stm32h743xx.o(.text)
    TIM17_IRQHandler                         0x08000377   Thumb Code     0  startup_stm32h743xx.o(.text)
    TIM1_BRK_IRQHandler                      0x08000377   Thumb Code     0  startup_stm32h743xx.o(.text)
    TIM1_CC_IRQHandler                       0x08000377   Thumb Code     0  startup_stm32h743xx.o(.text)
    TIM1_TRG_COM_IRQHandler                  0x08000377   Thumb Code     0  startup_stm32h743xx.o(.text)
    TIM1_UP_IRQHandler                       0x08000377   Thumb Code     0  startup_stm32h743xx.o(.text)
    TIM2_IRQHandler                          0x08000377   Thumb Code     0  startup_stm32h743xx.o(.text)
    TIM3_IRQHandler                          0x08000377   Thumb Code     0  startup_stm32h743xx.o(.text)
    TIM4_IRQHandler                          0x08000377   Thumb Code     0  startup_stm32h743xx.o(.text)
    TIM5_IRQHandler                          0x08000377   Thumb Code     0  startup_stm32h743xx.o(.text)
    TIM6_DAC_IRQHandler                      0x08000377   Thumb Code     0  startup_stm32h743xx.o(.text)
    TIM7_IRQHandler                          0x08000377   Thumb Code     0  startup_stm32h743xx.o(.text)
    TIM8_BRK_TIM12_IRQHandler                0x08000377   Thumb Code     0  startup_stm32h743xx.o(.text)
    TIM8_CC_IRQHandler                       0x08000377   Thumb Code     0  startup_stm32h743xx.o(.text)
    TIM8_TRG_COM_TIM14_IRQHandler            0x08000377   Thumb Code     0  startup_stm32h743xx.o(.text)
    TIM8_UP_TIM13_IRQHandler                 0x08000377   Thumb Code     0  startup_stm32h743xx.o(.text)
    UART4_IRQHandler                         0x08000377   Thumb Code     0  startup_stm32h743xx.o(.text)
    UART5_IRQHandler                         0x08000377   Thumb Code     0  startup_stm32h743xx.o(.text)
    UART7_IRQHandler                         0x08000377   Thumb Code     0  startup_stm32h743xx.o(.text)
    UART8_IRQHandler                         0x08000377   Thumb Code     0  startup_stm32h743xx.o(.text)
    USART6_IRQHandler                        0x08000377   Thumb Code     0  startup_stm32h743xx.o(.text)
    WAKEUP_PIN_IRQHandler                    0x08000377   Thumb Code     0  startup_stm32h743xx.o(.text)
    WWDG_IRQHandler                          0x08000377   Thumb Code     0  startup_stm32h743xx.o(.text)
    __user_initial_stackheap                 0x08000379   Thumb Code     0  startup_stm32h743xx.o(.text)
    __aeabi_uldivmod                         0x0800039d   Thumb Code     0  lludivv7m.o(.text)
    _ll_udiv                                 0x0800039d   Thumb Code   238  lludivv7m.o(.text)
    __2printf                                0x0800048d   Thumb Code    20  noretval__2printf.o(.text)
    _printf_pre_padding                      0x080004a5   Thumb Code    44  _printf_pad.o(.text)
    _printf_post_padding                     0x080004d1   Thumb Code    34  _printf_pad.o(.text)
    _printf_int_dec                          0x080004f5   Thumb Code   104  _printf_dec.o(.text)
    _printf_int_hex                          0x0800056d   Thumb Code    84  _printf_hex_int.o(.text)
    _printf_longlong_hex                     0x0800056d   Thumb Code     0  _printf_hex_int.o(.text)
    __printf                                 0x080005c5   Thumb Code   270  __printf_wp.o(.text)
    __use_two_region_memory                  0x080006d3   Thumb Code     2  heapauxi.o(.text)
    __rt_heap_escrow$2region                 0x080006d5   Thumb Code     2  heapauxi.o(.text)
    __rt_heap_expand$2region                 0x080006d7   Thumb Code     2  heapauxi.o(.text)
    _printf_int_common                       0x080006d9   Thumb Code   178  _printf_intcommon.o(.text)
    __lib_sel_fp_printf                      0x0800078b   Thumb Code     2  _printf_fp_dec.o(.text)
    _printf_fp_dec_real                      0x08000939   Thumb Code   620  _printf_fp_dec.o(.text)
    _printf_char_file                        0x08000ba5   Thumb Code    32  _printf_char_file.o(.text)
    __rt_locale                              0x08000bc9   Thumb Code     8  rt_locale_intlibspace.o(.text)
    _ll_udiv10                               0x08000bd1   Thumb Code   138  lludiv10.o(.text)
    _printf_char_common                      0x08000c67   Thumb Code    32  _printf_char_common.o(.text)
    _printf_fp_infnan                        0x08000c8d   Thumb Code   112  _printf_fp_infnan.o(.text)
    _btod_etento                             0x08000d0d   Thumb Code   216  bigflt0.o(.text)
    ferror                                   0x08000de9   Thumb Code     8  ferror.o(.text)
    __user_libspace                          0x08000df1   Thumb Code     8  libspace.o(.text)
    __user_perproc_libspace                  0x08000df1   Thumb Code     0  libspace.o(.text)
    __user_perthread_libspace                0x08000df1   Thumb Code     0  libspace.o(.text)
    __user_setup_stackheap                   0x08000df9   Thumb Code    74  sys_stackheap_outer.o(.text)
    exit                                     0x08000e43   Thumb Code    18  exit.o(.text)
    strcmp                                   0x08000e55   Thumb Code   104  strcmpv7m_pel.o(.text)
    _btod_d2e                                0x08000ebd   Thumb Code    62  btod.o(CL$$btod_d2e)
    _d2e_denorm_low                          0x08000efb   Thumb Code    70  btod.o(CL$$btod_d2e_denorm_low)
    _d2e_norm_op1                            0x08000f41   Thumb Code    96  btod.o(CL$$btod_d2e_norm_op1)
    __btod_div_common                        0x08000fa1   Thumb Code   696  btod.o(CL$$btod_div_common)
    _e2e                                     0x080012d9   Thumb Code   198  btod.o(CL$$btod_e2e)
    _btod_ediv                               0x0800139f   Thumb Code    40  btod.o(CL$$btod_ediv)
    _btod_emul                               0x080013c7   Thumb Code    40  btod.o(CL$$btod_emul)
    __btod_mult_common                       0x080013ef   Thumb Code   580  btod.o(CL$$btod_mult_common)
    Bin_Collect                              0x08001635   Thumb Code    76  main.o(i.Bin_Collect)
    Bin_Select                               0x08001685   Thumb Code    26  main.o(i.Bin_Select)
    BusFault_Handler                         0x080016a5   Thumb Code     4  stm32h7xx_it.o(i.BusFault_Handler)
    CRC_Sum                                  0x080016a9   Thumb Code    24  usart.o(i.CRC_Sum)
    Cache_Enable                             0x080016c1   Thumb Code    24  sys.o(i.Cache_Enable)
    DebugMon_Handler                         0x080016dd   Thumb Code     2  stm32h7xx_it.o(i.DebugMon_Handler)
    EOT_Check                                0x080016e1   Thumb Code   152  main.o(i.EOT_Check)
    GPIO_All_Init                            0x08001781   Thumb Code   880  gpio.o(i.GPIO_All_Init)
    HAL_DMA_Abort_IT                         0x08001b11   Thumb Code   236  stm32h7xx_hal_dma.o(i.HAL_DMA_Abort_IT)
    HAL_EnableCompensationCell               0x08001c09   Thumb Code    14  stm32h7xx_hal.o(i.HAL_EnableCompensationCell)
    HAL_GPIO_Init                            0x08001c1d   Thumb Code   534  stm32h7xx_hal_gpio.o(i.HAL_GPIO_Init)
    HAL_GPIO_ReadPin                         0x08001e69   Thumb Code    16  stm32h7xx_hal_gpio.o(i.HAL_GPIO_ReadPin)
    HAL_GPIO_WritePin                        0x08001e79   Thumb Code    10  stm32h7xx_hal_gpio.o(i.HAL_GPIO_WritePin)
    HAL_GetTick                              0x08001e85   Thumb Code     6  stm32h7xx_hal.o(i.HAL_GetTick)
    HAL_IncTick                              0x08001e91   Thumb Code    16  stm32h7xx_hal.o(i.HAL_IncTick)
    HAL_Init                                 0x08001ea9   Thumb Code    28  stm32h7xx_hal.o(i.HAL_Init)
    HAL_InitTick                             0x08001ec5   Thumb Code    64  stm32h7xx_hal.o(i.HAL_InitTick)
    HAL_MspInit                              0x08001f11   Thumb Code     2  stm32h7xx_hal_msp.o(i.HAL_MspInit)
    HAL_NVIC_EnableIRQ                       0x08001f13   Thumb Code    32  stm32h7xx_hal_cortex.o(i.HAL_NVIC_EnableIRQ)
    HAL_NVIC_SetPriority                     0x08001f33   Thumb Code   122  stm32h7xx_hal_cortex.o(i.HAL_NVIC_SetPriority)
    HAL_NVIC_SetPriorityGrouping             0x08001fad   Thumb Code    32  stm32h7xx_hal_cortex.o(i.HAL_NVIC_SetPriorityGrouping)
    HAL_RCCEx_GetD1SysClockFreq              0x08001fd5   Thumb Code    44  stm32h7xx_hal_rcc_ex.o(i.HAL_RCCEx_GetD1SysClockFreq)
    HAL_RCCEx_GetD3PCLK1Freq                 0x0800200d   Thumb Code    34  stm32h7xx_hal_rcc_ex.o(i.HAL_RCCEx_GetD3PCLK1Freq)
    HAL_RCCEx_GetPLL2ClockFreq               0x08002039   Thumb Code   532  stm32h7xx_hal_rcc_ex.o(i.HAL_RCCEx_GetPLL2ClockFreq)
    HAL_RCCEx_GetPLL3ClockFreq               0x08002265   Thumb Code   532  stm32h7xx_hal_rcc_ex.o(i.HAL_RCCEx_GetPLL3ClockFreq)
    HAL_RCC_ClockConfig                      0x08002491   Thumb Code   574  stm32h7xx_hal_rcc.o(i.HAL_RCC_ClockConfig)
    HAL_RCC_GetHCLKFreq                      0x080026e1   Thumb Code    42  stm32h7xx_hal_rcc.o(i.HAL_RCC_GetHCLKFreq)
    HAL_RCC_GetPCLK1Freq                     0x08002719   Thumb Code    34  stm32h7xx_hal_rcc.o(i.HAL_RCC_GetPCLK1Freq)
    HAL_RCC_GetPCLK2Freq                     0x08002745   Thumb Code    36  stm32h7xx_hal_rcc.o(i.HAL_RCC_GetPCLK2Freq)
    HAL_RCC_GetSysClockFreq                  0x08002771   Thumb Code   556  stm32h7xx_hal_rcc.o(i.HAL_RCC_GetSysClockFreq)
    HAL_RCC_OscConfig                        0x080029b5   Thumb Code  1724  stm32h7xx_hal_rcc.o(i.HAL_RCC_OscConfig)
    HAL_SYSTICK_CLKSourceConfig              0x08003079   Thumb Code    40  stm32h7xx_hal_cortex.o(i.HAL_SYSTICK_CLKSourceConfig)
    HAL_SYSTICK_Config                       0x080030a1   Thumb Code    52  stm32h7xx_hal_cortex.o(i.HAL_SYSTICK_Config)
    HAL_UARTEx_WakeupCallback                0x080030d5   Thumb Code     2  stm32h7xx_hal_uart_ex.o(i.HAL_UARTEx_WakeupCallback)
    HAL_UART_ErrorCallback                   0x080030d7   Thumb Code     2  stm32h7xx_hal_uart.o(i.HAL_UART_ErrorCallback)
    HAL_UART_GetState                        0x080030d9   Thumb Code    20  stm32h7xx_hal_uart.o(i.HAL_UART_GetState)
    HAL_UART_IRQHandler                      0x080030ed   Thumb Code   434  stm32h7xx_hal_uart.o(i.HAL_UART_IRQHandler)
    HAL_UART_Init                            0x080032a9   Thumb Code   120  stm32h7xx_hal_uart.o(i.HAL_UART_Init)
    HAL_UART_MspInit                         0x08003321   Thumb Code   390  usart.o(i.HAL_UART_MspInit)
    HAL_UART_Receive_IT                      0x080034c1   Thumb Code   224  stm32h7xx_hal_uart.o(i.HAL_UART_Receive_IT)
    HAL_UART_RxCpltCallback                  0x080035a1   Thumb Code   384  usart.o(i.HAL_UART_RxCpltCallback)
    HAL_UART_Transmit                        0x08003765   Thumb Code   198  stm32h7xx_hal_uart.o(i.HAL_UART_Transmit)
    HAL_UART_TxCpltCallback                  0x0800382b   Thumb Code     2  stm32h7xx_hal_uart.o(i.HAL_UART_TxCpltCallback)
    HardFault_Handler                        0x0800382d   Thumb Code     4  stm32h7xx_it.o(i.HardFault_Handler)
    MemManage_Handler                        0x08003831   Thumb Code     4  stm32h7xx_it.o(i.MemManage_Handler)
    NMI_Handler                              0x08003835   Thumb Code     2  stm32h7xx_it.o(i.NMI_Handler)
    PendSV_Handler                           0x08003837   Thumb Code     2  stm32h7xx_it.o(i.PendSV_Handler)
    SVC_Handler                              0x08003951   Thumb Code     2  stm32h7xx_it.o(i.SVC_Handler)
    SendBintoP8                              0x08003955   Thumb Code   138  main.o(i.SendBintoP8)
    Start_Test                               0x080039ed   Thumb Code    58  main.o(i.Start_Test)
    Stm32_Clock_Init                         0x08003a31   Thumb Code   238  sys.o(i.Stm32_Clock_Init)
    SysTick_Handler                          0x08003b29   Thumb Code     8  stm32h7xx_it.o(i.SysTick_Handler)
    SystemInit                               0x08003b31   Thumb Code   130  system_stm32h7xx.o(i.SystemInit)
    UART_AdvFeatureConfig                    0x08003bc5   Thumb Code   234  stm32h7xx_hal_uart.o(i.UART_AdvFeatureConfig)
    UART_CheckIdleState                      0x08003caf   Thumb Code   116  stm32h7xx_hal_uart.o(i.UART_CheckIdleState)
    UART_SetConfig                           0x08003e05   Thumb Code  2452  stm32h7xx_hal_uart.o(i.UART_SetConfig)
    UART_WaitOnFlagUntilTimeout              0x0800482b   Thumb Code   108  stm32h7xx_hal_uart.o(i.UART_WaitOnFlagUntilTimeout)
    USART1_IRQHandler                        0x08004899   Thumb Code    66  usart.o(i.USART1_IRQHandler)
    USART2_IRQHandler                        0x080048e9   Thumb Code    66  usart.o(i.USART2_IRQHandler)
    USART3_IRQHandler                        0x08004939   Thumb Code    66  usart.o(i.USART3_IRQHandler)
    UsageFault_Handler                       0x08004989   Thumb Code     4  stm32h7xx_it.o(i.UsageFault_Handler)
    Usart1_Rec_Start                         0x0800498d   Thumb Code   298  usart.o(i.Usart1_Rec_Start)
    Usart2_TData_Rec                         0x08004acd   Thumb Code    70  usart.o(i.Usart2_TData_Rec)
    Usart3_TData_Start                       0x08004b1d   Thumb Code    64  usart.o(i.Usart3_TData_Start)
    Usart_select                             0x08004b65   Thumb Code    40  main.o(i.Usart_select)
    __ARM_fpclassify                         0x08004b91   Thumb Code    48  fpclassify.o(i.__ARM_fpclassify)
    _is_digit                                0x08004bf9   Thumb Code    14  __printf_wp.o(i._is_digit)
    _sys_exit                                0x08004c07   Thumb Code     4  usart.o(i._sys_exit)
    byte2Float                               0x08004c0b   Thumb Code     6  usart.o(i.byte2Float)
    delay_init                               0x08004c11   Thumb Code    16  delay.o(i.delay_init)
    delay_ms                                 0x08004c25   Thumb Code    24  delay.o(i.delay_ms)
    delay_us                                 0x08004c3d   Thumb Code    68  delay.o(i.delay_us)
    fputc                                    0x08004c85   Thumb Code    24  usart.o(i.fputc)
    main                                     0x08004ca1   Thumb Code   534  main.o(i.main)
    uart1_init                               0x08004f05   Thumb Code    44  usart.o(i.uart1_init)
    uart2_init                               0x08004f3d   Thumb Code    44  usart.o(i.uart2_init)
    uart3_init                               0x08004f75   Thumb Code    44  usart.o(i.uart3_init)
    _get_lc_numeric                          0x08004fad   Thumb Code    44  lc_numeric_c.o(locale$$code)
    _fp_init                                 0x08004fd9   Thumb Code    10  fpinit.o(x$fpl$fpinit)
    __fplib_config_fpu_vfp                   0x08004fe1   Thumb Code     0  fpinit.o(x$fpl$fpinit)
    __fplib_config_pureend_doubles           0x08004fe1   Thumb Code     0  fpinit.o(x$fpl$fpinit)
    _printf_fp_dec                           0x08004fe3   Thumb Code     4  printf1.o(x$fpl$printf1)
    __I$use$fp                               0x08004fe6   Number         0  usenofp.o(x$fpl$usenofp)
    D1CorePrescTable                         0x08005016   Data          16  system_stm32h7xx.o(.constdata)
    Region$$Table$$Base                      0x08005308   Number         0  anon$$obj.o(Region$$Table)
    Region$$Table$$Limit                     0x08005328   Number         0  anon$$obj.o(Region$$Table)
    SystemCoreClock                          0x24000000   Data           4  system_stm32h7xx.o(.data)
    SystemD2Clock                            0x24000004   Data           4  system_stm32h7xx.o(.data)
    __stdout                                 0x2400000c   Data           4  usart.o(.data)
    cnt1                                     0x24000010   Data           4  usart.o(.data)
    length1                                  0x24000014   Data           4  usart.o(.data)
    USART1_RX_STA                            0x24000018   Data           2  usart.o(.data)
    modebus_rec_flag1                        0x2400001c   Data           4  usart.o(.data)
    aRxBuffer                                0x24000020   Data           1  usart.o(.data)
    length2                                  0x24000024   Data           4  usart.o(.data)
    USART2_RX_STA                            0x24000028   Data           2  usart.o(.data)
    modebus_rec_flag2                        0x2400002c   Data           4  usart.o(.data)
    aRxBuffer2                               0x24000030   Data           1  usart.o(.data)
    length3                                  0x24000034   Data           4  usart.o(.data)
    USART3_RX_STA                            0x24000038   Data           2  usart.o(.data)
    modebus_rec_flag3                        0x2400003c   Data           4  usart.o(.data)
    aRxBuffer3                               0x24000040   Data           1  usart.o(.data)
    USART1_RX_BUF                            0x24000050   Data          90  usart.o(.bss)
    USART1_TX_BUF                            0x240000aa   Data          40  usart.o(.bss)
    UART1_Handler                            0x240000d4   Data         128  usart.o(.bss)
    USART2_RX_BUF                            0x24000154   Data          90  usart.o(.bss)
    USART2_TX_BUF                            0x240001ae   Data          40  usart.o(.bss)
    UART2_Handler                            0x240001d8   Data         128  usart.o(.bss)
    USART3_RX_BUF                            0x24000258   Data          90  usart.o(.bss)
    USART3_TX_BUF                            0x240002b2   Data          40  usart.o(.bss)
    UART3_Handler                            0x240002dc   Data         128  usart.o(.bss)
    __libspace_start                         0x2400035c   Data          96  libspace.o(.bss)
    __temporary_stack_top$libspace           0x240003bc   Data           0  libspace.o(.bss)



==============================================================================

Memory Map of the image

  Image Entry point : 0x08000299

  Load Region LR_IROM1 (Base: 0x08000000, Size: 0x00005394, Max: 0x00200000, ABSOLUTE)

    Execution Region ER_IROM1 (Base: 0x08000000, Size: 0x00005344, Max: 0x00200000, ABSOLUTE)

    Base Addr    Size         Type   Attr      Idx    E Section Name        Object

    0x08000000   0x00000298   Data   RO          504    RESET               startup_stm32h743xx.o
    0x08000298   0x00000008   Code   RO         4620  * !!!main             c_w.l(__main.o)
    0x080002a0   0x00000034   Code   RO         4846    !!!scatter          c_w.l(__scatter.o)
    0x080002d4   0x0000001a   Code   RO         4848    !!handler_copy      c_w.l(__scatter_copy.o)
    0x080002ee   0x00000002   PAD
    0x080002f0   0x0000001c   Code   RO         4850    !!handler_zi        c_w.l(__scatter_zi.o)
    0x0800030c   0x00000000   Code   RO         4617    .ARM.Collect$$_printf_percent$$00000000  c_w.l(_printf_percent.o)
    0x0800030c   0x00000006   Code   RO         4616    .ARM.Collect$$_printf_percent$$00000003  c_w.l(_printf_f.o)
    0x08000312   0x00000006   Code   RO         4615    .ARM.Collect$$_printf_percent$$00000009  c_w.l(_printf_d.o)
    0x08000318   0x00000006   Code   RO         4614    .ARM.Collect$$_printf_percent$$0000000C  c_w.l(_printf_x.o)
    0x0800031e   0x00000004   Code   RO         4635    .ARM.Collect$$_printf_percent$$00000017  c_w.l(_printf_percent_end.o)
    0x08000322   0x00000002   Code   RO         4721    .ARM.Collect$$libinit$$00000000  c_w.l(libinit.o)
    0x08000324   0x00000004   Code   RO         4722    .ARM.Collect$$libinit$$00000001  c_w.l(libinit2.o)
    0x08000328   0x00000000   Code   RO         4725    .ARM.Collect$$libinit$$00000004  c_w.l(libinit2.o)
    0x08000328   0x00000000   Code   RO         4728    .ARM.Collect$$libinit$$0000000A  c_w.l(libinit2.o)
    0x08000328   0x00000000   Code   RO         4730    .ARM.Collect$$libinit$$0000000C  c_w.l(libinit2.o)
    0x08000328   0x00000000   Code   RO         4732    .ARM.Collect$$libinit$$0000000E  c_w.l(libinit2.o)
    0x08000328   0x00000006   Code   RO         4733    .ARM.Collect$$libinit$$0000000F  c_w.l(libinit2.o)
    0x0800032e   0x00000000   Code   RO         4735    .ARM.Collect$$libinit$$00000011  c_w.l(libinit2.o)
    0x0800032e   0x00000000   Code   RO         4737    .ARM.Collect$$libinit$$00000013  c_w.l(libinit2.o)
    0x0800032e   0x00000000   Code   RO         4739    .ARM.Collect$$libinit$$00000015  c_w.l(libinit2.o)
    0x0800032e   0x0000000a   Code   RO         4740    .ARM.Collect$$libinit$$00000016  c_w.l(libinit2.o)
    0x08000338   0x00000000   Code   RO         4741    .ARM.Collect$$libinit$$00000017  c_w.l(libinit2.o)
    0x08000338   0x00000000   Code   RO         4743    .ARM.Collect$$libinit$$00000019  c_w.l(libinit2.o)
    0x08000338   0x00000000   Code   RO         4745    .ARM.Collect$$libinit$$0000001B  c_w.l(libinit2.o)
    0x08000338   0x00000000   Code   RO         4747    .ARM.Collect$$libinit$$0000001D  c_w.l(libinit2.o)
    0x08000338   0x00000000   Code   RO         4749    .ARM.Collect$$libinit$$0000001F  c_w.l(libinit2.o)
    0x08000338   0x00000000   Code   RO         4751    .ARM.Collect$$libinit$$00000021  c_w.l(libinit2.o)
    0x08000338   0x00000000   Code   RO         4753    .ARM.Collect$$libinit$$00000023  c_w.l(libinit2.o)
    0x08000338   0x00000000   Code   RO         4755    .ARM.Collect$$libinit$$00000025  c_w.l(libinit2.o)
    0x08000338   0x00000000   Code   RO         4759    .ARM.Collect$$libinit$$0000002C  c_w.l(libinit2.o)
    0x08000338   0x00000000   Code   RO         4761    .ARM.Collect$$libinit$$0000002E  c_w.l(libinit2.o)
    0x08000338   0x00000000   Code   RO         4763    .ARM.Collect$$libinit$$00000030  c_w.l(libinit2.o)
    0x08000338   0x00000000   Code   RO         4765    .ARM.Collect$$libinit$$00000032  c_w.l(libinit2.o)
    0x08000338   0x00000002   Code   RO         4766    .ARM.Collect$$libinit$$00000033  c_w.l(libinit2.o)
    0x0800033a   0x00000002   Code   RO         4808    .ARM.Collect$$libshutdown$$00000000  c_w.l(libshutdown.o)
    0x0800033c   0x00000000   Code   RO         4829    .ARM.Collect$$libshutdown$$00000002  c_w.l(libshutdown2.o)
    0x0800033c   0x00000000   Code   RO         4831    .ARM.Collect$$libshutdown$$00000004  c_w.l(libshutdown2.o)
    0x0800033c   0x00000000   Code   RO         4834    .ARM.Collect$$libshutdown$$00000007  c_w.l(libshutdown2.o)
    0x0800033c   0x00000000   Code   RO         4837    .ARM.Collect$$libshutdown$$0000000A  c_w.l(libshutdown2.o)
    0x0800033c   0x00000000   Code   RO         4839    .ARM.Collect$$libshutdown$$0000000C  c_w.l(libshutdown2.o)
    0x0800033c   0x00000000   Code   RO         4842    .ARM.Collect$$libshutdown$$0000000F  c_w.l(libshutdown2.o)
    0x0800033c   0x00000002   Code   RO         4843    .ARM.Collect$$libshutdown$$00000010  c_w.l(libshutdown2.o)
    0x0800033e   0x00000000   Code   RO         4624    .ARM.Collect$$rtentry$$00000000  c_w.l(__rtentry.o)
    0x0800033e   0x00000000   Code   RO         4637    .ARM.Collect$$rtentry$$00000002  c_w.l(__rtentry2.o)
    0x0800033e   0x00000006   Code   RO         4649    .ARM.Collect$$rtentry$$00000004  c_w.l(__rtentry4.o)
    0x08000344   0x00000000   Code   RO         4639    .ARM.Collect$$rtentry$$00000009  c_w.l(__rtentry2.o)
    0x08000344   0x00000004   Code   RO         4640    .ARM.Collect$$rtentry$$0000000A  c_w.l(__rtentry2.o)
    0x08000348   0x00000000   Code   RO         4642    .ARM.Collect$$rtentry$$0000000C  c_w.l(__rtentry2.o)
    0x08000348   0x00000008   Code   RO         4643    .ARM.Collect$$rtentry$$0000000D  c_w.l(__rtentry2.o)
    0x08000350   0x00000002   Code   RO         4767    .ARM.Collect$$rtexit$$00000000  c_w.l(rtexit.o)
    0x08000352   0x00000000   Code   RO         4780    .ARM.Collect$$rtexit$$00000002  c_w.l(rtexit2.o)
    0x08000352   0x00000004   Code   RO         4781    .ARM.Collect$$rtexit$$00000003  c_w.l(rtexit2.o)
    0x08000356   0x00000006   Code   RO         4782    .ARM.Collect$$rtexit$$00000004  c_w.l(rtexit2.o)
    0x0800035c   0x00000040   Code   RO          505    .text               startup_stm32h743xx.o
    0x0800039c   0x000000ee   Code   RO         4561    .text               c_w.l(lludivv7m.o)
    0x0800048a   0x00000002   PAD
    0x0800048c   0x00000018   Code   RO         4565    .text               c_w.l(noretval__2printf.o)
    0x080004a4   0x0000004e   Code   RO         4569    .text               c_w.l(_printf_pad.o)
    0x080004f2   0x00000002   PAD
    0x080004f4   0x00000078   Code   RO         4571    .text               c_w.l(_printf_dec.o)
    0x0800056c   0x00000058   Code   RO         4576    .text               c_w.l(_printf_hex_int.o)
    0x080005c4   0x0000010e   Code   RO         4602    .text               c_w.l(__printf_wp.o)
    0x080006d2   0x00000006   Code   RO         4618    .text               c_w.l(heapauxi.o)
    0x080006d8   0x000000b2   Code   RO         4629    .text               c_w.l(_printf_intcommon.o)
    0x0800078a   0x0000041a   Code   RO         4631    .text               c_w.l(_printf_fp_dec.o)
    0x08000ba4   0x00000024   Code   RO         4633    .text               c_w.l(_printf_char_file.o)
    0x08000bc8   0x00000008   Code   RO         4656    .text               c_w.l(rt_locale_intlibspace.o)
    0x08000bd0   0x0000008a   Code   RO         4658    .text               c_w.l(lludiv10.o)
    0x08000c5a   0x00000002   PAD
    0x08000c5c   0x00000030   Code   RO         4660    .text               c_w.l(_printf_char_common.o)
    0x08000c8c   0x00000080   Code   RO         4662    .text               c_w.l(_printf_fp_infnan.o)
    0x08000d0c   0x000000dc   Code   RO         4664    .text               c_w.l(bigflt0.o)
    0x08000de8   0x00000008   Code   RO         4689    .text               c_w.l(ferror.o)
    0x08000df0   0x00000008   Code   RO         4701    .text               c_w.l(libspace.o)
    0x08000df8   0x0000004a   Code   RO         4704    .text               c_w.l(sys_stackheap_outer.o)
    0x08000e42   0x00000012   Code   RO         4708    .text               c_w.l(exit.o)
    0x08000e54   0x00000068   Code   RO         4714    .text               c_w.l(strcmpv7m_pel.o)
    0x08000ebc   0x0000003e   Code   RO         4667    CL$$btod_d2e        c_w.l(btod.o)
    0x08000efa   0x00000046   Code   RO         4669    CL$$btod_d2e_denorm_low  c_w.l(btod.o)
    0x08000f40   0x00000060   Code   RO         4668    CL$$btod_d2e_norm_op1  c_w.l(btod.o)
    0x08000fa0   0x00000338   Code   RO         4677    CL$$btod_div_common  c_w.l(btod.o)
    0x080012d8   0x000000c6   Code   RO         4674    CL$$btod_e2e        c_w.l(btod.o)
    0x0800139e   0x00000028   Code   RO         4671    CL$$btod_ediv       c_w.l(btod.o)
    0x080013c6   0x00000028   Code   RO         4670    CL$$btod_emul       c_w.l(btod.o)
    0x080013ee   0x00000244   Code   RO         4676    CL$$btod_mult_common  c_w.l(btod.o)
    0x08001632   0x00000002   PAD
    0x08001634   0x00000050   Code   RO            4    i.Bin_Collect       main.o
    0x08001684   0x00000020   Code   RO            5    i.Bin_Select        main.o
    0x080016a4   0x00000004   Code   RO          359    i.BusFault_Handler  stm32h7xx_it.o
    0x080016a8   0x00000018   Code   RO          613    i.CRC_Sum           usart.o
    0x080016c0   0x0000001c   Code   RO          552    i.Cache_Enable      sys.o
    0x080016dc   0x00000002   Code   RO          360    i.DebugMon_Handler  stm32h7xx_it.o
    0x080016de   0x00000002   PAD
    0x080016e0   0x000000a0   Code   RO            6    i.EOT_Check         main.o
    0x08001780   0x00000390   Code   RO         4499    i.GPIO_All_Init     gpio.o
    0x08001b10   0x000000f8   Code   RO         1202    i.HAL_DMA_Abort_IT  stm32h7xx_hal_dma.o
    0x08001c08   0x00000014   Code   RO          749    i.HAL_EnableCompensationCell  stm32h7xx_hal.o
    0x08001c1c   0x0000024c   Code   RO         1389    i.HAL_GPIO_Init     stm32h7xx_hal_gpio.o
    0x08001e68   0x00000010   Code   RO         1391    i.HAL_GPIO_ReadPin  stm32h7xx_hal_gpio.o
    0x08001e78   0x0000000a   Code   RO         1393    i.HAL_GPIO_WritePin  stm32h7xx_hal_gpio.o
    0x08001e82   0x00000002   PAD
    0x08001e84   0x0000000c   Code   RO          756    i.HAL_GetTick       stm32h7xx_hal.o
    0x08001e90   0x00000018   Code   RO          759    i.HAL_IncTick       stm32h7xx_hal.o
    0x08001ea8   0x0000001c   Code   RO          760    i.HAL_Init          stm32h7xx_hal.o
    0x08001ec4   0x0000004c   Code   RO          761    i.HAL_InitTick      stm32h7xx_hal.o
    0x08001f10   0x00000002   Code   RO          474    i.HAL_MspInit       stm32h7xx_hal_msp.o
    0x08001f12   0x00000020   Code   RO         1054    i.HAL_NVIC_EnableIRQ  stm32h7xx_hal_cortex.o
    0x08001f32   0x0000007a   Code   RO         1060    i.HAL_NVIC_SetPriority  stm32h7xx_hal_cortex.o
    0x08001fac   0x00000028   Code   RO         1061    i.HAL_NVIC_SetPriorityGrouping  stm32h7xx_hal_cortex.o
    0x08001fd4   0x00000038   Code   RO         2084    i.HAL_RCCEx_GetD1SysClockFreq  stm32h7xx_hal_rcc_ex.o
    0x0800200c   0x0000002c   Code   RO         2085    i.HAL_RCCEx_GetD3PCLK1Freq  stm32h7xx_hal_rcc_ex.o
    0x08002038   0x0000022c   Code   RO         2087    i.HAL_RCCEx_GetPLL2ClockFreq  stm32h7xx_hal_rcc_ex.o
    0x08002264   0x0000022c   Code   RO         2088    i.HAL_RCCEx_GetPLL3ClockFreq  stm32h7xx_hal_rcc_ex.o
    0x08002490   0x00000250   Code   RO         1975    i.HAL_RCC_ClockConfig  stm32h7xx_hal_rcc.o
    0x080026e0   0x00000038   Code   RO         1979    i.HAL_RCC_GetHCLKFreq  stm32h7xx_hal_rcc.o
    0x08002718   0x0000002c   Code   RO         1981    i.HAL_RCC_GetPCLK1Freq  stm32h7xx_hal_rcc.o
    0x08002744   0x0000002c   Code   RO         1982    i.HAL_RCC_GetPCLK2Freq  stm32h7xx_hal_rcc.o
    0x08002770   0x00000244   Code   RO         1983    i.HAL_RCC_GetSysClockFreq  stm32h7xx_hal_rcc.o
    0x080029b4   0x000006c4   Code   RO         1986    i.HAL_RCC_OscConfig  stm32h7xx_hal_rcc.o
    0x08003078   0x00000028   Code   RO         1063    i.HAL_SYSTICK_CLKSourceConfig  stm32h7xx_hal_cortex.o
    0x080030a0   0x00000034   Code   RO         1065    i.HAL_SYSTICK_Config  stm32h7xx_hal_cortex.o
    0x080030d4   0x00000002   Code   RO         2598    i.HAL_UARTEx_WakeupCallback  stm32h7xx_hal_uart_ex.o
    0x080030d6   0x00000002   Code   RO         2262    i.HAL_UART_ErrorCallback  stm32h7xx_hal_uart.o
    0x080030d8   0x00000014   Code   RO         2264    i.HAL_UART_GetState  stm32h7xx_hal_uart.o
    0x080030ec   0x000001bc   Code   RO         2265    i.HAL_UART_IRQHandler  stm32h7xx_hal_uart.o
    0x080032a8   0x00000078   Code   RO         2266    i.HAL_UART_Init     stm32h7xx_hal_uart.o
    0x08003320   0x000001a0   Code   RO          614    i.HAL_UART_MspInit  usart.o
    0x080034c0   0x000000e0   Code   RO         2271    i.HAL_UART_Receive_IT  stm32h7xx_hal_uart.o
    0x080035a0   0x000001c4   Code   RO          615    i.HAL_UART_RxCpltCallback  usart.o
    0x08003764   0x000000c6   Code   RO         2274    i.HAL_UART_Transmit  stm32h7xx_hal_uart.o
    0x0800382a   0x00000002   Code   RO         2277    i.HAL_UART_TxCpltCallback  stm32h7xx_hal_uart.o
    0x0800382c   0x00000004   Code   RO          361    i.HardFault_Handler  stm32h7xx_it.o
    0x08003830   0x00000004   Code   RO          362    i.MemManage_Handler  stm32h7xx_it.o
    0x08003834   0x00000002   Code   RO          363    i.NMI_Handler       stm32h7xx_it.o
    0x08003836   0x00000002   Code   RO          364    i.PendSV_Handler    stm32h7xx_it.o
    0x08003838   0x0000009c   Code   RO          555    i.SCB_EnableDCache  sys.o
    0x080038d4   0x0000007c   Code   RO          556    i.SCB_EnableICache  sys.o
    0x08003950   0x00000002   Code   RO          365    i.SVC_Handler       stm32h7xx_it.o
    0x08003952   0x00000002   PAD
    0x08003954   0x00000098   Code   RO            7    i.SendBintoP8       main.o
    0x080039ec   0x00000044   Code   RO            8    i.Start_Test        main.o
    0x08003a30   0x000000f8   Code   RO          557    i.Stm32_Clock_Init  sys.o
    0x08003b28   0x00000008   Code   RO          366    i.SysTick_Handler   stm32h7xx_it.o
    0x08003b30   0x00000094   Code   RO          437    i.SystemInit        system_stm32h7xx.o
    0x08003bc4   0x000000ea   Code   RO         2279    i.UART_AdvFeatureConfig  stm32h7xx_hal_uart.o
    0x08003cae   0x00000074   Code   RO         2280    i.UART_CheckIdleState  stm32h7xx_hal_uart.o
    0x08003d22   0x00000018   Code   RO         2281    i.UART_DMAAbortOnError  stm32h7xx_hal_uart.o
    0x08003d3a   0x00000020   Code   RO         2291    i.UART_EndRxTransfer  stm32h7xx_hal_uart.o
    0x08003d5a   0x00000020   Code   RO         2292    i.UART_EndTransmit_IT  stm32h7xx_hal_uart.o
    0x08003d7a   0x0000008a   Code   RO         2294    i.UART_Receive_IT   stm32h7xx_hal_uart.o
    0x08003e04   0x000009a4   Code   RO         2295    i.UART_SetConfig    stm32h7xx_hal_uart.o
    0x080047a8   0x00000082   Code   RO         2296    i.UART_Transmit_IT  stm32h7xx_hal_uart.o
    0x0800482a   0x0000006c   Code   RO         2297    i.UART_WaitOnFlagUntilTimeout  stm32h7xx_hal_uart.o
    0x08004896   0x00000002   PAD
    0x08004898   0x00000050   Code   RO          616    i.USART1_IRQHandler  usart.o
    0x080048e8   0x00000050   Code   RO          617    i.USART2_IRQHandler  usart.o
    0x08004938   0x00000050   Code   RO          618    i.USART3_IRQHandler  usart.o
    0x08004988   0x00000004   Code   RO          367    i.UsageFault_Handler  stm32h7xx_it.o
    0x0800498c   0x00000140   Code   RO          619    i.Usart1_Rec_Start  usart.o
    0x08004acc   0x00000050   Code   RO          620    i.Usart2_TData_Rec  usart.o
    0x08004b1c   0x00000048   Code   RO          621    i.Usart3_TData_Start  usart.o
    0x08004b64   0x0000002c   Code   RO            9    i.Usart_select      main.o
    0x08004b90   0x00000030   Code   RO         4699    i.__ARM_fpclassify  m_wv.l(fpclassify.o)
    0x08004bc0   0x00000010   Code   RO         1067    i.__NVIC_GetPriorityGrouping  stm32h7xx_hal_cortex.o
    0x08004bd0   0x00000028   Code   RO         1068    i.__NVIC_SetPriority  stm32h7xx_hal_cortex.o
    0x08004bf8   0x0000000e   Code   RO         4604    i._is_digit         c_w.l(__printf_wp.o)
    0x08004c06   0x00000004   Code   RO          622    i._sys_exit         usart.o
    0x08004c0a   0x00000006   Code   RO          623    i.byte2Float        usart.o
    0x08004c10   0x00000014   Code   RO          512    i.delay_init        delay.o
    0x08004c24   0x00000018   Code   RO          513    i.delay_ms          delay.o
    0x08004c3c   0x00000048   Code   RO          514    i.delay_us          delay.o
    0x08004c84   0x0000001c   Code   RO          624    i.fputc             usart.o
    0x08004ca0   0x00000264   Code   RO           10    i.main              main.o
    0x08004f04   0x00000038   Code   RO          625    i.uart1_init        usart.o
    0x08004f3c   0x00000038   Code   RO          626    i.uart2_init        usart.o
    0x08004f74   0x00000038   Code   RO          627    i.uart3_init        usart.o
    0x08004fac   0x0000002c   Code   RO         4694    locale$$code        c_w.l(lc_numeric_c.o)
    0x08004fd8   0x0000000a   Code   RO         4777    x$fpl$fpinit        fz_wv.l(fpinit.o)
    0x08004fe2   0x00000004   Code   RO         4622    x$fpl$printf1       fz_wv.l(printf1.o)
    0x08004fe6   0x00000000   Code   RO         4698    x$fpl$usenofp       fz_wv.l(usenofp.o)
    0x08004fe6   0x00000040   Data   RO          438    .constdata          system_stm32h7xx.o
    0x08005026   0x00000030   Data   RO         2298    .constdata          stm32h7xx_hal_uart.o
    0x08005056   0x00000028   Data   RO         4577    .constdata          c_w.l(_printf_hex_int.o)
    0x0800507e   0x00000002   PAD
    0x08005080   0x00000094   Data   RO         4665    .constdata          c_w.l(bigflt0.o)
    0x08005114   0x000001f1   Data   RO           12    .conststring        main.o
    0x08005305   0x00000003   PAD
    0x08005308   0x00000020   Data   RO         4844    Region$$Table       anon$$obj.o
    0x08005328   0x0000001c   Data   RO         4693    locale$$data        c_w.l(lc_numeric_c.o)


    Execution Region RW_IRAM1 (Base: 0x20000000, Size: 0x00000000, Max: 0x00020000, ABSOLUTE)

    **** No section assigned to this execution region ****


    Execution Region RW_IRAM2 (Base: 0x24000000, Size: 0x000009c0, Max: 0x00080000, ABSOLUTE)

    Base Addr    Size         Type   Attr      Idx    E Section Name        Object

    0x24000000   0x00000008   Data   RW          439    .data               system_stm32h7xx.o
    0x24000008   0x00000004   Data   RW          516    .data               delay.o
    0x2400000c   0x00000035   Data   RW          630    .data               usart.o
    0x24000041   0x00000003   PAD
    0x24000044   0x00000009   Data   RW          783    .data               stm32h7xx_hal.o
    0x2400004d   0x00000003   PAD
    0x24000050   0x0000030c   Zero   RW          628    .bss                usart.o
    0x2400035c   0x00000060   Zero   RW         4702    .bss                c_w.l(libspace.o)
    0x240003bc   0x00000004   PAD
    0x240003c0   0x00000200   Zero   RW          503    HEAP                startup_stm32h743xx.o
    0x240005c0   0x00000400   Zero   RW          502    STACK               startup_stm32h743xx.o


==============================================================================

Image component sizes


      Code (inc. data)   RO Data    RW Data    ZI Data      Debug   Object Name

       116          8          0          4          0       2039   delay.o
       912         32          0          0          0       1532   gpio.o
      1148        124        497          0          0    1175240   main.o
        64         26        664          0       1536        832   startup_stm32h743xx.o
       160         32          0          9          0       4003   stm32h7xx_hal.o
       342         22          0          0          0      39449   stm32h7xx_hal_cortex.o
       248         12          0          0          0       2087   stm32h7xx_hal_dma.o
       614         54          0          0          0       3187   stm32h7xx_hal_gpio.o
         2          0          0          0          0        454   stm32h7xx_hal_msp.o
      3048         86          0          0          0       6028   stm32h7xx_hal_rcc.o
      1212         70          0          0          0       3571   stm32h7xx_hal_rcc_ex.o
      4292        140         48          0          0      13984   stm32h7xx_hal_uart.o
         2          0          0          0          0        984   stm32h7xx_hal_uart_ex.o
        32          0          0          0          0       4126   stm32h7xx_it.o
       556         30          0          0          0      37345   sys.o
       148         18         64          8          0       1262   system_stm32h7xx.o
      1810        216          0         53        780      12299   usart.o

    ----------------------------------------------------------------------
     14714        870       1308         80       2316    1308422   Object Totals
         0          0         32          0          0          0   (incl. Generated)
         8          0          3          6          0          0   (incl. Padding)

    ----------------------------------------------------------------------

      Code (inc. data)   RO Data    RW Data    ZI Data      Debug   Library Member Name

         8          0          0          0          0         68   __main.o
       284          0          0          0          0        156   __printf_wp.o
         0          0          0          0          0          0   __rtentry.o
        12          0          0          0          0          0   __rtentry2.o
         6          0          0          0          0          0   __rtentry4.o
        52          8          0          0          0          0   __scatter.o
        26          0          0          0          0          0   __scatter_copy.o
        28          0          0          0          0          0   __scatter_zi.o
        48          6          0          0          0         96   _printf_char_common.o
        36          4          0          0          0         80   _printf_char_file.o
         6          0          0          0          0          0   _printf_d.o
       120         16          0          0          0         92   _printf_dec.o
         6          0          0          0          0          0   _printf_f.o
      1050          0          0          0          0        216   _printf_fp_dec.o
       128         16          0          0          0         84   _printf_fp_infnan.o
        88          4         40          0          0         88   _printf_hex_int.o
       178          0          0          0          0         88   _printf_intcommon.o
        78          0          0          0          0        108   _printf_pad.o
         0          0          0          0          0          0   _printf_percent.o
         4          0          0          0          0          0   _printf_percent_end.o
         6          0          0          0          0          0   _printf_x.o
       220          4        148          0          0         96   bigflt0.o
      1910        128          0          0          0        672   btod.o
        18          0          0          0          0         80   exit.o
         8          0          0          0          0         68   ferror.o
         6          0          0          0          0        152   heapauxi.o
        44         10         28          0          0         76   lc_numeric_c.o
         2          0          0          0          0          0   libinit.o
        22          0          0          0          0          0   libinit2.o
         2          0          0          0          0          0   libshutdown.o
         2          0          0          0          0          0   libshutdown2.o
         8          4          0          0         96         68   libspace.o
       138          0          0          0          0         80   lludiv10.o
       238          0          0          0          0        100   lludivv7m.o
        24          4          0          0          0         84   noretval__2printf.o
         8          4          0          0          0         68   rt_locale_intlibspace.o
         2          0          0          0          0          0   rtexit.o
        10          0          0          0          0          0   rtexit2.o
       104          0          0          0          0         68   strcmpv7m_pel.o
        74          0          0          0          0         80   sys_stackheap_outer.o
        10          0          0          0          0        116   fpinit.o
         4          0          0          0          0        116   printf1.o
         0          0          0          0          0          0   usenofp.o
        48          0          0          0          0        124   fpclassify.o

    ----------------------------------------------------------------------
      5076        208        218          0        100       3124   Library Totals
        10          0          2          0          4          0   (incl. Padding)

    ----------------------------------------------------------------------

      Code (inc. data)   RO Data    RW Data    ZI Data      Debug   Library Name

      5004        208        216          0         96       2768   c_w.l
        14          0          0          0          0        232   fz_wv.l
        48          0          0          0          0        124   m_wv.l

    ----------------------------------------------------------------------
      5076        208        218          0        100       3124   Library Totals

    ----------------------------------------------------------------------

==============================================================================


      Code (inc. data)   RO Data    RW Data    ZI Data      Debug   

     19790       1078       1526         80       2416    1302290   Grand Totals
     19790       1078       1526         80       2416    1302290   ELF Image Totals
     19790       1078       1526         80          0          0   ROM Totals

==============================================================================

    Total RO  Size (Code + RO Data)                21316 (  20.82kB)
    Total RW  Size (RW Data + ZI Data)              2496 (   2.44kB)
    Total ROM Size (Code + RO Data + RW Data)      21396 (  20.89kB)

==============================================================================

