Component: ARM Compiler 5.06 update 4 (build 422) Tool: armlink [4d35d2]

==============================================================================

Section Cross References

    main.o(i.ChDutyCycle) refers to pmu_dps_fm_vi.o(i.Dps_FV) for Dps_FV
    main.o(i.ChDutyCycle) refers to pmu_dps_fm_vi.o(i.SetDpsR) for SetDpsR
    main.o(i.ChDutyCycle) refers to delay.o(i.delay_ms) for delay_ms
    main.o(i.ChDutyCycle) refers to gpio.o(i.SetDutR) for SetDutR
    main.o(i.ChDutyCycle) refers to stm32h7xx_hal_gpio.o(i.HAL_GPIO_WritePin) for HAL_GPIO_WritePin
    main.o(i.ChDutyCycle) refers to pmu_dps_fm_vi.o(i.Pull_Set) for Pull_Set
    main.o(i.ChDutyCycle) refers to data.o(i.IO_Data) for IO_Data
    main.o(i.ChDutyCycle) refers to timer.o(i.TIM8_Cap_Init) for TIM8_Cap_Init
    main.o(i.ChDutyCycle) refers to periodcheck.o(i.TIM8_CH2_PeriodCheck) for TIM8_CH2_PeriodCheck
    main.o(i.ChDutyCycle) refers to periodcheck.o(i.TIM8_CH3_PeriodCheck) for TIM8_CH3_PeriodCheck
    main.o(i.ChDutyCycle) refers to periodcheck.o(i.TIM8_CH4_PeriodCheck) for TIM8_CH4_PeriodCheck
    main.o(i.ChDutyCycle) refers to gpio.o(i.SetBin) for SetBin
    main.o(i.ChDutyCycle) refers to timer.o(i.TIM8_Cap_DeInit) for TIM8_Cap_DeInit
    main.o(i.ChDutyCycle) refers to main.o(.data) for data_cnt
    main.o(i.ChDutyCycle) refers to usart.o(.bss) for USART2_TX_BUF
    main.o(i.Connec) refers to pmu_dps_fm_vi.o(i.Pmu_FI) for Pmu_FI
    main.o(i.Connec) refers to pmu_dps_fm_vi.o(i.Pmu_MV) for Pmu_MV
    main.o(i.Connec) refers to delay.o(i.delay_ms) for delay_ms
    main.o(i.Connec) refers to pmu_dps_fm_vi.o(i.Dps_FV) for Dps_FV
    main.o(i.Connec) refers to pmu_dps_fm_vi.o(i.SetDpsR) for SetDpsR
    main.o(i.DecoFreq) refers to pmu_dps_fm_vi.o(i.Pmu_FV) for Pmu_FV
    main.o(i.DecoFreq) refers to gpio.o(i.PMU_FS) for PMU_FS
    main.o(i.DecoFreq) refers to delay.o(i.delay_ms) for delay_ms
    main.o(i.DecoFreq) refers to gpio.o(i.SetDutR) for SetDutR
    main.o(i.DecoFreq) refers to pmu_dps_fm_vi.o(i.Dps_FV) for Dps_FV
    main.o(i.DecoFreq) refers to pmu_dps_fm_vi.o(i.SetDpsR) for SetDpsR
    main.o(i.DecoFreq) refers to timer.o(i.TIM8CH1_PWM) for TIM8CH1_PWM
    main.o(i.DecoFreq) refers to timer.o(i.TIM1_Cap_Init) for TIM1_Cap_Init
    main.o(i.DecoFreq) refers to gpio.o(i.SetBin) for SetBin
    main.o(i.DecoFreq) refers to gpio.o(i.Fix) for Fix
    main.o(i.DecoFreq) refers to timer.o(i.TIM1_Cap_DeInit) for TIM1_Cap_DeInit
    main.o(i.DecoFreq) refers to gpio.o(i.PAInit_DeTIM1) for PAInit_DeTIM1
    main.o(i.DecoFreq) refers to stm32h7xx_hal_tim.o(i.HAL_TIM_PWM_DeInit) for HAL_TIM_PWM_DeInit
    main.o(i.DecoFreq) refers to gpio.o(i.PCInit_DeTIM8) for PCInit_DeTIM8
    main.o(i.DecoFreq) refers to timer.o(.data) for TIM1CH1_CAPTURE_STA
    main.o(i.DecoFreq) refers to timer.o(.bss) for TIM1CH1_CAPTURE_PerioVAL
    main.o(i.DecoFreq) refers to main.o(.data) for data_cnt
    main.o(i.DecoFreq) refers to usart.o(.bss) for USART2_TX_BUF
    main.o(i.DecoFreq) refers to gpio.o(.data) for Bad_flag
    main.o(i.DriveCap) refers to pmu_dps_fm_vi.o(i.Dps_FV) for Dps_FV
    main.o(i.DriveCap) refers to pmu_dps_fm_vi.o(i.SetDpsR) for SetDpsR
    main.o(i.DriveCap) refers to delay.o(i.delay_ms) for delay_ms
    main.o(i.DriveCap) refers to data.o(i.IO_Data) for IO_Data
    main.o(i.DriveCap) refers to stm32h7xx_hal_gpio.o(i.HAL_GPIO_WritePin) for HAL_GPIO_WritePin
    main.o(i.DriveCap) refers to pmu_dps_fm_vi.o(i.Pmu_FV) for Pmu_FV
    main.o(i.DriveCap) refers to pmu_dps_fm_vi.o(i.Pmu_MI) for Pmu_MI
    main.o(i.DriveCap) refers to gpio.o(i.SetDutR) for SetDutR
    main.o(i.Func) refers to pmu_dps_fm_vi.o(i.Dps_FV) for Dps_FV
    main.o(i.Func) refers to pmu_dps_fm_vi.o(i.SetDpsR) for SetDpsR
    main.o(i.Func) refers to gpio.o(i.SetDutR) for SetDutR
    main.o(i.Func) refers to delay.o(i.delay_ms) for delay_ms
    main.o(i.Func) refers to timer.o(i.TIM8CH1_PWM) for TIM8CH1_PWM
    main.o(i.Func) refers to timer.o(i.TIM1_Cap_Init) for TIM1_Cap_Init
    main.o(i.Func) refers to gpio.o(i.SetBin) for SetBin
    main.o(i.Func) refers to timer.o(.data) for TIM1CH1_CAPTURE_STA
    main.o(i.Func) refers to timer.o(.bss) for TIM1CH1_CAPTURE_VAL
    main.o(i.Func) refers to main.o(.data) for data_cnt
    main.o(i.Func) refers to usart.o(.bss) for USART2_TX_BUF
    main.o(i.LeakCurr) refers to pmu_dps_fm_vi.o(i.Dps_FV) for Dps_FV
    main.o(i.LeakCurr) refers to pmu_dps_fm_vi.o(i.SetDpsR) for SetDpsR
    main.o(i.LeakCurr) refers to delay.o(i.delay_ms) for delay_ms
    main.o(i.LeakCurr) refers to gpio.o(i.SetDutR) for SetDutR
    main.o(i.LeakCurr) refers to timer.o(i.TIM8CH1_PWM) for TIM8CH1_PWM
    main.o(i.LeakCurr) refers to stm32h7xx_hal_tim.o(i.HAL_TIM_PWM_DeInit) for HAL_TIM_PWM_DeInit
    main.o(i.LeakCurr) refers to gpio.o(i.PCInit_DeTIM8) for PCInit_DeTIM8
    main.o(i.LeakCurr) refers to stm32h7xx_hal_gpio.o(i.HAL_GPIO_WritePin) for HAL_GPIO_WritePin
[...]
    i.Stm32_Clock_Init                       0x08007f90   Section        0  sys.o(i.Stm32_Clock_Init)
    i.SysTick_Handler                        0x08008088   Section        0  stm32h7xx_it.o(i.SysTick_Handler)
    i.SystemInit                             0x08008090   Section        0  system_stm32h7xx.o(i.SystemInit)
    i.TIM1_CC_IRQHandler                     0x08008124   Section        0  timer.o(i.TIM1_CC_IRQHandler)
    i.TIM1_Cap_DeInit                        0x08008134   Section        0  timer.o(i.TIM1_Cap_DeInit)
    i.TIM1_Cap_Init                          0x080081d0   Section        0  timer.o(i.TIM1_Cap_Init)
    i.TIM8CH1_PWM                            0x08008380   Section        0  timer.o(i.TIM8CH1_PWM)
    i.TIM8CH1_PWM_Init                       0x08008398   Section        0  timer.o(i.TIM8CH1_PWM_Init)
    i.TIM8_CC_IRQHandler                     0x080083ec   Section        0  timer.o(i.TIM8_CC_IRQHandler)
    i.TIM8_CH2_PeriodCheck                   0x080083fc   Section        0  periodcheck.o(i.TIM8_CH2_PeriodCheck)
    i.TIM8_CH3_PeriodCheck                   0x080084b0   Section        0  periodcheck.o(i.TIM8_CH3_PeriodCheck)
    i.TIM8_CH4_PeriodCheck                   0x08008564   Section        0  periodcheck.o(i.TIM8_CH4_PeriodCheck)
    i.TIM8_Cap_DeInit                        0x08008618   Section        0  timer.o(i.TIM8_Cap_DeInit)
    i.TIM8_Cap_Init                          0x08008684   Section        0  timer.o(i.TIM8_Cap_Init)
    i.TIM_Base_SetConfig                     0x080087e8   Section        0  stm32h7xx_hal_tim.o(i.TIM_Base_SetConfig)
    i.TIM_CCxChannelCmd                      0x080088b4   Section        0  stm32h7xx_hal_tim.o(i.TIM_CCxChannelCmd)
    i.TIM_ETR_SetConfig                      0x080088d0   Section        0  stm32h7xx_hal_tim.o(i.TIM_ETR_SetConfig)
    i.TIM_OC1_SetConfig                      0x080088e8   Section        0  stm32h7xx_hal_tim.o(i.TIM_OC1_SetConfig)
    i.TIM_OC2_SetConfig                      0x08008998   Section        0  stm32h7xx_hal_tim.o(i.TIM_OC2_SetConfig)
    i.TIM_OC3_SetConfig                      0x08008a54   Section        0  stm32h7xx_hal_tim.o(i.TIM_OC3_SetConfig)
    i.TIM_OC4_SetConfig                      0x08008b08   Section        0  stm32h7xx_hal_tim.o(i.TIM_OC4_SetConfig)
    i.TIM_OC5_SetConfig                      0x08008b80   Section        0  stm32h7xx_hal_tim.o(i.TIM_OC5_SetConfig)
    TIM_OC5_SetConfig                        0x08008b81   Thumb Code    92  stm32h7xx_hal_tim.o(i.TIM_OC5_SetConfig)
    i.TIM_OC6_SetConfig                      0x08008bf0   Section        0  stm32h7xx_hal_tim.o(i.TIM_OC6_SetConfig)
    TIM_OC6_SetConfig                        0x08008bf1   Thumb Code    94  stm32h7xx_hal_tim.o(i.TIM_OC6_SetConfig)
    i.TIM_SetTIM8Compare1                    0x08008c64   Section        0  timer.o(i.TIM_SetTIM8Compare1)
    i.TIM_SlaveTimer_SetConfig               0x08008c70   Section        0  stm32h7xx_hal_tim.o(i.TIM_SlaveTimer_SetConfig)
    TIM_SlaveTimer_SetConfig                 0x08008c71   Thumb Code   164  stm32h7xx_hal_tim.o(i.TIM_SlaveTimer_SetConfig)
    i.TIM_TI1_ConfigInputStage               0x08008d1c   Section        0  stm32h7xx_hal_tim.o(i.TIM_TI1_ConfigInputStage)
    TIM_TI1_ConfigInputStage                 0x08008d1d   Thumb Code    42  stm32h7xx_hal_tim.o(i.TIM_TI1_ConfigInputStage)
    i.TIM_TI1_SetConfig                      0x08008d48   Section        0  stm32h7xx_hal_tim.o(i.TIM_TI1_SetConfig)
    i.TIM_TI2_ConfigInputStage               0x08008ddc   Section        0  stm32h7xx_hal_tim.o(i.TIM_TI2_ConfigInputStage)
    TIM_TI2_ConfigInputStage                 0x08008ddd   Thumb Code    44  stm32h7xx_hal_tim.o(i.TIM_TI2_ConfigInputStage)
    i.TIM_TI2_SetConfig                      0x08008e08   Section        0  stm32h7xx_hal_tim.o(i.TIM_TI2_SetConfig)
    TIM_TI2_SetConfig                        0x08008e09   Thumb Code    62  stm32h7xx_hal_tim.o(i.TIM_TI2_SetConfig)
    i.TIM_TI3_SetConfig                      0x08008e46   Section        0  stm32h7xx_hal_tim.o(i.TIM_TI3_SetConfig)
    TIM_TI3_SetConfig                        0x08008e47   Thumb Code    60  stm32h7xx_hal_tim.o(i.TIM_TI3_SetConfig)
    i.TIM_TI4_SetConfig                      0x08008e82   Section        0  stm32h7xx_hal_tim.o(i.TIM_TI4_SetConfig)
    TIM_TI4_SetConfig                        0x08008e83   Thumb Code    64  stm32h7xx_hal_tim.o(i.TIM_TI4_SetConfig)
    i.UART_AdvFeatureConfig                  0x08008ec2   Section        0  stm32h7xx_hal_uart.o(i.UART_AdvFeatureConfig)
    i.UART_CheckIdleState                    0x08008fac   Section        0  stm32h7xx_hal_uart.o(i.UART_CheckIdleState)
    i.UART_DMAAbortOnError                   0x08009020   Section        0  stm32h7xx_hal_uart.o(i.UART_DMAAbortOnError)
    UART_DMAAbortOnError                     0x08009021   Thumb Code    24  stm32h7xx_hal_uart.o(i.UART_DMAAbortOnError)
    i.UART_EndRxTransfer                     0x08009038   Section        0  stm32h7xx_hal_uart.o(i.UART_EndRxTransfer)
    UART_EndRxTransfer                       0x08009039   Thumb Code    32  stm32h7xx_hal_uart.o(i.UART_EndRxTransfer)
    i.UART_EndTransmit_IT                    0x08009058   Section        0  stm32h7xx_hal_uart.o(i.UART_EndTransmit_IT)
    UART_EndTransmit_IT                      0x08009059   Thumb Code    32  stm32h7xx_hal_uart.o(i.UART_EndTransmit_IT)
    i.UART_Receive_IT                        0x08009078   Section        0  stm32h7xx_hal_uart.o(i.UART_Receive_IT)
    UART_Receive_IT                          0x08009079   Thumb Code   138  stm32h7xx_hal_uart.o(i.UART_Receive_IT)
    i.UART_SetConfig                         0x08009104   Section        0  stm32h7xx_hal_uart.o(i.UART_SetConfig)
    i.UART_Transmit_IT                       0x08009aa8   Section        0  stm32h7xx_hal_uart.o(i.UART_Transmit_IT)
    UART_Transmit_IT                         0x08009aa9   Thumb Code   130  stm32h7xx_hal_uart.o(i.UART_Transmit_IT)
    i.UART_WaitOnFlagUntilTimeout            0x08009b2a   Section        0  stm32h7xx_hal_uart.o(i.UART_WaitOnFlagUntilTimeout)
    i.USART1_IRQHandler                      0x08009b98   Section        0  usart.o(i.USART1_IRQHandler)
    i.USART2_IRQHandler                      0x08009be8   Section        0  usart.o(i.USART2_IRQHandler)
    i.UsageFault_Handler                     0x08009c38   Section        0  stm32h7xx_it.o(i.UsageFault_Handler)
    i.Usart2_Data_Requst                     0x08009c3c   Section        0  usart.o(i.Usart2_Data_Requst)
    i.__NVIC_GetPriorityGrouping             0x08009c94   Section        0  stm32h7xx_hal_cortex.o(i.__NVIC_GetPriorityGrouping)
    __NVIC_GetPriorityGrouping               0x08009c95   Thumb Code    10  stm32h7xx_hal_cortex.o(i.__NVIC_GetPriorityGrouping)
    i.__NVIC_SetPriority                     0x08009ca4   Section        0  stm32h7xx_hal_cortex.o(i.__NVIC_SetPriority)
    __NVIC_SetPriority                       0x08009ca5   Thumb Code    32  stm32h7xx_hal_cortex.o(i.__NVIC_SetPriority)
    i._sys_exit                              0x08009ccc   Section        0  usart.o(i._sys_exit)
    i.delay_init                             0x08009cd0   Section        0  delay.o(i.delay_init)
    i.delay_ms                               0x08009ce4   Section        0  delay.o(i.delay_ms)
    i.delay_us                               0x08009cfc   Section        0  delay.o(i.delay_us)
    i.main                                   0x08009d44   Section        0  main.o(i.main)
    i.uart2_init                             0x08009e78   Section        0  usart.o(i.uart2_init)
    x$fpl$fpinit                             0x08009eb0   Section       10  fpinit.o(x$fpl$fpinit)
    $v0                                      0x08009eb0   Number         0  fpinit.o(x$fpl$fpinit)
    .constdata                               0x08009eba   Section       64  system_stm32h7xx.o(.constdata)
    UARTPrescTable                           0x08009eba   Data          24  system_stm32h7xx.o(.constdata)
    USARTPrescTable                          0x08009ed2   Data          24  system_stm32h7xx.o(.constdata)
    .constdata                               0x08009efa   Section       48  stm32h7xx_hal_uart.o(.constdata)
    UARTPrescTable                           0x08009efa   Data          24  stm32h7xx_hal_uart.o(.constdata)
    USARTPrescTable                          0x08009f12   Data          24  stm32h7xx_hal_uart.o(.constdata)
    .data                                    0x24000000   Section        4  main.o(.data)
    .data                                    0x24000004   Section        8  system_stm32h7xx.o(.data)
    .data                                    0x24000010   Section      112  periodcheck.o(.data)
    .data                                    0x24000080   Section        4  delay.o(.data)
    fac_us                                   0x24000080   Data           4  delay.o(.data)
    .data                                    0x24000084   Section       16  usart.o(.data)
    .data                                    0x24000094   Section        9  stm32h7xx_hal.o(.data)
    uwTick                                   0x24000094   Data           4  stm32h7xx_hal.o(.data)
    uwTickPrio                               0x24000098   Data           4  stm32h7xx_hal.o(.data)
    uwTickFreq                               0x2400009c   Data           1  stm32h7xx_hal.o(.data)
    .data                                    0x240000a0   Section       49  timer.o(.data)
    .data                                    0x240000d1   Section        1  gpio.o(.data)
    .data                                    0x240000d4   Section        6  data.o(.data)
    .bss                                     0x240000dc   Section      546  usart.o(.bss)
    .bss                                     0x24000300   Section      208  timer.o(.bss)
    .bss                                     0x240003d0   Section      200  adc.o(.bss)
    .bss                                     0x24000498   Section       92  dac.o(.bss)
    .bss                                     0x240004f4   Section       20  gpio.o(.bss)
    .bss                                     0x24000508   Section       96  libspace.o(.bss)
    HEAP                                     0x24000568   Section      512  startup_stm32h743xx.o(HEAP)
    Heap_Mem                                 0x24000568   Data         512  startup_stm32h743xx.o(HEAP)
    STACK                                    0x24000768   Section     1024  startup_stm32h743xx.o(STACK)
    Stack_Mem                                0x24000768   Data        1024  startup_stm32h743xx.o(STACK)
    __initial_sp                             0x24000b68   Data           0  startup_stm32h743xx.o(STACK)

    Global Symbols

    Symbol Name                              Value     Ov Type        Size  Object(Section)

    BuildAttributes$$THM_ISAv4$E$P$D$K$B$S$7EM$VFPv5_D16$PE$PLD8$A:L22UL41UL21$X:L11$S22US41US21$IEEE1$IW$USESV6$~STKCKD$USESV7$~SHL$OSPACE$ROPI$EBA8$UX$STANDARDLIB$REQ8$PRES8$EABIv2 0x00000000   Number         0  anon$$obj.o ABSOLUTE
    __ARM_use_no_argv                        0x00000000   Number         0  main.o ABSOLUTE
    _printf_flags                            0x00000000   Number         0  printf_stubs.o ABSOLUTE
    _printf_return_value                     0x00000000   Number         0  printf_stubs.o ABSOLUTE
    _printf_sizespec                         0x00000000   Number         0  printf_stubs.o ABSOLUTE
    _printf_widthprec                        0x00000000   Number         0  printf_stubs.o ABSOLUTE
    __ARM_exceptions_init                     - Undefined Weak Reference
    __alloca_initialize                       - Undefined Weak Reference
    __arm_preinit_                            - Undefined Weak Reference
    __cpp_initialize__aeabi_                  - Undefined Weak Reference
    __cxa_finalize                            - Undefined Weak Reference
    __rt_locale                               - Undefined Weak Reference
    __sigvec_lookup                           - Undefined Weak Reference
    _atexit_init                              - Undefined Weak Reference
    _call_atexit_fns                          - Undefined Weak Reference
    _clock_init                               - Undefined Weak Reference
    _fp_trap_init                             - Undefined Weak Reference
    _fp_trap_shutdown                         - Undefined Weak Reference
    _get_lc_collate                           - Undefined Weak Reference
    _get_lc_ctype                             - Undefined Weak Reference
    _get_lc_monetary                          - Undefined Weak Reference
    _get_lc_numeric                           - Undefined Weak Reference
    _get_lc_time                              - Undefined Weak Reference
    _getenv_init                              - Undefined Weak Reference
    _handle_redirection                       - Undefined Weak Reference
    _init_alloc                               - Undefined Weak Reference
    _init_user_alloc                          - Undefined Weak Reference
    _initio                                   - Undefined Weak Reference
    _mutex_acquire                            - Undefined Weak Reference
    _mutex_release                            - Undefined Weak Reference
    _printf_post_padding                      - Undefined Weak Reference
    _printf_pre_padding                       - Undefined Weak Reference
    _printf_truncate_signed                   - Undefined Weak Reference
    _printf_truncate_unsigned                 - Undefined Weak Reference
    _rand_init                                - Undefined Weak Reference
    _signal_finish                            - Undefined Weak Reference
    _signal_init                              - Undefined Weak Reference
    _terminate_alloc                          - Undefined Weak Reference
    _terminate_user_alloc                     - Undefined Weak Reference
    _terminateio                              - Undefined Weak Reference
    __Vectors_Size                           0x00000298   Number         0  startup_stm32h743xx.o ABSOLUTE
    __Vectors                                0x08000000   Data           4  startup_stm32h743xx.o(RESET)
    __Vectors_End                            0x08000298   Data           0  startup_stm32h743xx.o(RESET)
    __main                                   0x08000299   Thumb Code     8  __main.o(!!!main)
    __scatterload                            0x080002a1   Thumb Code     0  __scatter.o(!!!scatter)
    __scatterload_rt2                        0x080002a1   Thumb Code    44  __scatter.o(!!!scatter)
    __scatterload_rt2_thumb_only             0x080002a1   Thumb Code     0  __scatter.o(!!!scatter)
    __scatterload_null                       0x080002af   Thumb Code     0  __scatter.o(!!!scatter)
    __scatterload_copy                       0x080002d5   Thumb Code    26  __scatter_copy.o(!!handler_copy)
    __scatterload_zeroinit                   0x080002f1   Thumb Code    28  __scatter_zi.o(!!handler_zi)
    __rt_lib_init                            0x0800030d   Thumb Code     0  libinit.o(.ARM.Collect$$libinit$$00000000)
    __rt_lib_init_fp_1                       0x0800030f   Thumb Code     0  libinit2.o(.ARM.Collect$$libinit$$00000001)
    __rt_lib_init_alloca_1                   0x08000313   Thumb Code     0  libinit2.o(.ARM.Collect$$libinit$$0000002E)
    __rt_lib_init_argv_1                     0x08000313   Thumb Code     0  libinit2.o(.ARM.Collect$$libinit$$0000002C)
    __rt_lib_init_atexit_1                   0x08000313   Thumb Code     0  libinit2.o(.ARM.Collect$$libinit$$0000001B)
    __rt_lib_init_clock_1                    0x08000313   Thumb Code     0  libinit2.o(.ARM.Collect$$libinit$$00000021)
    __rt_lib_init_cpp_1                      0x08000313   Thumb Code     0  libinit2.o(.ARM.Collect$$libinit$$00000032)
    __rt_lib_init_exceptions_1               0x08000313   Thumb Code     0  libinit2.o(.ARM.Collect$$libinit$$00000030)
    __rt_lib_init_fp_trap_1                  0x08000313   Thumb Code     0  libinit2.o(.ARM.Collect$$libinit$$0000001F)
    __rt_lib_init_getenv_1                   0x08000313   Thumb Code     0  libinit2.o(.ARM.Collect$$libinit$$00000023)
    __rt_lib_init_heap_1                     0x08000313   Thumb Code     0  libinit2.o(.ARM.Collect$$libinit$$0000000A)
    __rt_lib_init_lc_collate_1               0x08000313   Thumb Code     0  libinit2.o(.ARM.Collect$$libinit$$00000011)
    __rt_lib_init_lc_ctype_1                 0x08000313   Thumb Code     0  libinit2.o(.ARM.Collect$$libinit$$00000013)
    __rt_lib_init_lc_monetary_1              0x08000313   Thumb Code     0  libinit2.o(.ARM.Collect$$libinit$$00000015)
    __rt_lib_init_lc_numeric_1               0x08000313   Thumb Code     0  libinit2.o(.ARM.Collect$$libinit$$00000017)
    __rt_lib_init_lc_time_1                  0x08000313   Thumb Code     0  libinit2.o(.ARM.Collect$$libinit$$00000019)
    __rt_lib_init_preinit_1                  0x08000313   Thumb Code     0  libinit2.o(.ARM.Collect$$libinit$$00000004)
    __rt_lib_init_rand_1                     0x08000313   Thumb Code     0  libinit2.o(.ARM.Collect$$libinit$$0000000E)
    __rt_lib_init_return                     0x08000313   Thumb Code     0  libinit2.o(.ARM.Collect$$libinit$$00000033)
    __rt_lib_init_signal_1                   0x08000313   Thumb Code     0  libinit2.o(.ARM.Collect$$libinit$$0000001D)
    __rt_lib_init_stdio_1                    0x08000313   Thumb Code     0  libinit2.o(.ARM.Collect$$libinit$$00000025)
    __rt_lib_init_user_alloc_1               0x08000313   Thumb Code     0  libinit2.o(.ARM.Collect$$libinit$$0000000C)
    __rt_lib_shutdown                        0x08000315   Thumb Code     0  libshutdown.o(.ARM.Collect$$libshutdown$$00000000)
    __rt_lib_shutdown_cpp_1                  0x08000317   Thumb Code     0  libshutdown2.o(.ARM.Collect$$libshutdown$$00000002)
    __rt_lib_shutdown_fp_trap_1              0x08000317   Thumb Code     0  libshutdown2.o(.ARM.Collect$$libshutdown$$00000007)
    __rt_lib_shutdown_heap_1                 0x08000317   Thumb Code     0  libshutdown2.o(.ARM.Collect$$libshutdown$$0000000F)
    __rt_lib_shutdown_return                 0x08000317   Thumb Code     0  libshutdown2.o(.ARM.Collect$$libshutdown$$00000010)
    __rt_lib_shutdown_signal_1               0x08000317   Thumb Code     0  libshutdown2.o(.ARM.Collect$$libshutdown$$0000000A)
    __rt_lib_shutdown_stdio_1                0x08000317   Thumb Code     0  libshutdown2.o(.ARM.Collect$$libshutdown$$00000004)
    __rt_lib_shutdown_user_alloc_1           0x08000317   Thumb Code     0  libshutdown2.o(.ARM.Collect$$libshutdown$$0000000C)
    __rt_entry                               0x08000319   Thumb Code     0  __rtentry.o(.ARM.Collect$$rtentry$$00000000)
    __rt_entry_presh_1                       0x08000319   Thumb Code     0  __rtentry2.o(.ARM.Collect$$rtentry$$00000002)
    __rt_entry_sh                            0x08000319   Thumb Code     0  __rtentry4.o(.ARM.Collect$$rtentry$$00000004)
    __rt_entry_li                            0x0800031f   Thumb Code     0  __rtentry2.o(.ARM.Collect$$rtentry$$0000000A)
    __rt_entry_postsh_1                      0x0800031f   Thumb Code     0  __rtentry2.o(.ARM.Collect$$rtentry$$00000009)
    __rt_entry_main                          0x08000323   Thumb Code     0  __rtentry2.o(.ARM.Collect$$rtentry$$0000000D)
    __rt_entry_postli_1                      0x08000323   Thumb Code     0  __rtentry2.o(.ARM.Collect$$rtentry$$0000000C)
    __rt_exit                                0x0800032b   Thumb Code     0  rtexit.o(.ARM.Collect$$rtexit$$00000000)
    __rt_exit_ls                             0x0800032d   Thumb Code     0  rtexit2.o(.ARM.Collect$$rtexit$$00000003)
    __rt_exit_prels_1                        0x0800032d   Thumb Code     0  rtexit2.o(.ARM.Collect$$rtexit$$00000002)
    __rt_exit_exit                           0x08000331   Thumb Code     0  rtexit2.o(.ARM.Collect$$rtexit$$00000004)
    Reset_Handler                            0x08000339   Thumb Code     8  startup_stm32h743xx.o(.text)
    ADC3_IRQHandler                          0x08000353   Thumb Code     0  startup_stm32h743xx.o(.text)
    ADC_IRQHandler                           0x08000353   Thumb Code     0  startup_stm32h743xx.o(.text)
    BDMA_Channel0_IRQHandler                 0x08000353   Thumb Code     0  startup_stm32h743xx.o(.text)
    BDMA_Channel1_IRQHandler                 0x08000353   Thumb Code     0  startup_stm32h743xx.o(.text)
    BDMA_Channel2_IRQHandler                 0x08000353   Thumb Code     0  startup_stm32h743xx.o(.text)
    BDMA_Channel3_IRQHandler                 0x08000353   Thumb Code     0  startup_stm32h743xx.o(.text)
    BDMA_Channel4_IRQHandler                 0x08000353   Thumb Code     0  startup_stm32h743xx.o(.text)
    BDMA_Channel5_IRQHandler                 0x08000353   Thumb Code     0  startup_stm32h743xx.o(.text)
    BDMA_Channel6_IRQHandler                 0x08000353   Thumb Code     0  startup_stm32h743xx.o(.text)
    BDMA_Channel7_IRQHandler                 0x08000353   Thumb Code     0  startup_stm32h743xx.o(.text)
    CEC_IRQHandler                           0x08000353   Thumb Code     0  startup_stm32h743xx.o(.text)
    COMP1_IRQHandler                         0x08000353   Thumb Code     0  startup_stm32h743xx.o(.text)
    CRS_IRQHandler                           0x08000353   Thumb Code     0  startup_stm32h743xx.o(.text)
    DCMI_IRQHandler                          0x08000353   Thumb Code     0  startup_stm32h743xx.o(.text)
    DFSDM1_FLT0_IRQHandler                   0x08000353   Thumb Code     0  startup_stm32h743xx.o(.text)
    DFSDM1_FLT1_IRQHandler                   0x08000353   Thumb Code     0  startup_stm32h743xx.o(.text)
    DFSDM1_FLT2_IRQHandler                   0x08000353   Thumb Code     0  startup_stm32h743xx.o(.text)
    DFSDM1_FLT3_IRQHandler                   0x08000353   Thumb Code     0  startup_stm32h743xx.o(.text)
    DMA1_Stream0_IRQHandler                  0x08000353   Thumb Code     0  startup_stm32h743xx.o(.text)
    DMA1_Stream1_IRQHandler                  0x08000353   Thumb Code     0  startup_stm32h743xx.o(.text)
    DMA1_Stream2_IRQHandler                  0x08000353   Thumb Code     0  startup_stm32h743xx.o(.text)
    DMA1_Stream3_IRQHandler                  0x08000353   Thumb Code     0  startup_stm32h743xx.o(.text)
    DMA1_Stream4_IRQHandler                  0x08000353   Thumb Code     0  startup_stm32h743xx.o(.text)
    DMA1_Stream5_IRQHandler                  0x08000353   Thumb Code     0  startup_stm32h743xx.o(.text)
    DMA1_Stream6_IRQHandler                  0x08000353   Thumb Code     0  startup_stm32h743xx.o(.text)
    DMA1_Stream7_IRQHandler                  0x08000353   Thumb Code     0  startup_stm32h743xx.o(.text)
    DMA2D_IRQHandler                         0x08000353   Thumb Code     0  startup_stm32h743xx.o(.text)
    DMA2_Stream0_IRQHandler                  0x08000353   Thumb Code     0  startup_stm32h743xx.o(.text)
    DMA2_Stream1_IRQHandler                  0x08000353   Thumb Code     0  startup_stm32h743xx.o(.text)
    DMA2_Stream2_IRQHandler                  0x08000353   Thumb Code     0  startup_stm32h743xx.o(.text)
    DMA2_Stream3_IRQHandler                  0x08000353   Thumb Code     0  startup_stm32h743xx.o(.text)
    DMA2_Stream4_IRQHandler                  0x08000353   Thumb Code     0  startup_stm32h743xx.o(.text)
    DMA2_Stream5_IRQHandler                  0x08000353   Thumb Code     0  startup_stm32h743xx.o(.text)
    DMA2_Stream6_IRQHandler                  0x08000353   Thumb Code     0  startup_stm32h743xx.o(.text)
    DMA2_Stream7_IRQHandler                  0x08000353   Thumb Code     0  startup_stm32h743xx.o(.text)
    DMAMUX1_OVR_IRQHandler                   0x08000353   Thumb Code     0  startup_stm32h743xx.o(.text)
    DMAMUX2_OVR_IRQHandler                   0x08000353   Thumb Code     0  startup_stm32h743xx.o(.text)
    ETH_IRQHandler                           0x08000353   Thumb Code     0  startup_stm32h743xx.o(.text)
    ETH_WKUP_IRQHandler                      0x08000353   Thumb Code     0  startup_stm32h743xx.o(.text)
    EXTI0_IRQHandler                         0x08000353   Thumb Code     0  startup_stm32h743xx.o(.text)
    EXTI15_10_IRQHandler                     0x08000353   Thumb Code     0  startup_stm32h743xx.o(.text)
    EXTI1_IRQHandler                         0x08000353   Thumb Code     0  startup_stm32h743xx.o(.text)
    EXTI2_IRQHandler                         0x08000353   Thumb Code     0  startup_stm32h743xx.o(.text)
    EXTI3_IRQHandler                         0x08000353   Thumb Code     0  startup_stm32h743xx.o(.text)
    EXTI4_IRQHandler                         0x08000353   Thumb Code     0  startup_stm32h743xx.o(.text)
    EXTI9_5_IRQHandler                       0x08000353   Thumb Code     0  startup_stm32h743xx.o(.text)
    FDCAN1_IT0_IRQHandler                    0x08000353   Thumb Code     0  startup_stm32h743xx.o(.text)
    FDCAN1_IT1_IRQHandler                    0x08000353   Thumb Code     0  startup_stm32h743xx.o(.text)
    FDCAN2_IT0_IRQHandler                    0x08000353   Thumb Code     0  startup_stm32h743xx.o(.text)
    FDCAN2_IT1_IRQHandler                    0x08000353   Thumb Code     0  startup_stm32h743xx.o(.text)
    FDCAN_CAL_IRQHandler                     0x08000353   Thumb Code     0  startup_stm32h743xx.o(.text)
    FLASH_IRQHandler                         0x08000353   Thumb Code     0  startup_stm32h743xx.o(.text)
    FMC_IRQHandler                           0x08000353   Thumb Code     0  startup_stm32h743xx.o(.text)
    FPU_IRQHandler                           0x08000353   Thumb Code     0  startup_stm32h743xx.o(.text)
    HRTIM1_FLT_IRQHandler                    0x08000353   Thumb Code     0  startup_stm32h743xx.o(.text)
    HRTIM1_Master_IRQHandler                 0x08000353   Thumb Code     0  startup_stm32h743xx.o(.text)
    HRTIM1_TIMA_IRQHandler                   0x08000353   Thumb Code     0  startup_stm32h743xx.o(.text)
    HRTIM1_TIMB_IRQHandler                   0x08000353   Thumb Code     0  startup_stm32h743xx.o(.text)
    HRTIM1_TIMC_IRQHandler                   0x08000353   Thumb Code     0  startup_stm32h743xx.o(.text)
    HRTIM1_TIMD_IRQHandler                   0x08000353   Thumb Code     0  startup_stm32h743xx.o(.text)
    HRTIM1_TIME_IRQHandler                   0x08000353   Thumb Code     0  startup_stm32h743xx.o(.text)
    HSEM1_IRQHandler                         0x08000353   Thumb Code     0  startup_stm32h743xx.o(.text)
    I2C1_ER_IRQHandler                       0x08000353   Thumb Code     0  startup_stm32h743xx.o(.text)
    I2C1_EV_IRQHandler                       0x08000353   Thumb Code     0  startup_stm32h743xx.o(.text)
    I2C2_ER_IRQHandler                       0x08000353   Thumb Code     0  startup_stm32h743xx.o(.text)
    I2C2_EV_IRQHandler                       0x08000353   Thumb Code     0  startup_stm32h743xx.o(.text)
    I2C3_ER_IRQHandler                       0x08000353   Thumb Code     0  startup_stm32h743xx.o(.text)
    I2C3_EV_IRQHandler                       0x08000353   Thumb Code     0  startup_stm32h743xx.o(.text)
    I2C4_ER_IRQHandler                       0x08000353   Thumb Code     0  startup_stm32h743xx.o(.text)
    I2C4_EV_IRQHandler                       0x08000353   Thumb Code     0  startup_stm32h743xx.o(.text)
    JPEG_IRQHandler                          0x08000353   Thumb Code     0  startup_stm32h743xx.o(.text)
    LPTIM1_IRQHandler                        0x08000353   Thumb Code     0  startup_stm32h743xx.o(.text)
    LPTIM2_IRQHandler                        0x08000353   Thumb Code     0  startup_stm32h743xx.o(.text)
    LPTIM3_IRQHandler                        0x08000353   Thumb Code     0  startup_stm32h743xx.o(.text)
    LPTIM4_IRQHandler                        0x08000353   Thumb Code     0  startup_stm32h743xx.o(.text)
    LPTIM5_IRQHandler                        0x08000353   Thumb Code     0  startup_stm32h743xx.o(.text)
    LPUART1_IRQHandler                       0x08000353   Thumb Code     0  startup_stm32h743xx.o(.text)
    LTDC_ER_IRQHandler                       0x08000353   Thumb Code     0  startup_stm32h743xx.o(.text)
    LTDC_IRQHandler                          0x08000353   Thumb Code     0  startup_stm32h743xx.o(.text)
    MDIOS_IRQHandler                         0x08000353   Thumb Code     0  startup_stm32h743xx.o(.text)
    MDIOS_WKUP_IRQHandler                    0x08000353   Thumb Code     0  startup_stm32h743xx.o(.text)
    MDMA_IRQHandler                          0x08000353   Thumb Code     0  startup_stm32h743xx.o(.text)
    OTG_FS_EP1_IN_IRQHandler                 0x08000353   Thumb Code     0  startup_stm32h743xx.o(.text)
    OTG_FS_EP1_OUT_IRQHandler                0x08000353   Thumb Code     0  startup_stm32h743xx.o(.text)
    OTG_FS_IRQHandler                        0x08000353   Thumb Code     0  startup_stm32h743xx.o(.text)
    OTG_FS_WKUP_IRQHandler                   0x08000353   Thumb Code     0  startup_stm32h743xx.o(.text)
    OTG_HS_EP1_IN_IRQHandler                 0x08000353   Thumb Code     0  startup_stm32h743xx.o(.text)
    OTG_HS_EP1_OUT_IRQHandler                0x08000353   Thumb Code     0  startup_stm32h743xx.o(.text)
    OTG_HS_IRQHandler                        0x08000353   Thumb Code     0  startup_stm32h743xx.o(.text)
    OTG_HS_WKUP_IRQHandler                   0x08000353   Thumb Code     0  startup_stm32h743xx.o(.text)
    PVD_AVD_IRQHandler                       0x08000353   Thumb Code     0  startup_stm32h743xx.o(.text)
    QUADSPI_IRQHandler                       0x08000353   Thumb Code     0  startup_stm32h743xx.o(.text)
    RCC_IRQHandler                           0x08000353   Thumb Code     0  startup_stm32h743xx.o(.text)
    RNG_IRQHandler                           0x08000353   Thumb Code     0  startup_stm32h743xx.o(.text)
    RTC_Alarm_IRQHandler                     0x08000353   Thumb Code     0  startup_stm32h743xx.o(.text)
    RTC_WKUP_IRQHandler                      0x08000353   Thumb Code     0  startup_stm32h743xx.o(.text)
    SAI1_IRQHandler                          0x08000353   Thumb Code     0  startup_stm32h743xx.o(.text)
    SAI2_IRQHandler                          0x08000353   Thumb Code     0  startup_stm32h743xx.o(.text)
    SAI3_IRQHandler                          0x08000353   Thumb Code     0  startup_stm32h743xx.o(.text)
    SAI4_IRQHandler                          0x08000353   Thumb Code     0  startup_stm32h743xx.o(.text)
    SDMMC1_IRQHandler                        0x08000353   Thumb Code     0  startup_stm32h743xx.o(.text)
    SDMMC2_IRQHandler                        0x08000353   Thumb Code     0  startup_stm32h743xx.o(.text)
    SPDIF_RX_IRQHandler                      0x08000353   Thumb Code     0  startup_stm32h743xx.o(.text)
    SPI1_IRQHandler                          0x08000353   Thumb Code     0  startup_stm32h743xx.o(.text)
    SPI2_IRQHandler                          0x08000353   Thumb Code     0  startup_stm32h743xx.o(.text)
    SPI3_IRQHandler                          0x08000353   Thumb Code     0  startup_stm32h743xx.o(.text)
    SPI4_IRQHandler                          0x08000353   Thumb Code     0  startup_stm32h743xx.o(.text)
    SPI5_IRQHandler                          0x08000353   Thumb Code     0  startup_stm32h743xx.o(.text)
    SPI6_IRQHandler                          0x08000353   Thumb Code     0  startup_stm32h743xx.o(.text)
    SWPMI1_IRQHandler                        0x08000353   Thumb Code     0  startup_stm32h743xx.o(.text)
    TAMP_STAMP_IRQHandler                    0x08000353   Thumb Code     0  startup_stm32h743xx.o(.text)
    TIM15_IRQHandler                         0x08000353   Thumb Code     0  startup_stm32h743xx.o(.text)
    TIM16_IRQHandler                         0x08000353   Thumb Code     0  startup_stm32h743xx.o(.text)
    TIM17_IRQHandler                         0x08000353   Thumb Code     0  startup_stm32h743xx.o(.text)
    TIM1_BRK_IRQHandler                      0x08000353   Thumb Code     0  startup_stm32h743xx.o(.text)
    TIM1_TRG_COM_IRQHandler                  0x08000353   Thumb Code     0  startup_stm32h743xx.o(.text)
    TIM1_UP_IRQHandler                       0x08000353   Thumb Code     0  startup_stm32h743xx.o(.text)
    TIM2_IRQHandler                          0x08000353   Thumb Code     0  startup_stm32h743xx.o(.text)
    TIM3_IRQHandler                          0x08000353   Thumb Code     0  startup_stm32h743xx.o(.text)
    TIM4_IRQHandler                          0x08000353   Thumb Code     0  startup_stm32h743xx.o(.text)
    TIM5_IRQHandler                          0x08000353   Thumb Code     0  startup_stm32h743xx.o(.text)
    TIM6_DAC_IRQHandler                      0x08000353   Thumb Code     0  startup_stm32h743xx.o(.text)
    TIM7_IRQHandler                          0x08000353   Thumb Code     0  startup_stm32h743xx.o(.text)
    TIM8_BRK_TIM12_IRQHandler                0x08000353   Thumb Code     0  startup_stm32h743xx.o(.text)
    TIM8_TRG_COM_TIM14_IRQHandler            0x08000353   Thumb Code     0  startup_stm32h743xx.o(.text)
    TIM8_UP_TIM13_IRQHandler                 0x08000353   Thumb Code     0  startup_stm32h743xx.o(.text)
    UART4_IRQHandler                         0x08000353   Thumb Code     0  startup_stm32h743xx.o(.text)
    UART5_IRQHandler                         0x08000353   Thumb Code     0  startup_stm32h743xx.o(.text)
    UART7_IRQHandler                         0x08000353   Thumb Code     0  startup_stm32h743xx.o(.text)
    UART8_IRQHandler                         0x08000353   Thumb Code     0  startup_stm32h743xx.o(.text)
    USART3_IRQHandler                        0x08000353   Thumb Code     0  startup_stm32h743xx.o(.text)
    USART6_IRQHandler                        0x08000353   Thumb Code     0  startup_stm32h743xx.o(.text)
    WAKEUP_PIN_IRQHandler                    0x08000353   Thumb Code     0  startup_stm32h743xx.o(.text)
    WWDG_IRQHandler                          0x08000353   Thumb Code     0  startup_stm32h743xx.o(.text)
    __user_initial_stackheap                 0x08000355   Thumb Code     0  startup_stm32h743xx.o(.text)
    __aeabi_uldivmod                         0x08000379   Thumb Code     0  lludivv7m.o(.text)
    _ll_udiv                                 0x08000379   Thumb Code   238  lludivv7m.o(.text)
    __aeabi_memcpy4                          0x08000467   Thumb Code     0  rt_memcpy_w.o(.text)
    __aeabi_memcpy8                          0x08000467   Thumb Code     0  rt_memcpy_w.o(.text)
    __rt_memcpy_w                            0x08000467   Thumb Code   100  rt_memcpy_w.o(.text)
    _memcpy_lastbytes_aligned                0x080004af   Thumb Code     0  rt_memcpy_w.o(.text)
    __use_two_region_memory                  0x080004cb   Thumb Code     2  heapauxi.o(.text)
    __rt_heap_escrow$2region                 0x080004cd   Thumb Code     2  heapauxi.o(.text)
    __rt_heap_expand$2region                 0x080004cf   Thumb Code     2  heapauxi.o(.text)
    __user_setup_stackheap                   0x080004d1   Thumb Code    74  sys_stackheap_outer.o(.text)
    exit                                     0x0800051b   Thumb Code    18  exit.o(.text)
    __user_libspace                          0x0800052d   Thumb Code     8  libspace.o(.text)
    __user_perproc_libspace                  0x0800052d   Thumb Code     0  libspace.o(.text)
    __user_perthread_libspace                0x0800052d   Thumb Code     0  libspace.o(.text)
    ADC1_Init                                0x08000535   Thumb Code    84  adc.o(i.ADC1_Init)
    ADC_Disable                              0x08000591   Thumb Code   152  stm32h7xx_hal_adc.o(i.ADC_Disable)
    ADC_Enable                               0x08000629   Thumb Code   154  stm32h7xx_hal_adc.o(i.ADC_Enable)
    BinEOT_Init                              0x080006c9   Thumb Code    60  gpio.o(i.BinEOT_Init)
    BusFault_Handler                         0x08000711   Thumb Code     4  stm32h7xx_it.o(i.BusFault_Handler)
    Cache_Enable                             0x08000715   Thumb Code    24  sys.o(i.Cache_Enable)
    ChDutyCycle                              0x08000731   Thumb Code   396  main.o(i.ChDutyCycle)
    Connec                                   0x080008e1   Thumb Code   234  main.o(i.Connec)
    DAC1CH1_Set_Cur                          0x080009ed   Thumb Code    54  dac.o(i.DAC1CH1_Set_Cur)
    DAC1CH1_Set_Vol                          0x08000a31   Thumb Code    62  dac.o(i.DAC1CH1_Set_Vol)
    DAC1CH2_Set_Vol                          0x08000a7d   Thumb Code    62  dac.o(i.DAC1CH2_Set_Vol)
    DAC1_Init                                0x08000ac9   Thumb Code    68  dac.o(i.DAC1_Init)
    DebugMon_Handler                         0x08000b1d   Thumb Code     2  stm32h7xx_it.o(i.DebugMon_Handler)
    DecoFreq                                 0x08000b21   Thumb Code   458  main.o(i.DecoFreq)
    Direct_MCUtoCH                           0x08000d09   Thumb Code   244  gpio.o(i.Direct_MCUtoCH)
    Dps_FV                                   0x08000e01   Thumb Code   596  pmu_dps_fm_vi.o(i.Dps_FV)
    Dps_MI                                   0x08001059   Thumb Code   480  pmu_dps_fm_vi.o(i.Dps_MI)
    DriveCap                                 0x0800124d   Thumb Code   192  main.o(i.DriveCap)
    Fix                                      0x08001325   Thumb Code   126  gpio.o(i.Fix)
    Func                                     0x080013a9   Thumb Code   200  main.o(i.Func)
    GPIO_ALL_Init                            0x08001485   Thumb Code   460  gpio.o(i.GPIO_ALL_Init)
    GPIO_Init_ExcBin                         0x08001675   Thumb Code   464  gpio.o(i.GPIO_Init_ExcBin)
    GPIO_PinB_Reset                          0x08001865   Thumb Code   164  gpio.o(i.GPIO_PinB_Reset)
    GPIO_PinC_Reset                          0x0800190d   Thumb Code    58  gpio.o(i.GPIO_PinC_Reset)
    GPIO_PinD_Reset                          0x0800194d   Thumb Code   170  gpio.o(i.GPIO_PinD_Reset)
    GPIO_PinE_Reset                          0x080019fd   Thumb Code   164  gpio.o(i.GPIO_PinE_Reset)
    GPIO_PinF_Reset                          0x08001aa5   Thumb Code    94  gpio.o(i.GPIO_PinF_Reset)
    GPIO_PinG_Reset                          0x08001b09   Thumb Code    84  gpio.o(i.GPIO_PinG_Reset)
    GPIO_PinI_Reset                          0x08001b61   Thumb Code   132  gpio.o(i.GPIO_PinI_Reset)
    Get_Adc                                  0x08001be9   Thumb Code    64  adc.o(i.Get_Adc)
    Get_Adc_Average                          0x08001c29   Thumb Code    92  adc.o(i.Get_Adc_Average)
    HAL_ADCEx_Calibration_Start              0x08001c85   Thumb Code   188  stm32h7xx_hal_adc_ex.o(i.HAL_ADCEx_Calibration_Start)
    HAL_ADC_ConfigChannel                    0x08001d41   Thumb Code  1722  stm32h7xx_hal_adc.o(i.HAL_ADC_ConfigChannel)
    HAL_ADC_GetValue                         0x08002419   Thumb Code     8  stm32h7xx_hal_adc.o(i.HAL_ADC_GetValue)
    HAL_ADC_Init                             0x08002421   Thumb Code   820  stm32h7xx_hal_adc.o(i.HAL_ADC_Init)
    HAL_ADC_MspInit                          0x08002779   Thumb Code   152  adc.o(i.HAL_ADC_MspInit)
    HAL_ADC_PollForConversion                0x0800281d   Thumb Code   410  stm32h7xx_hal_adc.o(i.HAL_ADC_PollForConversion)
    HAL_ADC_Start                            0x080029c9   Thumb Code   330  stm32h7xx_hal_adc.o(i.HAL_ADC_Start)
    HAL_DAC_ConfigChannel                    0x08002b25   Thumb Code   326  stm32h7xx_hal_dac.o(i.HAL_DAC_ConfigChannel)
    HAL_DAC_Init                             0x08002c71   Thumb Code    40  stm32h7xx_hal_dac.o(i.HAL_DAC_Init)
    HAL_DAC_MspInit                          0x08002c99   Thumb Code    90  dac.o(i.HAL_DAC_MspInit)
    HAL_DAC_SetValue                         0x08002cfd   Thumb Code    44  stm32h7xx_hal_dac.o(i.HAL_DAC_SetValue)
    HAL_DAC_Start                            0x08002d29   Thumb Code   108  stm32h7xx_hal_dac.o(i.HAL_DAC_Start)
    HAL_DMA_Abort_IT                         0x08002d95   Thumb Code   236  stm32h7xx_hal_dma.o(i.HAL_DMA_Abort_IT)
    HAL_Delay                                0x08002e8d   Thumb Code    36  stm32h7xx_hal.o(i.HAL_Delay)
    HAL_EnableCompensationCell               0x08002eb5   Thumb Code    14  stm32h7xx_hal.o(i.HAL_EnableCompensationCell)
    HAL_GPIO_DeInit                          0x08002ec9   Thumb Code   338  stm32h7xx_hal_gpio.o(i.HAL_GPIO_DeInit)
    HAL_GPIO_Init                            0x0800304d   Thumb Code   534  stm32h7xx_hal_gpio.o(i.HAL_GPIO_Init)
    HAL_GPIO_ReadPin                         0x08003299   Thumb Code    16  stm32h7xx_hal_gpio.o(i.HAL_GPIO_ReadPin)
    HAL_GPIO_WritePin                        0x080032a9   Thumb Code    10  stm32h7xx_hal_gpio.o(i.HAL_GPIO_WritePin)
    HAL_GetTick                              0x080032b5   Thumb Code     6  stm32h7xx_hal.o(i.HAL_GetTick)
    HAL_IncTick                              0x080032c1   Thumb Code    16  stm32h7xx_hal.o(i.HAL_IncTick)
    HAL_Init                                 0x080032d9   Thumb Code    28  stm32h7xx_hal.o(i.HAL_Init)
    HAL_InitTick                             0x080032f5   Thumb Code    64  stm32h7xx_hal.o(i.HAL_InitTick)
    HAL_MspInit                              0x08003341   Thumb Code     2  stm32h7xx_hal_msp.o(i.HAL_MspInit)
    HAL_NVIC_DisableIRQ                      0x08003345   Thumb Code    62  stm32h7xx_hal_cortex.o(i.HAL_NVIC_DisableIRQ)
    HAL_NVIC_EnableIRQ                       0x08003389   Thumb Code    32  stm32h7xx_hal_cortex.o(i.HAL_NVIC_EnableIRQ)
    HAL_NVIC_SetPriority                     0x080033a9   Thumb Code   122  stm32h7xx_hal_cortex.o(i.HAL_NVIC_SetPriority)
    HAL_NVIC_SetPriorityGrouping             0x08003425   Thumb Code    32  stm32h7xx_hal_cortex.o(i.HAL_NVIC_SetPriorityGrouping)
    HAL_RCCEx_GetD1SysClockFreq              0x0800344d   Thumb Code    44  stm32h7xx_hal_rcc_ex.o(i.HAL_RCCEx_GetD1SysClockFreq)
    HAL_RCCEx_GetD3PCLK1Freq                 0x08003485   Thumb Code    34  stm32h7xx_hal_rcc_ex.o(i.HAL_RCCEx_GetD3PCLK1Freq)
    HAL_RCCEx_GetPLL2ClockFreq               0x080034b1   Thumb Code   532  stm32h7xx_hal_rcc_ex.o(i.HAL_RCCEx_GetPLL2ClockFreq)
    HAL_RCCEx_GetPLL3ClockFreq               0x080036dd   Thumb Code   532  stm32h7xx_hal_rcc_ex.o(i.HAL_RCCEx_GetPLL3ClockFreq)
    HAL_RCCEx_PeriphCLKConfig                0x08003909   Thumb Code  2868  stm32h7xx_hal_rcc_ex.o(i.HAL_RCCEx_PeriphCLKConfig)
    HAL_RCC_ClockConfig                      0x08004441   Thumb Code   574  stm32h7xx_hal_rcc.o(i.HAL_RCC_ClockConfig)
    HAL_RCC_GetHCLKFreq                      0x08004691   Thumb Code    42  stm32h7xx_hal_rcc.o(i.HAL_RCC_GetHCLKFreq)
    HAL_RCC_GetPCLK1Freq                     0x080046c9   Thumb Code    34  stm32h7xx_hal_rcc.o(i.HAL_RCC_GetPCLK1Freq)
    HAL_RCC_GetPCLK2Freq                     0x080046f5   Thumb Code    36  stm32h7xx_hal_rcc.o(i.HAL_RCC_GetPCLK2Freq)
    HAL_RCC_GetSysClockFreq                  0x08004721   Thumb Code   556  stm32h7xx_hal_rcc.o(i.HAL_RCC_GetSysClockFreq)
    HAL_RCC_OscConfig                        0x08004965   Thumb Code  1724  stm32h7xx_hal_rcc.o(i.HAL_RCC_OscConfig)
    HAL_SYSTICK_CLKSourceConfig              0x08005029   Thumb Code    40  stm32h7xx_hal_cortex.o(i.HAL_SYSTICK_CLKSourceConfig)
    HAL_SYSTICK_Config                       0x08005051   Thumb Code    52  stm32h7xx_hal_cortex.o(i.HAL_SYSTICK_Config)
    HAL_TIMEx_BreakCallback                  0x08005085   Thumb Code     2  stm32h7xx_hal_tim_ex.o(i.HAL_TIMEx_BreakCallback)
    HAL_TIMEx_CommutationCallback            0x08005087   Thumb Code     2  stm32h7xx_hal_tim_ex.o(i.HAL_TIMEx_CommutationCallback)
    HAL_TIM_IC_CaptureCallback               0x08005089   Thumb Code  2762  timer.o(i.HAL_TIM_IC_CaptureCallback)
    HAL_TIM_IC_ConfigChannel                 0x08005b71   Thumb Code   224  stm32h7xx_hal_tim.o(i.HAL_TIM_IC_ConfigChannel)
    HAL_TIM_IC_DeInit                        0x08005c51   Thumb Code    70  stm32h7xx_hal_tim.o(i.HAL_TIM_IC_DeInit)
    HAL_TIM_IC_Init                          0x08005c97   Thumb Code    52  stm32h7xx_hal_tim.o(i.HAL_TIM_IC_Init)
    HAL_TIM_IC_MspDeInit                     0x08005ccd   Thumb Code    58  timer.o(i.HAL_TIM_IC_MspDeInit)
    HAL_TIM_IC_MspInit                       0x08005d15   Thumb Code   174  timer.o(i.HAL_TIM_IC_MspInit)
    HAL_TIM_IC_Start_IT                      0x08005dd1   Thumb Code   108  stm32h7xx_hal_tim.o(i.HAL_TIM_IC_Start_IT)
    HAL_TIM_IC_Stop_IT                       0x08005e3d   Thumb Code   134  stm32h7xx_hal_tim.o(i.HAL_TIM_IC_Stop_IT)
    HAL_TIM_IRQHandler                       0x08005ec3   Thumb Code   440  stm32h7xx_hal_tim.o(i.HAL_TIM_IRQHandler)
    HAL_TIM_OC_DelayElapsedCallback          0x0800607b   Thumb Code     2  stm32h7xx_hal_tim.o(i.HAL_TIM_OC_DelayElapsedCallback)
    HAL_TIM_PWM_ConfigChannel                0x0800607d   Thumb Code   372  stm32h7xx_hal_tim.o(i.HAL_TIM_PWM_ConfigChannel)
    HAL_TIM_PWM_DeInit                       0x080061f1   Thumb Code    70  stm32h7xx_hal_tim.o(i.HAL_TIM_PWM_DeInit)
    HAL_TIM_PWM_Init                         0x08006237   Thumb Code    52  stm32h7xx_hal_tim.o(i.HAL_TIM_PWM_Init)
    HAL_TIM_PWM_MspDeInit                    0x0800626b   Thumb Code     2  stm32h7xx_hal_tim.o(i.HAL_TIM_PWM_MspDeInit)
    HAL_TIM_PWM_MspInit                      0x0800626d   Thumb Code   104  timer.o(i.HAL_TIM_PWM_MspInit)
    HAL_TIM_PWM_PulseFinishedCallback        0x080062dd   Thumb Code     2  stm32h7xx_hal_tim.o(i.HAL_TIM_PWM_PulseFinishedCallback)
    HAL_TIM_PWM_Start                        0x080062e1   Thumb Code    92  stm32h7xx_hal_tim.o(i.HAL_TIM_PWM_Start)
    HAL_TIM_PeriodElapsedCallback            0x08006351   Thumb Code   540  timer.o(i.HAL_TIM_PeriodElapsedCallback)
    HAL_TIM_ReadCapturedValue                0x080065b1   Thumb Code    84  stm32h7xx_hal_tim.o(i.HAL_TIM_ReadCapturedValue)
    HAL_TIM_SlaveConfigSynchronization       0x08006605   Thumb Code    86  stm32h7xx_hal_tim.o(i.HAL_TIM_SlaveConfigSynchronization)
    HAL_TIM_TriggerCallback                  0x0800665b   Thumb Code     2  stm32h7xx_hal_tim.o(i.HAL_TIM_TriggerCallback)
    HAL_UARTEx_WakeupCallback                0x0800665d   Thumb Code     2  stm32h7xx_hal_uart_ex.o(i.HAL_UARTEx_WakeupCallback)
    HAL_UART_ErrorCallback                   0x0800665f   Thumb Code     2  stm32h7xx_hal_uart.o(i.HAL_UART_ErrorCallback)
    HAL_UART_GetState                        0x08006661   Thumb Code    20  stm32h7xx_hal_uart.o(i.HAL_UART_GetState)
    HAL_UART_IRQHandler                      0x08006675   Thumb Code   434  stm32h7xx_hal_uart.o(i.HAL_UART_IRQHandler)
    HAL_UART_Init                            0x08006831   Thumb Code   120  stm32h7xx_hal_uart.o(i.HAL_UART_Init)
    HAL_UART_MspInit                         0x080068a9   Thumb Code   266  usart.o(i.HAL_UART_MspInit)
    HAL_UART_Receive_IT                      0x080069c5   Thumb Code   224  stm32h7xx_hal_uart.o(i.HAL_UART_Receive_IT)
    HAL_UART_RxCpltCallback                  0x08006aa5   Thumb Code   260  usart.o(i.HAL_UART_RxCpltCallback)
    HAL_UART_Transmit                        0x08006bd1   Thumb Code   198  stm32h7xx_hal_uart.o(i.HAL_UART_Transmit)
    HAL_UART_TxCpltCallback                  0x08006c97   Thumb Code     2  stm32h7xx_hal_uart.o(i.HAL_UART_TxCpltCallback)
    HardFault_Handler                        0x08006c99   Thumb Code     4  stm32h7xx_it.o(i.HardFault_Handler)
    IO_Data                                  0x08006c9d   Thumb Code   474  data.o(i.IO_Data)
    LeakCurr                                 0x08006e89   Thumb Code   178  main.o(i.LeakCurr)
    MemManage_Handler                        0x08006f49   Thumb Code     4  stm32h7xx_it.o(i.MemManage_Handler)
    NMI_Handler                              0x08006f4d   Thumb Code     2  stm32h7xx_it.o(i.NMI_Handler)
    PAInit_DeTIM1                            0x08006f51   Thumb Code    76  gpio.o(i.PAInit_DeTIM1)
    PCInit_DeTIM8                            0x08006fa5   Thumb Code    60  gpio.o(i.PCInit_DeTIM8)
    PMU_FS                                   0x08006fe9   Thumb Code   506  gpio.o(i.PMU_FS)
    PendSV_Handler                           0x080071e9   Thumb Code     2  stm32h7xx_it.o(i.PendSV_Handler)
    Pmu_FI                                   0x080071ed   Thumb Code   346  pmu_dps_fm_vi.o(i.Pmu_FI)
    Pmu_FV                                   0x0800734d   Thumb Code   340  pmu_dps_fm_vi.o(i.Pmu_FV)
    Pmu_FV_Set                               0x080074a5   Thumb Code   320  pmu_dps_fm_vi.o(i.Pmu_FV_Set)
    Pmu_MI                                   0x080075e9   Thumb Code   198  pmu_dps_fm_vi.o(i.Pmu_MI)
    Pmu_MV                                   0x080076c1   Thumb Code   192  pmu_dps_fm_vi.o(i.Pmu_MV)
    PullUp                                   0x08007791   Thumb Code   312  gpio.o(i.PullUp)
    Pull_Set                                 0x080078d1   Thumb Code   296  pmu_dps_fm_vi.o(i.Pull_Set)
    QuiesCurr                                0x080079fd   Thumb Code    60  main.o(i.QuiesCurr)
    SVC_Handler                              0x08007dbd   Thumb Code     2  stm32h7xx_it.o(i.SVC_Handler)
    SetBin                                   0x08007dc1   Thumb Code   132  gpio.o(i.SetBin)
    SetDpsR                                  0x08007e4d   Thumb Code    66  pmu_dps_fm_vi.o(i.SetDpsR)
    SetDutR                                  0x08007e95   Thumb Code   248  gpio.o(i.SetDutR)
    Stm32_Clock_Init                         0x08007f91   Thumb Code   238  sys.o(i.Stm32_Clock_Init)
    SysTick_Handler                          0x08008089   Thumb Code     8  stm32h7xx_it.o(i.SysTick_Handler)
    SystemInit                               0x08008091   Thumb Code   130  system_stm32h7xx.o(i.SystemInit)
    TIM1_CC_IRQHandler                       0x08008125   Thumb Code    10  timer.o(i.TIM1_CC_IRQHandler)
    TIM1_Cap_DeInit                          0x08008135   Thumb Code   146  timer.o(i.TIM1_Cap_DeInit)
    TIM1_Cap_Init                            0x080081d1   Thumb Code   416  timer.o(i.TIM1_Cap_Init)
    TIM8CH1_PWM                              0x08008381   Thumb Code    24  timer.o(i.TIM8CH1_PWM)
    TIM8CH1_PWM_Init                         0x08008399   Thumb Code    70  timer.o(i.TIM8CH1_PWM_Init)
    TIM8_CC_IRQHandler                       0x080083ed   Thumb Code    10  timer.o(i.TIM8_CC_IRQHandler)
    TIM8_CH2_PeriodCheck                     0x080083fd   Thumb Code   152  periodcheck.o(i.TIM8_CH2_PeriodCheck)
    TIM8_CH3_PeriodCheck                     0x080084b1   Thumb Code   152  periodcheck.o(i.TIM8_CH3_PeriodCheck)
    TIM8_CH4_PeriodCheck                     0x08008565   Thumb Code   152  periodcheck.o(i.TIM8_CH4_PeriodCheck)
    TIM8_Cap_DeInit                          0x08008619   Thumb Code    98  timer.o(i.TIM8_Cap_DeInit)
    TIM8_Cap_Init                            0x08008685   Thumb Code   342  timer.o(i.TIM8_Cap_Init)
    TIM_Base_SetConfig                       0x080087e9   Thumb Code   172  stm32h7xx_hal_tim.o(i.TIM_Base_SetConfig)
    TIM_CCxChannelCmd                        0x080088b5   Thumb Code    28  stm32h7xx_hal_tim.o(i.TIM_CCxChannelCmd)
    TIM_ETR_SetConfig                        0x080088d1   Thumb Code    24  stm32h7xx_hal_tim.o(i.TIM_ETR_SetConfig)
    TIM_OC1_SetConfig                        0x080088e9   Thumb Code   152  stm32h7xx_hal_tim.o(i.TIM_OC1_SetConfig)
    TIM_OC2_SetConfig                        0x08008999   Thumb Code   162  stm32h7xx_hal_tim.o(i.TIM_OC2_SetConfig)
    TIM_OC3_SetConfig                        0x08008a55   Thumb Code   160  stm32h7xx_hal_tim.o(i.TIM_OC3_SetConfig)
    TIM_OC4_SetConfig                        0x08008b09   Thumb Code    98  stm32h7xx_hal_tim.o(i.TIM_OC4_SetConfig)
    TIM_SetTIM8Compare1                      0x08008c65   Thumb Code     6  timer.o(i.TIM_SetTIM8Compare1)
    TIM_TI1_SetConfig                        0x08008d49   Thumb Code   118  stm32h7xx_hal_tim.o(i.TIM_TI1_SetConfig)
    UART_AdvFeatureConfig                    0x08008ec3   Thumb Code   234  stm32h7xx_hal_uart.o(i.UART_AdvFeatureConfig)
    UART_CheckIdleState                      0x08008fad   Thumb Code   116  stm32h7xx_hal_uart.o(i.UART_CheckIdleState)
    UART_SetConfig                           0x08009105   Thumb Code  2452  stm32h7xx_hal_uart.o(i.UART_SetConfig)
    UART_WaitOnFlagUntilTimeout              0x08009b2b   Thumb Code   108  stm32h7xx_hal_uart.o(i.UART_WaitOnFlagUntilTimeout)
    USART1_IRQHandler                        0x08009b99   Thumb Code    66  usart.o(i.USART1_IRQHandler)
    USART2_IRQHandler                        0x08009be9   Thumb Code    66  usart.o(i.USART2_IRQHandler)
    UsageFault_Handler                       0x08009c39   Thumb Code     4  stm32h7xx_it.o(i.UsageFault_Handler)
    Usart2_Data_Requst                       0x08009c3d   Thumb Code    80  usart.o(i.Usart2_Data_Requst)
    _sys_exit                                0x08009ccd   Thumb Code     4  usart.o(i._sys_exit)
    delay_init                               0x08009cd1   Thumb Code    16  delay.o(i.delay_init)
    delay_ms                                 0x08009ce5   Thumb Code    24  delay.o(i.delay_ms)
    delay_us                                 0x08009cfd   Thumb Code    68  delay.o(i.delay_us)
    main                                     0x08009d45   Thumb Code   278  main.o(i.main)
    uart2_init                               0x08009e79   Thumb Code    44  usart.o(i.uart2_init)
    _fp_init                                 0x08009eb1   Thumb Code    10  fpinit.o(x$fpl$fpinit)
    __fplib_config_fpu_vfp                   0x08009eb9   Thumb Code     0  fpinit.o(x$fpl$fpinit)
    __fplib_config_pureend_doubles           0x08009eb9   Thumb Code     0  fpinit.o(x$fpl$fpinit)
    D1CorePrescTable                         0x08009eea   Data          16  system_stm32h7xx.o(.constdata)
    Region$$Table$$Base                      0x08009f2c   Number         0  anon$$obj.o(Region$$Table)
    Region$$Table$$Limit                     0x08009f4c   Number         0  anon$$obj.o(Region$$Table)
    data_cnt                                 0x24000000   Data           4  main.o(.data)
    SystemCoreClock                          0x24000004   Data           4  system_stm32h7xx.o(.data)
    SystemD2Clock                            0x24000008   Data           4  system_stm32h7xx.o(.data)
    HIGHCYCLE_11                             0x24000010   Data           4  periodcheck.o(.data)
    HIGHCYCLE_12                             0x24000014   Data           4  periodcheck.o(.data)
    HIGHCYCLE_13                             0x24000018   Data           4  periodcheck.o(.data)
    HIGHCYCLE_14                             0x2400001c   Data           4  periodcheck.o(.data)
    PERIOD_11                                0x24000020   Data           4  periodcheck.o(.data)
    PERIOD_12                                0x24000024   Data           4  periodcheck.o(.data)
    PERIOD_13                                0x24000028   Data           4  periodcheck.o(.data)
    PERIOD_14                                0x2400002c   Data           4  periodcheck.o(.data)
    DUTYCYCLE_11                             0x24000030   Data           8  periodcheck.o(.data)
    DUTYCYCLE_12                             0x24000038   Data           8  periodcheck.o(.data)
    DUTYCYCLE_13                             0x24000040   Data           8  periodcheck.o(.data)
    DUTYCYCLE_14                             0x24000048   Data           8  periodcheck.o(.data)
    HIGHCYCLE_81                             0x24000050   Data           4  periodcheck.o(.data)
    HIGHCYCLE_82                             0x24000054   Data           4  periodcheck.o(.data)
    HIGHCYCLE_83                             0x24000058   Data           4  periodcheck.o(.data)
    HIGHCYCLE_84                             0x2400005c   Data           4  periodcheck.o(.data)
    PERIOD_81                                0x24000060   Data           4  periodcheck.o(.data)
    PERIOD_82                                0x24000064   Data           4  periodcheck.o(.data)
    PERIOD_83                                0x24000068   Data           4  periodcheck.o(.data)
    PERIOD_84                                0x2400006c   Data           4  periodcheck.o(.data)
    DUTYCYCLE_81                             0x24000070   Data           4  periodcheck.o(.data)
    DUTYCYCLE_82                             0x24000074   Data           4  periodcheck.o(.data)
    DUTYCYCLE_83                             0x24000078   Data           4  periodcheck.o(.data)
    DUTYCYCLE_84                             0x2400007c   Data           4  periodcheck.o(.data)
    __stdout                                 0x24000084   Data           4  usart.o(.data)
    USART_RX_STA                             0x24000088   Data           2  usart.o(.data)
    aRxBuffer                                0x2400008a   Data           1  usart.o(.data)
    length2                                  0x2400008c   Data           4  usart.o(.data)
    USART2_RX_STA                            0x24000090   Data           2  usart.o(.data)
    modebus_rec_flag2                        0x24000092   Data           1  usart.o(.data)
    aRxBuffer2                               0x24000093   Data           1  usart.o(.data)
    TIM1CH1_CAPTURE_STA                      0x240000a0   Data           1  timer.o(.data)
    TIM1CH2_CAPTURE_STA                      0x240000a1   Data           1  timer.o(.data)
    TIM1CH2_CAPTURE_VAL                      0x240000a2   Data           2  timer.o(.data)
    TIM1CH2_CAPTURE_PerioVAL                 0x240000a4   Data           2  timer.o(.data)
    TIM1CH3_CAPTURE_STA                      0x240000a6   Data           1  timer.o(.data)
    TIM1CH3_CAPTURE_VAL                      0x240000a8   Data           2  timer.o(.data)
    TIM1CH3_CAPTURE_PerioVAL                 0x240000aa   Data           2  timer.o(.data)
    TIM1CH4_CAPTURE_STA                      0x240000ac   Data           1  timer.o(.data)
    TIM1CH4_CAPTURE_VAL                      0x240000ae   Data           2  timer.o(.data)
    TIM1CH4_CAPTURE_PerioVAL                 0x240000b0   Data           2  timer.o(.data)
    TIM8CH1_CAPTURE_STA                      0x240000b2   Data           1  timer.o(.data)
    TIM8CH1_CAPTURE_VAL                      0x240000b4   Data           2  timer.o(.data)
    TIM8CH1_CAPTURE_PerioVAL                 0x240000b6   Data           2  timer.o(.data)
    TIM8CH2_CAPTURE_STA                      0x240000b8   Data           1  timer.o(.data)
    TIM8CH2_CAPTURE_VAL                      0x240000ba   Data           2  timer.o(.data)
    TIM8CH2_CAPTURE_PerioVAL                 0x240000bc   Data           2  timer.o(.data)
    TIM8CH3_CAPTURE_STA                      0x240000be   Data           1  timer.o(.data)
    TIM8CH3_CAPTURE_VAL                      0x240000c0   Data           2  timer.o(.data)
    TIM8CH3_CAPTURE_PerioVAL                 0x240000c2   Data           2  timer.o(.data)
    TIM8CH4_CAPTURE_STA                      0x240000c4   Data           1  timer.o(.data)
    TIM8CH4_CAPTURE_VAL                      0x240000c6   Data           2  timer.o(.data)
    TIM8CH4_CAPTURE_PerioVAL                 0x240000c8   Data           2  timer.o(.data)
    cnt                                      0x240000cc   Data           4  timer.o(.data)
    data                                     0x240000d0   Data           1  timer.o(.data)
    Bad_flag                                 0x240000d1   Data           1  gpio.o(.data)
    GPIOx                                    0x240000d4   Data           4  data.o(.data)
    GPIO_Pin                                 0x240000d8   Data           2  data.o(.data)
    USART_RX_BUF                             0x240000dc   Data          20  usart.o(.bss)
    UART1_Handler                            0x240000f0   Data         128  usart.o(.bss)
    USART2_RX_BUF                            0x24000170   Data          20  usart.o(.bss)
    USART2_TX_BUF                            0x24000184   Data         160  usart.o(.bss)
    UART2_Handler                            0x24000224   Data         128  usart.o(.bss)
    byteArry                                 0x240002a4   Data          90  usart.o(.bss)
    TIM8_Handler                             0x24000300   Data          64  timer.o(.bss)
    TIM8_CH1Handler                          0x24000340   Data          28  timer.o(.bss)
    TIM1_Handler                             0x2400035c   Data          64  timer.o(.bss)
    sSlaveConfig                             0x2400039c   Data          20  timer.o(.bss)
    TIM1CH1_CAPTURE_VAL                      0x240003b0   Data          16  timer.o(.bss)
    TIM1CH1_CAPTURE_PerioVAL                 0x240003c0   Data          16  timer.o(.bss)
    ADC1_Handler                             0x240003d0   Data         100  adc.o(.bss)
    ADC3_Handler                             0x24000434   Data         100  adc.o(.bss)
    DAC1_Handler                             0x24000498   Data          20  dac.o(.bss)
    DACCH1_Config                            0x240004ac   Data          36  dac.o(.bss)
    DACCH2_Config                            0x240004d0   Data          36  dac.o(.bss)
    GPIO_Initure                             0x240004f4   Data          20  gpio.o(.bss)
    __libspace_start                         0x24000508   Data          96  libspace.o(.bss)
    __temporary_stack_top$libspace           0x24000568   Data           0  libspace.o(.bss)



==============================================================================

Memory Map of the image

  Image Entry point : 0x08000299

  Load Region LR_IROM1 (Base: 0x08000000, Size: 0x0000a028, Max: 0x00200000, ABSOLUTE)

    Execution Region ER_IROM1 (Base: 0x08000000, Size: 0x00009f4c, Max: 0x00200000, ABSOLUTE)

    Base Addr    Size         Type   Attr      Idx    E Section Name        Object

    0x08000000   0x00000298   Data   RO          690    RESET               startup_stm32h743xx.o
    0x08000298   0x00000008   Code   RO         5131  * !!!main             c_w.l(__main.o)
    0x080002a0   0x00000034   Code   RO         5309    !!!scatter          c_w.l(__scatter.o)
    0x080002d4   0x0000001a   Code   RO         5311    !!handler_copy      c_w.l(__scatter_copy.o)
    0x080002ee   0x00000002   PAD
    0x080002f0   0x0000001c   Code   RO         5313    !!handler_zi        c_w.l(__scatter_zi.o)
    0x0800030c   0x00000002   Code   RO         5181    .ARM.Collect$$libinit$$00000000  c_w.l(libinit.o)
    0x0800030e   0x00000004   Code   RO         5193    .ARM.Collect$$libinit$$00000001  c_w.l(libinit2.o)
    0x08000312   0x00000000   Code   RO         5196    .ARM.Collect$$libinit$$00000004  c_w.l(libinit2.o)
    0x08000312   0x00000000   Code   RO         5199    .ARM.Collect$$libinit$$0000000A  c_w.l(libinit2.o)
    0x08000312   0x00000000   Code   RO         5201    .ARM.Collect$$libinit$$0000000C  c_w.l(libinit2.o)
    0x08000312   0x00000000   Code   RO         5203    .ARM.Collect$$libinit$$0000000E  c_w.l(libinit2.o)
    0x08000312   0x00000000   Code   RO         5206    .ARM.Collect$$libinit$$00000011  c_w.l(libinit2.o)
    0x08000312   0x00000000   Code   RO         5208    .ARM.Collect$$libinit$$00000013  c_w.l(libinit2.o)
    0x08000312   0x00000000   Code   RO         5210    .ARM.Collect$$libinit$$00000015  c_w.l(libinit2.o)
    0x08000312   0x00000000   Code   RO         5212    .ARM.Collect$$libinit$$00000017  c_w.l(libinit2.o)
    0x08000312   0x00000000   Code   RO         5214    .ARM.Collect$$libinit$$00000019  c_w.l(libinit2.o)
    0x08000312   0x00000000   Code   RO         5216    .ARM.Collect$$libinit$$0000001B  c_w.l(libinit2.o)
    0x08000312   0x00000000   Code   RO         5218    .ARM.Collect$$libinit$$0000001D  c_w.l(libinit2.o)
    0x08000312   0x00000000   Code   RO         5220    .ARM.Collect$$libinit$$0000001F  c_w.l(libinit2.o)
    0x08000312   0x00000000   Code   RO         5222    .ARM.Collect$$libinit$$00000021  c_w.l(libinit2.o)
    0x08000312   0x00000000   Code   RO         5224    .ARM.Collect$$libinit$$00000023  c_w.l(libinit2.o)
    0x08000312   0x00000000   Code   RO         5226    .ARM.Collect$$libinit$$00000025  c_w.l(libinit2.o)
    0x08000312   0x00000000   Code   RO         5230    .ARM.Collect$$libinit$$0000002C  c_w.l(libinit2.o)
    0x08000312   0x00000000   Code   RO         5232    .ARM.Collect$$libinit$$0000002E  c_w.l(libinit2.o)
    0x08000312   0x00000000   Code   RO         5234    .ARM.Collect$$libinit$$00000030  c_w.l(libinit2.o)
    0x08000312   0x00000000   Code   RO         5236    .ARM.Collect$$libinit$$00000032  c_w.l(libinit2.o)
    0x08000312   0x00000002   Code   RO         5237    .ARM.Collect$$libinit$$00000033  c_w.l(libinit2.o)
    0x08000314   0x00000002   Code   RO         5263    .ARM.Collect$$libshutdown$$00000000  c_w.l(libshutdown.o)
    0x08000316   0x00000000   Code   RO         5292    .ARM.Collect$$libshutdown$$00000002  c_w.l(libshutdown2.o)
    0x08000316   0x00000000   Code   RO         5294    .ARM.Collect$$libshutdown$$00000004  c_w.l(libshutdown2.o)
    0x08000316   0x00000000   Code   RO         5297    .ARM.Collect$$libshutdown$$00000007  c_w.l(libshutdown2.o)
    0x08000316   0x00000000   Code   RO         5300    .ARM.Collect$$libshutdown$$0000000A  c_w.l(libshutdown2.o)
    0x08000316   0x00000000   Code   RO         5302    .ARM.Collect$$libshutdown$$0000000C  c_w.l(libshutdown2.o)
    0x08000316   0x00000000   Code   RO         5305    .ARM.Collect$$libshutdown$$0000000F  c_w.l(libshutdown2.o)
    0x08000316   0x00000002   Code   RO         5306    .ARM.Collect$$libshutdown$$00000010  c_w.l(libshutdown2.o)
    0x08000318   0x00000000   Code   RO         5133    .ARM.Collect$$rtentry$$00000000  c_w.l(__rtentry.o)
    0x08000318   0x00000000   Code   RO         5144    .ARM.Collect$$rtentry$$00000002  c_w.l(__rtentry2.o)
    0x08000318   0x00000006   Code   RO         5156    .ARM.Collect$$rtentry$$00000004  c_w.l(__rtentry4.o)
    0x0800031e   0x00000000   Code   RO         5146    .ARM.Collect$$rtentry$$00000009  c_w.l(__rtentry2.o)
    0x0800031e   0x00000004   Code   RO         5147    .ARM.Collect$$rtentry$$0000000A  c_w.l(__rtentry2.o)
    0x08000322   0x00000000   Code   RO         5149    .ARM.Collect$$rtentry$$0000000C  c_w.l(__rtentry2.o)
    0x08000322   0x00000008   Code   RO         5150    .ARM.Collect$$rtentry$$0000000D  c_w.l(__rtentry2.o)
    0x0800032a   0x00000002   Code   RO         5185    .ARM.Collect$$rtexit$$00000000  c_w.l(rtexit.o)
    0x0800032c   0x00000000   Code   RO         5239    .ARM.Collect$$rtexit$$00000002  c_w.l(rtexit2.o)
    0x0800032c   0x00000004   Code   RO         5240    .ARM.Collect$$rtexit$$00000003  c_w.l(rtexit2.o)
    0x08000330   0x00000006   Code   RO         5241    .ARM.Collect$$rtexit$$00000004  c_w.l(rtexit2.o)
    0x08000336   0x00000002   PAD
    0x08000338   0x00000040   Code   RO          691    .text               startup_stm32h743xx.o
    0x08000378   0x000000ee   Code   RO         5095    .text               c_w.l(lludivv7m.o)
    0x08000466   0x00000064   Code   RO         5127    .text               c_w.l(rt_memcpy_w.o)
    0x080004ca   0x00000006   Code   RO         5129    .text               c_w.l(heapauxi.o)
    0x080004d0   0x0000004a   Code   RO         5166    .text               c_w.l(sys_stackheap_outer.o)
    0x0800051a   0x00000012   Code   RO         5170    .text               c_w.l(exit.o)
    0x0800052c   0x00000008   Code   RO         5182    .text               c_w.l(libspace.o)
    0x08000534   0x0000005c   Code   RO         4778    i.ADC1_Init         adc.o
    0x08000590   0x00000098   Code   RO         4004    i.ADC_Disable       stm32h7xx_hal_adc.o
    0x08000628   0x000000a0   Code   RO         4005    i.ADC_Enable        stm32h7xx_hal_adc.o
    0x080006c8   0x00000048   Code   RO         4894    i.BinEOT_Init       gpio.o
    0x08000710   0x00000004   Code   RO          391    i.BusFault_Handler  stm32h7xx_it.o
    0x08000714   0x0000001c   Code   RO          738    i.Cache_Enable      sys.o
    0x08000730   0x000001b0   Code   RO            4    i.ChDutyCycle       main.o
    0x080008e0   0x0000010c   Code   RO            5    i.Connec            main.o
    0x080009ec   0x00000044   Code   RO         4839    i.DAC1CH1_Set_Cur   dac.o
    0x08000a30   0x0000004c   Code   RO         4840    i.DAC1CH1_Set_Vol   dac.o
    0x08000a7c   0x0000004c   Code   RO         4841    i.DAC1CH2_Set_Vol   dac.o
    0x08000ac8   0x00000054   Code   RO         4842    i.DAC1_Init         dac.o
    0x08000b1c   0x00000002   Code   RO          392    i.DebugMon_Handler  stm32h7xx_it.o
    0x08000b1e   0x00000002   PAD
    0x08000b20   0x000001e8   Code   RO            6    i.DecoFreq          main.o
    0x08000d08   0x000000f8   Code   RO         4895    i.Direct_MCUtoCH    gpio.o
    0x08000e00   0x00000258   Code   RO          611    i.Dps_FV            pmu_dps_fm_vi.o
    0x08001058   0x000001f4   Code   RO          612    i.Dps_MI            pmu_dps_fm_vi.o
    0x0800124c   0x000000d8   Code   RO            7    i.DriveCap          main.o
    0x08001324   0x00000084   Code   RO         4896    i.Fix               gpio.o
    0x080013a8   0x000000dc   Code   RO            8    i.Func              main.o
    0x08001484   0x000001f0   Code   RO         4897    i.GPIO_ALL_Init     gpio.o
    0x08001674   0x000001f0   Code   RO         4898    i.GPIO_Init_ExcBin  gpio.o
    0x08001864   0x000000a8   Code   RO         4900    i.GPIO_PinB_Reset   gpio.o
    0x0800190c   0x00000040   Code   RO         4901    i.GPIO_PinC_Reset   gpio.o
    0x0800194c   0x000000b0   Code   RO         4902    i.GPIO_PinD_Reset   gpio.o
    0x080019fc   0x000000a8   Code   RO         4903    i.GPIO_PinE_Reset   gpio.o
    0x08001aa4   0x00000064   Code   RO         4904    i.GPIO_PinF_Reset   gpio.o
    0x08001b08   0x00000058   Code   RO         4905    i.GPIO_PinG_Reset   gpio.o
    0x08001b60   0x00000088   Code   RO         4906    i.GPIO_PinI_Reset   gpio.o
    0x08001be8   0x00000040   Code   RO         4779    i.Get_Adc           adc.o
    0x08001c28   0x0000005c   Code   RO         4780    i.Get_Adc_Average   adc.o
    0x08001c84   0x000000bc   Code   RO         4190    i.HAL_ADCEx_Calibration_Start  stm32h7xx_hal_adc_ex.o
    0x08001d40   0x000006d8   Code   RO         4007    i.HAL_ADC_ConfigChannel  stm32h7xx_hal_adc.o
    0x08002418   0x00000008   Code   RO         4014    i.HAL_ADC_GetValue  stm32h7xx_hal_adc.o
    0x08002420   0x00000358   Code   RO         4016    i.HAL_ADC_Init      stm32h7xx_hal_adc.o
    0x08002778   0x000000a4   Code   RO         4782    i.HAL_ADC_MspInit   adc.o
    0x0800281c   0x000001ac   Code   RO         4020    i.HAL_ADC_PollForConversion  stm32h7xx_hal_adc.o
    0x080029c8   0x0000015c   Code   RO         4022    i.HAL_ADC_Start     stm32h7xx_hal_adc.o
    0x08002b24   0x0000014c   Code   RO         4385    i.HAL_DAC_ConfigChannel  stm32h7xx_hal_dac.o
    0x08002c70   0x00000028   Code   RO         4395    i.HAL_DAC_Init      stm32h7xx_hal_dac.o
    0x08002c98   0x00000064   Code   RO         4843    i.HAL_DAC_MspInit   dac.o
    0x08002cfc   0x0000002c   Code   RO         4398    i.HAL_DAC_SetValue  stm32h7xx_hal_dac.o
    0x08002d28   0x0000006c   Code   RO         4399    i.HAL_DAC_Start     stm32h7xx_hal_dac.o
    0x08002d94   0x000000f8   Code   RO         1364    i.HAL_DMA_Abort_IT  stm32h7xx_hal_dma.o
    0x08002e8c   0x00000028   Code   RO          902    i.HAL_Delay         stm32h7xx_hal.o
    0x08002eb4   0x00000014   Code   RO          911    i.HAL_EnableCompensationCell  stm32h7xx_hal.o
    0x08002ec8   0x00000184   Code   RO         1548    i.HAL_GPIO_DeInit   stm32h7xx_hal_gpio.o
    0x0800304c   0x0000024c   Code   RO         1551    i.HAL_GPIO_Init     stm32h7xx_hal_gpio.o
    0x08003298   0x00000010   Code   RO         1553    i.HAL_GPIO_ReadPin  stm32h7xx_hal_gpio.o
    0x080032a8   0x0000000a   Code   RO         1555    i.HAL_GPIO_WritePin  stm32h7xx_hal_gpio.o
    0x080032b2   0x00000002   PAD
    0x080032b4   0x0000000c   Code   RO          918    i.HAL_GetTick       stm32h7xx_hal.o
    0x080032c0   0x00000018   Code   RO          921    i.HAL_IncTick       stm32h7xx_hal.o
    0x080032d8   0x0000001c   Code   RO          922    i.HAL_Init          stm32h7xx_hal.o
    0x080032f4   0x0000004c   Code   RO          923    i.HAL_InitTick      stm32h7xx_hal.o
    0x08003340   0x00000002   Code   RO          510    i.HAL_MspInit       stm32h7xx_hal_msp.o
    0x08003342   0x00000002   PAD
    0x08003344   0x00000044   Code   RO         1215    i.HAL_NVIC_DisableIRQ  stm32h7xx_hal_cortex.o
    0x08003388   0x00000020   Code   RO         1216    i.HAL_NVIC_EnableIRQ  stm32h7xx_hal_cortex.o
    0x080033a8   0x0000007a   Code   RO         1222    i.HAL_NVIC_SetPriority  stm32h7xx_hal_cortex.o
    0x08003422   0x00000002   PAD
    0x08003424   0x00000028   Code   RO         1223    i.HAL_NVIC_SetPriorityGrouping  stm32h7xx_hal_cortex.o
    0x0800344c   0x00000038   Code   RO         2246    i.HAL_RCCEx_GetD1SysClockFreq  stm32h7xx_hal_rcc_ex.o
    0x08003484   0x0000002c   Code   RO         2247    i.HAL_RCCEx_GetD3PCLK1Freq  stm32h7xx_hal_rcc_ex.o
    0x080034b0   0x0000022c   Code   RO         2249    i.HAL_RCCEx_GetPLL2ClockFreq  stm32h7xx_hal_rcc_ex.o
    0x080036dc   0x0000022c   Code   RO         2250    i.HAL_RCCEx_GetPLL3ClockFreq  stm32h7xx_hal_rcc_ex.o
    0x08003908   0x00000b38   Code   RO         2254    i.HAL_RCCEx_PeriphCLKConfig  stm32h7xx_hal_rcc_ex.o
    0x08004440   0x00000250   Code   RO         2137    i.HAL_RCC_ClockConfig  stm32h7xx_hal_rcc.o
    0x08004690   0x00000038   Code   RO         2141    i.HAL_RCC_GetHCLKFreq  stm32h7xx_hal_rcc.o
    0x080046c8   0x0000002c   Code   RO         2143    i.HAL_RCC_GetPCLK1Freq  stm32h7xx_hal_rcc.o
    0x080046f4   0x0000002c   Code   RO         2144    i.HAL_RCC_GetPCLK2Freq  stm32h7xx_hal_rcc.o
    0x08004720   0x00000244   Code   RO         2145    i.HAL_RCC_GetSysClockFreq  stm32h7xx_hal_rcc.o
    0x08004964   0x000006c4   Code   RO         2148    i.HAL_RCC_OscConfig  stm32h7xx_hal_rcc.o
    0x08005028   0x00000028   Code   RO         1225    i.HAL_SYSTICK_CLKSourceConfig  stm32h7xx_hal_cortex.o
    0x08005050   0x00000034   Code   RO         1227    i.HAL_SYSTICK_Config  stm32h7xx_hal_cortex.o
    0x08005084   0x00000002   Code   RO         3741    i.HAL_TIMEx_BreakCallback  stm32h7xx_hal_tim_ex.o
    0x08005086   0x00000002   Code   RO         3742    i.HAL_TIMEx_CommutationCallback  stm32h7xx_hal_tim_ex.o
    0x08005088   0x00000ae8   Code   RO         4661    i.HAL_TIM_IC_CaptureCallback  timer.o
    0x08005b70   0x000000e0   Code   RO         3116    i.HAL_TIM_IC_ConfigChannel  stm32h7xx_hal_tim.o
    0x08005c50   0x00000046   Code   RO         3117    i.HAL_TIM_IC_DeInit  stm32h7xx_hal_tim.o
    0x08005c96   0x00000034   Code   RO         3119    i.HAL_TIM_IC_Init   stm32h7xx_hal_tim.o
    0x08005cca   0x00000002   PAD
    0x08005ccc   0x00000048   Code   RO         4662    i.HAL_TIM_IC_MspDeInit  timer.o
    0x08005d14   0x000000bc   Code   RO         4663    i.HAL_TIM_IC_MspInit  timer.o
    0x08005dd0   0x0000006c   Code   RO         3124    i.HAL_TIM_IC_Start_IT  stm32h7xx_hal_tim.o
    0x08005e3c   0x00000086   Code   RO         3127    i.HAL_TIM_IC_Stop_IT  stm32h7xx_hal_tim.o
    0x08005ec2   0x000001b8   Code   RO         3128    i.HAL_TIM_IRQHandler  stm32h7xx_hal_tim.o
    0x0800607a   0x00000002   Code   RO         3131    i.HAL_TIM_OC_DelayElapsedCallback  stm32h7xx_hal_tim.o
    0x0800607c   0x00000174   Code   RO         3152    i.HAL_TIM_PWM_ConfigChannel  stm32h7xx_hal_tim.o
    0x080061f0   0x00000046   Code   RO         3153    i.HAL_TIM_PWM_DeInit  stm32h7xx_hal_tim.o
    0x08006236   0x00000034   Code   RO         3155    i.HAL_TIM_PWM_Init  stm32h7xx_hal_tim.o
    0x0800626a   0x00000002   Code   RO         3156    i.HAL_TIM_PWM_MspDeInit  stm32h7xx_hal_tim.o
    0x0800626c   0x00000070   Code   RO         4664    i.HAL_TIM_PWM_MspInit  timer.o
    0x080062dc   0x00000002   Code   RO         3158    i.HAL_TIM_PWM_PulseFinishedCallback  stm32h7xx_hal_tim.o
    0x080062de   0x00000002   PAD
    0x080062e0   0x00000070   Code   RO         3159    i.HAL_TIM_PWM_Start  stm32h7xx_hal_tim.o
    0x08006350   0x00000260   Code   RO         4665    i.HAL_TIM_PeriodElapsedCallback  timer.o
    0x080065b0   0x00000054   Code   RO         3166    i.HAL_TIM_ReadCapturedValue  stm32h7xx_hal_tim.o
    0x08006604   0x00000056   Code   RO         3167    i.HAL_TIM_SlaveConfigSynchronization  stm32h7xx_hal_tim.o
    0x0800665a   0x00000002   Code   RO         3169    i.HAL_TIM_TriggerCallback  stm32h7xx_hal_tim.o
    0x0800665c   0x00000002   Code   RO         2760    i.HAL_UARTEx_WakeupCallback  stm32h7xx_hal_uart_ex.o
    0x0800665e   0x00000002   Code   RO         2424    i.HAL_UART_ErrorCallback  stm32h7xx_hal_uart.o
    0x08006660   0x00000014   Code   RO         2426    i.HAL_UART_GetState  stm32h7xx_hal_uart.o
    0x08006674   0x000001bc   Code   RO         2427    i.HAL_UART_IRQHandler  stm32h7xx_hal_uart.o
    0x08006830   0x00000078   Code   RO         2428    i.HAL_UART_Init     stm32h7xx_hal_uart.o
    0x080068a8   0x0000011c   Code   RO          801    i.HAL_UART_MspInit  usart.o
    0x080069c4   0x000000e0   Code   RO         2433    i.HAL_UART_Receive_IT  stm32h7xx_hal_uart.o
    0x08006aa4   0x0000012c   Code   RO          802    i.HAL_UART_RxCpltCallback  usart.o
    0x08006bd0   0x000000c6   Code   RO         2436    i.HAL_UART_Transmit  stm32h7xx_hal_uart.o
    0x08006c96   0x00000002   Code   RO         2439    i.HAL_UART_TxCpltCallback  stm32h7xx_hal_uart.o
    0x08006c98   0x00000004   Code   RO          393    i.HardFault_Handler  stm32h7xx_it.o
    0x08006c9c   0x000001ec   Code   RO         5034    i.IO_Data           data.o
    0x08006e88   0x000000c0   Code   RO            9    i.LeakCurr          main.o
    0x08006f48   0x00000004   Code   RO          394    i.MemManage_Handler  stm32h7xx_it.o
    0x08006f4c   0x00000002   Code   RO          395    i.NMI_Handler       stm32h7xx_it.o
    0x08006f4e   0x00000002   PAD
    0x08006f50   0x00000054   Code   RO         4907    i.PAInit_DeTIM1     gpio.o
    0x08006fa4   0x00000044   Code   RO         4908    i.PCInit_DeTIM8     gpio.o
    0x08006fe8   0x00000200   Code   RO         4909    i.PMU_FS            gpio.o
    0x080071e8   0x00000002   Code   RO          396    i.PendSV_Handler    stm32h7xx_it.o
    0x080071ea   0x00000002   PAD
    0x080071ec   0x00000160   Code   RO          613    i.Pmu_FI            pmu_dps_fm_vi.o
    0x0800734c   0x00000158   Code   RO          614    i.Pmu_FV            pmu_dps_fm_vi.o
    0x080074a4   0x00000144   Code   RO          615    i.Pmu_FV_Set        pmu_dps_fm_vi.o
    0x080075e8   0x000000d8   Code   RO          616    i.Pmu_MI            pmu_dps_fm_vi.o
    0x080076c0   0x000000d0   Code   RO          617    i.Pmu_MV            pmu_dps_fm_vi.o
    0x08007790   0x00000140   Code   RO         4910    i.PullUp            gpio.o
    0x080078d0   0x0000012c   Code   RO          618    i.Pull_Set          pmu_dps_fm_vi.o
    0x080079fc   0x00000048   Code   RO           10    i.QuiesCurr         main.o
    0x08007a44   0x00000130   Code   RO         2257    i.RCCEx_PLL2_Config  stm32h7xx_hal_rcc_ex.o
    0x08007b74   0x00000130   Code   RO         2258    i.RCCEx_PLL3_Config  stm32h7xx_hal_rcc_ex.o
    0x08007ca4   0x0000009c   Code   RO          741    i.SCB_EnableDCache  sys.o
    0x08007d40   0x0000007c   Code   RO          742    i.SCB_EnableICache  sys.o
    0x08007dbc   0x00000002   Code   RO          397    i.SVC_Handler       stm32h7xx_it.o
    0x08007dbe   0x00000002   PAD
    0x08007dc0   0x0000008c   Code   RO         4911    i.SetBin            gpio.o
    0x08007e4c   0x00000048   Code   RO          620    i.SetDpsR           pmu_dps_fm_vi.o
    0x08007e94   0x000000fc   Code   RO         4912    i.SetDutR           gpio.o
    0x08007f90   0x000000f8   Code   RO          743    i.Stm32_Clock_Init  sys.o
    0x08008088   0x00000008   Code   RO          398    i.SysTick_Handler   stm32h7xx_it.o
    0x08008090   0x00000094   Code   RO          473    i.SystemInit        system_stm32h7xx.o
    0x08008124   0x00000010   Code   RO         4666    i.TIM1_CC_IRQHandler  timer.o
    0x08008134   0x0000009c   Code   RO         4667    i.TIM1_Cap_DeInit   timer.o
    0x080081d0   0x000001b0   Code   RO         4668    i.TIM1_Cap_Init     timer.o
    0x08008380   0x00000018   Code   RO         4669    i.TIM8CH1_PWM       timer.o
    0x08008398   0x00000054   Code   RO         4670    i.TIM8CH1_PWM_Init  timer.o
    0x080083ec   0x00000010   Code   RO         4671    i.TIM8_CC_IRQHandler  timer.o
    0x080083fc   0x000000b4   Code   RO          546    i.TIM8_CH2_PeriodCheck  periodcheck.o
    0x080084b0   0x000000b4   Code   RO          547    i.TIM8_CH3_PeriodCheck  periodcheck.o
    0x08008564   0x000000b4   Code   RO          548    i.TIM8_CH4_PeriodCheck  periodcheck.o
    0x08008618   0x0000006c   Code   RO         4672    i.TIM8_Cap_DeInit   timer.o
    0x08008684   0x00000164   Code   RO         4673    i.TIM8_Cap_Init     timer.o
    0x080087e8   0x000000cc   Code   RO         3170    i.TIM_Base_SetConfig  stm32h7xx_hal_tim.o
    0x080088b4   0x0000001c   Code   RO         3171    i.TIM_CCxChannelCmd  stm32h7xx_hal_tim.o
    0x080088d0   0x00000018   Code   RO         3177    i.TIM_ETR_SetConfig  stm32h7xx_hal_tim.o
    0x080088e8   0x000000b0   Code   RO         3179    i.TIM_OC1_SetConfig  stm32h7xx_hal_tim.o
    0x08008998   0x000000bc   Code   RO         3180    i.TIM_OC2_SetConfig  stm32h7xx_hal_tim.o
    0x08008a54   0x000000b4   Code   RO         3181    i.TIM_OC3_SetConfig  stm32h7xx_hal_tim.o
    0x08008b08   0x00000078   Code   RO         3182    i.TIM_OC4_SetConfig  stm32h7xx_hal_tim.o
    0x08008b80   0x00000070   Code   RO         3183    i.TIM_OC5_SetConfig  stm32h7xx_hal_tim.o
    0x08008bf0   0x00000074   Code   RO         3184    i.TIM_OC6_SetConfig  stm32h7xx_hal_tim.o
    0x08008c64   0x0000000c   Code   RO         4675    i.TIM_SetTIM8Compare1  timer.o
    0x08008c70   0x000000ac   Code   RO         3185    i.TIM_SlaveTimer_SetConfig  stm32h7xx_hal_tim.o
    0x08008d1c   0x0000002a   Code   RO         3186    i.TIM_TI1_ConfigInputStage  stm32h7xx_hal_tim.o
    0x08008d46   0x00000002   PAD
    0x08008d48   0x00000094   Code   RO         3187    i.TIM_TI1_SetConfig  stm32h7xx_hal_tim.o
    0x08008ddc   0x0000002c   Code   RO         3188    i.TIM_TI2_ConfigInputStage  stm32h7xx_hal_tim.o
    0x08008e08   0x0000003e   Code   RO         3189    i.TIM_TI2_SetConfig  stm32h7xx_hal_tim.o
    0x08008e46   0x0000003c   Code   RO         3190    i.TIM_TI3_SetConfig  stm32h7xx_hal_tim.o
    0x08008e82   0x00000040   Code   RO         3191    i.TIM_TI4_SetConfig  stm32h7xx_hal_tim.o
    0x08008ec2   0x000000ea   Code   RO         2441    i.UART_AdvFeatureConfig  stm32h7xx_hal_uart.o
    0x08008fac   0x00000074   Code   RO         2442    i.UART_CheckIdleState  stm32h7xx_hal_uart.o
    0x08009020   0x00000018   Code   RO         2443    i.UART_DMAAbortOnError  stm32h7xx_hal_uart.o
    0x08009038   0x00000020   Code   RO         2453    i.UART_EndRxTransfer  stm32h7xx_hal_uart.o
    0x08009058   0x00000020   Code   RO         2454    i.UART_EndTransmit_IT  stm32h7xx_hal_uart.o
    0x08009078   0x0000008a   Code   RO         2456    i.UART_Receive_IT   stm32h7xx_hal_uart.o
    0x08009102   0x00000002   PAD
    0x08009104   0x000009a4   Code   RO         2457    i.UART_SetConfig    stm32h7xx_hal_uart.o
    0x08009aa8   0x00000082   Code   RO         2458    i.UART_Transmit_IT  stm32h7xx_hal_uart.o
    0x08009b2a   0x0000006c   Code   RO         2459    i.UART_WaitOnFlagUntilTimeout  stm32h7xx_hal_uart.o
    0x08009b96   0x00000002   PAD
    0x08009b98   0x00000050   Code   RO          803    i.USART1_IRQHandler  usart.o
    0x08009be8   0x00000050   Code   RO          804    i.USART2_IRQHandler  usart.o
    0x08009c38   0x00000004   Code   RO          399    i.UsageFault_Handler  stm32h7xx_it.o
    0x08009c3c   0x00000058   Code   RO          805    i.Usart2_Data_Requst  usart.o
    0x08009c94   0x00000010   Code   RO         1229    i.__NVIC_GetPriorityGrouping  stm32h7xx_hal_cortex.o
    0x08009ca4   0x00000028   Code   RO         1230    i.__NVIC_SetPriority  stm32h7xx_hal_cortex.o
    0x08009ccc   0x00000004   Code   RO          806    i._sys_exit         usart.o
    0x08009cd0   0x00000014   Code   RO          698    i.delay_init        delay.o
    0x08009ce4   0x00000018   Code   RO          699    i.delay_ms          delay.o
    0x08009cfc   0x00000048   Code   RO          700    i.delay_us          delay.o
    0x08009d44   0x00000134   Code   RO           11    i.main              main.o
    0x08009e78   0x00000038   Code   RO          808    i.uart2_init        usart.o
    0x08009eb0   0x0000000a   Code   RO         5251    x$fpl$fpinit        fz_wv.l(fpinit.o)
    0x08009eba   0x00000040   Data   RO          474    .constdata          system_stm32h7xx.o
    0x08009efa   0x00000030   Data   RO         2460    .constdata          stm32h7xx_hal_uart.o
    0x08009f2a   0x00000002   PAD
    0x08009f2c   0x00000020   Data   RO         5307    Region$$Table       anon$$obj.o


    Execution Region RW_IRAM1 (Base: 0x20000000, Size: 0x00000000, Max: 0x00020000, ABSOLUTE)

    **** No section assigned to this execution region ****


    Execution Region RW_IRAM2 (Base: 0x24000000, Size: 0x00000b68, Max: 0x00080000, ABSOLUTE)

    Base Addr    Size         Type   Attr      Idx    E Section Name        Object

    0x24000000   0x00000004   Data   RW           13    .data               main.o
    0x24000004   0x00000008   Data   RW          475    .data               system_stm32h7xx.o
    0x2400000c   0x00000004   PAD
    0x24000010   0x00000070   Data   RW          550    .data               periodcheck.o
    0x24000080   0x00000004   Data   RW          702    .data               delay.o
    0x24000084   0x00000010   Data   RW          812    .data               usart.o
    0x24000094   0x00000009   Data   RW          945    .data               stm32h7xx_hal.o
    0x2400009d   0x00000003   PAD
    0x240000a0   0x00000031   Data   RW         4678    .data               timer.o
    0x240000d1   0x00000001   Data   RW         4915    .data               gpio.o
    0x240000d2   0x00000002   PAD
    0x240000d4   0x00000006   Data   RW         5036    .data               data.o
    0x240000da   0x00000002   PAD
    0x240000dc   0x00000222   Zero   RW          810    .bss                usart.o
    0x240002fe   0x00000002   PAD
    0x24000300   0x000000d0   Zero   RW         4676    .bss                timer.o
    0x240003d0   0x000000c8   Zero   RW         4784    .bss                adc.o
    0x24000498   0x0000005c   Zero   RW         4844    .bss                dac.o
    0x240004f4   0x00000014   Zero   RW         4913    .bss                gpio.o
    0x24000508   0x00000060   Zero   RW         5183    .bss                c_w.l(libspace.o)
    0x24000568   0x00000200   Zero   RW          689    HEAP                startup_stm32h743xx.o
    0x24000768   0x00000400   Zero   RW          688    STACK               startup_stm32h743xx.o


==============================================================================

Image component sizes


      Code (inc. data)   RO Data    RW Data    ZI Data      Debug   Object Name

       412         20          0          0        200       3414   adc.o
       404         68          0          0         92       3803   dac.o
       492         18          0          6          0       1875   data.o
       116          8          0          4          0       2035   delay.o
      3720        256          0          1         20      12579   gpio.o
      2196        200          0          4          0    1260897   main.o
       540         84          0        112          0       2959   periodcheck.o
      2916         82          0          0          0       7720   pmu_dps_fm_vi.o
        64         26        664          0       1536        832   startup_stm32h743xx.o
       200         36          0          9          0       4655   stm32h7xx_hal.o
      3704        116          0          0          0       8361   stm32h7xx_hal_adc.o
       188          0          0          0          0       1682   stm32h7xx_hal_adc_ex.o
       410         28          0          0          0      40183   stm32h7xx_hal_cortex.o
       524          6          0          0          0       3766   stm32h7xx_hal_dac.o
       248         12          0          0          0       2087   stm32h7xx_hal_dma.o
      1002        104          0          0          0       4097   stm32h7xx_hal_gpio.o
         2          0          0          0          0        454   stm32h7xx_hal_msp.o
      3048         86          0          0          0       6028   stm32h7xx_hal_rcc.o
      4692        118          0          0          0       7459   stm32h7xx_hal_rcc_ex.o
      3552        232          0          0          0      24607   stm32h7xx_hal_tim.o
         4          0          0          0          0       1738   stm32h7xx_hal_tim_ex.o
      4292        140         48          0          0      13976   stm32h7xx_hal_uart.o
         2          0          0          0          0        980   stm32h7xx_hal_uart_ex.o
        32          0          0          0          0       4122   stm32h7xx_it.o
       556         30          0          0          0      37337   sys.o
       148         18         64          8          0       1262   system_stm32h7xx.o
      4976        322          0         49        208      12854   timer.o
       892        106          0         16        546       6801   usart.o

    ----------------------------------------------------------------------
     39356       2116        810        220       2604    1478563   Object Totals
         0          0         32          0          0          0   (incl. Generated)
        24          0          2         11          2          0   (incl. Padding)

    ----------------------------------------------------------------------

      Code (inc. data)   RO Data    RW Data    ZI Data      Debug   Library Member Name

         8          0          0          0          0         68   __main.o
         0          0          0          0          0          0   __rtentry.o
        12          0          0          0          0          0   __rtentry2.o
         6          0          0          0          0          0   __rtentry4.o
        52          8          0          0          0          0   __scatter.o
        26          0          0          0          0          0   __scatter_copy.o
        28          0          0          0          0          0   __scatter_zi.o
        18          0          0          0          0         80   exit.o
         6          0          0          0          0        152   heapauxi.o
         2          0          0          0          0          0   libinit.o
         6          0          0          0          0          0   libinit2.o
         2          0          0          0          0          0   libshutdown.o
         2          0          0          0          0          0   libshutdown2.o
         8          4          0          0         96         68   libspace.o
       238          0          0          0          0        100   lludivv7m.o
       100          0          0          0          0         80   rt_memcpy_w.o
         2          0          0          0          0          0   rtexit.o
        10          0          0          0          0          0   rtexit2.o
        74          0          0          0          0         80   sys_stackheap_outer.o
        10          0          0          0          0        116   fpinit.o

    ----------------------------------------------------------------------
       614         12          0          0         96        744   Library Totals
         4          0          0          0          0          0   (incl. Padding)

    ----------------------------------------------------------------------

      Code (inc. data)   RO Data    RW Data    ZI Data      Debug   Library Name

       600         12          0          0         96        628   c_w.l
        10          0          0          0          0        116   fz_wv.l

    ----------------------------------------------------------------------
       614         12          0          0         96        744   Library Totals

    ----------------------------------------------------------------------

==============================================================================


      Code (inc. data)   RO Data    RW Data    ZI Data      Debug   

     39970       2128        810        220       2700    1461651   Grand Totals
     39970       2128        810        220       2700    1461651   ELF Image Totals
     39970       2128        810        220          0          0   ROM Totals

==============================================================================

    Total RO  Size (Code + RO Data)                40780 (  39.82kB)
    Total RW  Size (RW Data + ZI Data)              2920 (   2.85kB)
    Total ROM Size (Code + RO Data + RW Data)      41000 (  40.04kB)

==============================================================================

